Archive member included because of file (symbol)

C:\Users\user\AppData\Local\arduino15\packages\arduino\hardware\sam\1.6.11\variants\arduino_due_x/libsam_sam3x8e_gcc_rel.a(pio.o)
                              C:\Users\user\AppData\Local\Temp\VMBuilds\MidiMixerMono\arduino_due_x\Release\variant\variant.cpp.o (PIO_Configure)
C:\Users\user\AppData\Local\arduino15\packages\arduino\hardware\sam\1.6.11\variants\arduino_due_x/libsam_sam3x8e_gcc_rel.a(pmc.o)
                              C:\Users\user\AppData\Local\Temp\VMBuilds\MidiMixerMono\arduino_due_x\Release\variant\variant.cpp.o (pmc_enable_periph_clk)
C:\Users\user\AppData\Local\arduino15\packages\arduino\hardware\sam\1.6.11\variants\arduino_due_x/libsam_sam3x8e_gcc_rel.a(system_sam3xa.o)
                              C:\Users\user\AppData\Local\Temp\VMBuilds\MidiMixerMono\arduino_due_x\Release\variant\variant.cpp.o (SystemInit)
C:\Users\user\AppData\Local\arduino15\packages\arduino\hardware\sam\1.6.11\variants\arduino_due_x/libsam_sam3x8e_gcc_rel.a(startup_sam3xa.o)
                              (Reset_Handler)
C:\Users\user\AppData\Local\arduino15\packages\arduino\hardware\sam\1.6.11\variants\arduino_due_x/libsam_sam3x8e_gcc_rel.a(adc.o)
                              C:\Users\user\AppData\Local\Temp\VMBuilds\MidiMixerMono\arduino_due_x\Release\variant\variant.cpp.o (adc_init)
C:\Users\user\AppData\Local\arduino15\packages\arduino\hardware\sam\1.6.11\variants\arduino_due_x/libsam_sam3x8e_gcc_rel.a(uotghs.o)
                              C:\Users\user\AppData\Local\arduino15\packages\arduino\hardware\sam\1.6.11\variants\arduino_due_x/libsam_sam3x8e_gcc_rel.a(startup_sam3xa.o) (UOTGHS_Handler)
C:\Users\user\AppData\Local\Temp\VMBuilds\MidiMixerMono\arduino_due_x\Release/core.a(cortex_handlers.c.o)
                              C:\Users\user\AppData\Local\arduino15\packages\arduino\hardware\sam\1.6.11\variants\arduino_due_x/libsam_sam3x8e_gcc_rel.a(startup_sam3xa.o) (NMI_Handler)
C:\Users\user\AppData\Local\Temp\VMBuilds\MidiMixerMono\arduino_due_x\Release/core.a(hooks.c.o)
                              C:\Users\user\AppData\Local\Temp\VMBuilds\MidiMixerMono\arduino_due_x\Release/core.a(cortex_handlers.c.o) (sysTickHook)
C:\Users\user\AppData\Local\Temp\VMBuilds\MidiMixerMono\arduino_due_x\Release/core.a(syscalls_sam3.c.o)
                              (_sbrk)
C:\Users\user\AppData\Local\Temp\VMBuilds\MidiMixerMono\arduino_due_x\Release/core.a(WInterrupts.c.o)
                              C:\Users\user\AppData\Local\Temp\VMBuilds\MidiMixerMono\arduino_due_x\Release\MidiMixerMono.cpp.o (attachInterrupt)
C:\Users\user\AppData\Local\Temp\VMBuilds\MidiMixerMono\arduino_due_x\Release/core.a(wiring.c.o)
                              C:\Users\user\AppData\Local\Temp\VMBuilds\MidiMixerMono\arduino_due_x\Release\MidiMixerMono.cpp.o (millis)
C:\Users\user\AppData\Local\Temp\VMBuilds\MidiMixerMono\arduino_due_x\Release/core.a(wiring_analog.c.o)
                              C:\Users\user\AppData\Local\Temp\VMBuilds\MidiMixerMono\arduino_due_x\Release\variant\variant.cpp.o (analogOutputInit)
C:\Users\user\AppData\Local\Temp\VMBuilds\MidiMixerMono\arduino_due_x\Release/core.a(wiring_digital.c.o)
                              C:\Users\user\AppData\Local\Temp\VMBuilds\MidiMixerMono\arduino_due_x\Release\MidiMixerMono.cpp.o (pinMode)
C:\Users\user\AppData\Local\Temp\VMBuilds\MidiMixerMono\arduino_due_x\Release/core.a(abi.cpp.o)
                              C:\Users\user\AppData\Local\Temp\VMBuilds\MidiMixerMono\arduino_due_x\Release\MIDIUSB\MIDIUSB.cpp.o (__cxa_pure_virtual)
C:\Users\user\AppData\Local\Temp\VMBuilds\MidiMixerMono\arduino_due_x\Release/core.a(main.cpp.o)
                              c:/users/user/appdata/local/arduino15/packages/arduino/tools/arm-none-eabi-gcc/4.8.3-2014q1/bin/../lib/gcc/arm-none-eabi/4.8.3/../../../../arm-none-eabi/lib/armv7-m/crt0.o (main)
C:\Users\user\AppData\Local\Temp\VMBuilds\MidiMixerMono\arduino_due_x\Release/core.a(Print.cpp.o)
                              C:\Users\user\AppData\Local\Temp\VMBuilds\MidiMixerMono\arduino_due_x\Release\MidiMixerMono.cpp.o (Print::println(String const&))
C:\Users\user\AppData\Local\Temp\VMBuilds\MidiMixerMono\arduino_due_x\Release/core.a(Reset.cpp.o)
                              C:\Users\user\AppData\Local\Temp\VMBuilds\MidiMixerMono\arduino_due_x\Release/core.a(cortex_handlers.c.o) (tickReset)
C:\Users\user\AppData\Local\Temp\VMBuilds\MidiMixerMono\arduino_due_x\Release/core.a(RingBuffer.cpp.o)
                              C:\Users\user\AppData\Local\Temp\VMBuilds\MidiMixerMono\arduino_due_x\Release\variant\variant.cpp.o (RingBuffer::RingBuffer())
C:\Users\user\AppData\Local\Temp\VMBuilds\MidiMixerMono\arduino_due_x\Release/core.a(UARTClass.cpp.o)
                              C:\Users\user\AppData\Local\Temp\VMBuilds\MidiMixerMono\arduino_due_x\Release\variant\variant.cpp.o (UARTClass::available())
[...]
Memory Configuration

Name             Origin             Length             Attributes
rom              0x00080000         0x00080000         xr
sram0            0x20000000         0x00010000         xrw
sram1            0x20080000         0x00008000         xrw
ram              0x20070000         0x00018000         xrw
*default*        0x00000000         0xffffffff

Linker script and memory map

LOAD c:/users/user/appdata/local/arduino15/packages/arduino/tools/arm-none-eabi-gcc/4.8.3-2014q1/bin/../lib/gcc/arm-none-eabi/4.8.3/armv7-m/crti.o
LOAD c:/users/user/appdata/local/arduino15/packages/arduino/tools/arm-none-eabi-gcc/4.8.3-2014q1/bin/../lib/gcc/arm-none-eabi/4.8.3/armv7-m/crtbegin.o
LOAD c:/users/user/appdata/local/arduino15/packages/arduino/tools/arm-none-eabi-gcc/4.8.3-2014q1/bin/../lib/gcc/arm-none-eabi/4.8.3/../../../../arm-none-eabi/lib/armv7-m/crt0.o
START GROUP
LOAD C:\Users\user\AppData\Local\Temp\VMBuilds\MidiMixerMono\arduino_due_x\Release\MidiMixerMono.cpp.o
LOAD C:\Users\user\AppData\Local\Temp\VMBuilds\MidiMixerMono\arduino_due_x\Release\MIDIUSB\MIDIUSB.cpp.o
LOAD C:\Users\user\AppData\Local\Temp\VMBuilds\MidiMixerMono\arduino_due_x\Release\variant\variant.cpp.o
LOAD C:\Users\user\AppData\Local\arduino15\packages\arduino\hardware\sam\1.6.11\variants\arduino_due_x/libsam_sam3x8e_gcc_rel.a
LOAD C:\Users\user\AppData\Local\Temp\VMBuilds\MidiMixerMono\arduino_due_x\Release/core.a
END GROUP
LOAD c:/users/user/appdata/local/arduino15/packages/arduino/tools/arm-none-eabi-gcc/4.8.3-2014q1/bin/../lib/gcc/arm-none-eabi/4.8.3/../../../../arm-none-eabi/lib/armv7-m\libm.a
START GROUP
LOAD c:/users/user/appdata/local/arduino15/packages/arduino/tools/arm-none-eabi-gcc/4.8.3-2014q1/bin/../lib/gcc/arm-none-eabi/4.8.3/armv7-m\libgcc.a
LOAD c:/users/user/appdata/local/arduino15/packages/arduino/tools/arm-none-eabi-gcc/4.8.3-2014q1/bin/../lib/gcc/arm-none-eabi/4.8.3/../../../../arm-none-eabi/lib/armv7-m\libg.a
LOAD c:/users/user/appdata/local/arduino15/packages/arduino/tools/arm-none-eabi-gcc/4.8.3-2014q1/bin/../lib/gcc/arm-none-eabi/4.8.3/../../../../arm-none-eabi/lib/armv7-m\libc.a
END GROUP
LOAD c:/users/user/appdata/local/arduino15/packages/arduino/tools/arm-none-eabi-gcc/4.8.3-2014q1/bin/../lib/gcc/arm-none-eabi/4.8.3/armv7-m/crtend.o
LOAD c:/users/user/appdata/local/arduino15/packages/arduino/tools/arm-none-eabi-gcc/4.8.3-2014q1/bin/../lib/gcc/arm-none-eabi/4.8.3/armv7-m/crtn.o

.text           0x00080000     0x65f0
                0x00080000                . = ALIGN (0x4)
                0x00080000                _sfixed = .
 *(.vectors .vectors.*)
 .vectors       0x00080000       0xf4 C:\Users\user\AppData\Local\arduino15\packages\arduino\hardware\sam\1.6.11\variants\arduino_due_x/libsam_sam3x8e_gcc_rel.a(startup_sam3xa.o)
                0x00080000                exception_table
 *(.text .text.* .gnu.linkonce.t.*)
 .text          0x000800f4       0x54 c:/users/user/appdata/local/arduino15/packages/arduino/tools/arm-none-eabi-gcc/4.8.3-2014q1/bin/../lib/gcc/arm-none-eabi/4.8.3/armv7-m/crtbegin.o
 .text._Z8shiftISRv
                0x00080148       0x1c C:\Users\user\AppData\Local\Temp\VMBuilds\MidiMixerMono\arduino_due_x\Release\MidiMixerMono.cpp.o
                0x00080148                shiftISR()
 .text._Z28rotaryValGenerateMidiMessagePi
                0x00080164       0x38 C:\Users\user\AppData\Local\Temp\VMBuilds\MidiMixerMono\arduino_due_x\Release\MidiMixerMono.cpp.o
                0x00080164                rotaryValGenerateMidiMessage(int*)
 .text._Z14rotaryGetStateii
                0x0008019c       0x42 C:\Users\user\AppData\Local\Temp\VMBuilds\MidiMixerMono\arduino_due_x\Release\MidiMixerMono.cpp.o
                0x0008019c                rotaryGetState(int, int)
 *fill*         0x000801de        0x2 
 .text._Z22rotaryValueUpdateStatePVi
                0x000801e0       0x7c C:\Users\user\AppData\Local\Temp\VMBuilds\MidiMixerMono\arduino_due_x\Release\MidiMixerMono.cpp.o
                0x000801e0                rotaryValueUpdateState(int volatile*)
 .text._Z18buttonGenerateMidiPi
                0x0008025c       0x90 C:\Users\user\AppData\Local\Temp\VMBuilds\MidiMixerMono\arduino_due_x\Release\MidiMixerMono.cpp.o
                0x0008025c                buttonGenerateMidi(int*)
 .text._Z14buttonGetStatei
                0x000802ec       0x10 C:\Users\user\AppData\Local\Temp\VMBuilds\MidiMixerMono\arduino_due_x\Release\MidiMixerMono.cpp.o
                0x000802ec                buttonGetState(int)
 .text._Z17buttonUpdateStatePVi
                0x000802fc       0x3c C:\Users\user\AppData\Local\Temp\VMBuilds\MidiMixerMono\arduino_due_x\Release\MidiMixerMono.cpp.o
                0x000802fc                buttonUpdateState(int volatile*)
 .text._Z8ledFlashi
                0x00080338       0x26 C:\Users\user\AppData\Local\Temp\VMBuilds\MidiMixerMono\arduino_due_x\Release\MidiMixerMono.cpp.o
                0x00080338                ledFlash(int)
 *fill*         0x0008035e        0x2 
 .text.loop     0x00080360      0x154 C:\Users\user\AppData\Local\Temp\VMBuilds\MidiMixerMono\arduino_due_x\Release\MidiMixerMono.cpp.o
                0x00080360                loop
 .text._Z21updatePageRotaryStatei
                0x000804b4       0xf4 C:\Users\user\AppData\Local\Temp\VMBuilds\MidiMixerMono\arduino_due_x\Release\MidiMixerMono.cpp.o
                0x000804b4                updatePageRotaryState(int)
 .text._Z15pageEncoder1ISRv
                0x000805a8       0x10 C:\Users\user\AppData\Local\Temp\VMBuilds\MidiMixerMono\arduino_due_x\Release\MidiMixerMono.cpp.o
                0x000805a8                pageEncoder1ISR()
 .text._Z15pageEncoder2ISRv
                0x000805b8       0x10 C:\Users\user\AppData\Local\Temp\VMBuilds\MidiMixerMono\arduino_due_x\Release\MidiMixerMono.cpp.o
                0x000805b8                pageEncoder2ISR()
 .text._Z15pageEncoder3ISRv
                0x000805c8       0x10 C:\Users\user\AppData\Local\Temp\VMBuilds\MidiMixerMono\arduino_due_x\Release\MidiMixerMono.cpp.o
                0x000805c8                pageEncoder3ISR()
 .text._Z15pageEncoder4ISRv
                0x000805d8       0x10 C:\Users\user\AppData\Local\Temp\VMBuilds\MidiMixerMono\arduino_due_x\Release\MidiMixerMono.cpp.o
                0x000805d8                pageEncoder4ISR()
 .text._Z21updatePageButtonStatei
                0x000805e8       0xf8 C:\Users\user\AppData\Local\Temp\VMBuilds\MidiMixerMono\arduino_due_x\Release\MidiMixerMono.cpp.o
                0x000805e8                updatePageButtonState(int)
 .text._Z14pageButton1ISRv
                0x000806e0       0x28 C:\Users\user\AppData\Local\Temp\VMBuilds\MidiMixerMono\arduino_due_x\Release\MidiMixerMono.cpp.o
                0x000806e0                pageButton1ISR()
 .text._Z14pageButton2ISRv
                0x00080708       0x28 C:\Users\user\AppData\Local\Temp\VMBuilds\MidiMixerMono\arduino_due_x\Release\MidiMixerMono.cpp.o
                0x00080708                pageButton2ISR()
 .text._Z14pageButton3ISRv
                0x00080730       0x28 C:\Users\user\AppData\Local\Temp\VMBuilds\MidiMixerMono\arduino_due_x\Release\MidiMixerMono.cpp.o
                0x00080730                pageButton3ISR()
 .text._Z14pageButton4ISRv
                0x00080758       0x28 C:\Users\user\AppData\Local\Temp\VMBuilds\MidiMixerMono\arduino_due_x\Release\MidiMixerMono.cpp.o
                0x00080758                pageButton4ISR()
 .text.setup    0x00080780      0x1d4 C:\Users\user\AppData\Local\Temp\VMBuilds\MidiMixerMono\arduino_due_x\Release\MidiMixerMono.cpp.o
                0x00080780                setup
 .text._ZN5MIDI_5setupER8USBSetup
                0x00080954        0x4 C:\Users\user\AppData\Local\Temp\VMBuilds\MidiMixerMono\arduino_due_x\Release\MIDIUSB\MIDIUSB.cpp.o
                0x00080954                MIDI_::setup(USBSetup&)
 .text._ZN5MIDI_13getDescriptorER8USBSetup
                0x00080958        0x4 C:\Users\user\AppData\Local\Temp\VMBuilds\MidiMixerMono\arduino_due_x\Release\MIDIUSB\MIDIUSB.cpp.o
                0x00080958                MIDI_::getDescriptor(USBSetup&)
 .text._ZN5MIDI_12getInterfaceEPh
                0x0008095c      0x18e C:\Users\user\AppData\Local\Temp\VMBuilds\MidiMixerMono\arduino_due_x\Release\MIDIUSB\MIDIUSB.cpp.o
                0x0008095c                MIDI_::getInterface(unsigned char*)
 *fill*         0x00080aea        0x2 
 .text._ZN5MIDI_12getShortNameEPc
                0x00080aec       0x10 C:\Users\user\AppData\Local\Temp\VMBuilds\MidiMixerMono\arduino_due_x\Release\MIDIUSB\MIDIUSB.cpp.o
                0x00080aec                MIDI_::getShortName(char*)
 .text._ZN5MIDI_5flushEv
                0x00080afc        0x8 C:\Users\user\AppData\Local\Temp\VMBuilds\MidiMixerMono\arduino_due_x\Release\MIDIUSB\MIDIUSB.cpp.o
                0x00080afc                MIDI_::flush()
 .text._ZN5MIDI_5writeEPKhj
                0x00080b04       0x20 C:\Users\user\AppData\Local\Temp\VMBuilds\MidiMixerMono\arduino_due_x\Release\MIDIUSB\MIDIUSB.cpp.o
                0x00080b04                MIDI_::write(unsigned char const*, unsigned int)
 .text._ZN5MIDI_8sendMIDIE17midiEventPacket_t
                0x00080b24       0x2c C:\Users\user\AppData\Local\Temp\VMBuilds\MidiMixerMono\arduino_due_x\Release\MIDIUSB\MIDIUSB.cpp.o
                0x00080b24                MIDI_::sendMIDI(midiEventPacket_t)
 .text._ZN5MIDI_C2Ev
                0x00080b50       0x38 C:\Users\user\AppData\Local\Temp\VMBuilds\MidiMixerMono\arduino_due_x\Release\MIDIUSB\MIDIUSB.cpp.o
                0x00080b50                MIDI_::MIDI_()
                0x00080b50                MIDI_::MIDI_()
 .text.startup._GLOBAL__sub_I_midi_rx_buffer
                0x00080b88        0xc C:\Users\user\AppData\Local\Temp\VMBuilds\MidiMixerMono\arduino_due_x\Release\MIDIUSB\MIDIUSB.cpp.o
 .text._Z11serialEventv
                0x00080b94        0x2 C:\Users\user\AppData\Local\Temp\VMBuilds\MidiMixerMono\arduino_due_x\Release\variant\variant.cpp.o
                0x00080b94                serialEvent()
 *fill*         0x00080b96        0x2 
 .text.UART_Handler
                0x00080b98        0xc C:\Users\user\AppData\Local\Temp\VMBuilds\MidiMixerMono\arduino_due_x\Release\variant\variant.cpp.o
                0x00080b98                UART_Handler
 .text._Z12serialEvent1v
                0x00080ba4        0x2 C:\Users\user\AppData\Local\Temp\VMBuilds\MidiMixerMono\arduino_due_x\Release\variant\variant.cpp.o
                0x00080ba4                serialEvent1()
 .text._Z12serialEvent2v
                0x00080ba6        0x2 C:\Users\user\AppData\Local\Temp\VMBuilds\MidiMixerMono\arduino_due_x\Release\variant\variant.cpp.o
                0x00080ba6                serialEvent2()
 .text._Z12serialEvent3v
                0x00080ba8        0x2 C:\Users\user\AppData\Local\Temp\VMBuilds\MidiMixerMono\arduino_due_x\Release\variant\variant.cpp.o
                0x00080ba8                serialEvent3()
 *fill*         0x00080baa        0x2 
 .text.USART0_Handler
                0x00080bac        0xc C:\Users\user\AppData\Local\Temp\VMBuilds\MidiMixerMono\arduino_due_x\Release\variant\variant.cpp.o
                0x00080bac                USART0_Handler
 .text.USART1_Handler
                0x00080bb8        0xc C:\Users\user\AppData\Local\Temp\VMBuilds\MidiMixerMono\arduino_due_x\Release\variant\variant.cpp.o
                0x00080bb8                USART1_Handler
 .text.USART3_Handler
                0x00080bc4        0xc C:\Users\user\AppData\Local\Temp\VMBuilds\MidiMixerMono\arduino_due_x\Release\variant\variant.cpp.o
                0x00080bc4                USART3_Handler
 .text.init     0x00080bd0      0x128 C:\Users\user\AppData\Local\Temp\VMBuilds\MidiMixerMono\arduino_due_x\Release\variant\variant.cpp.o
                0x00080bd0                init
 .text.startup._GLOBAL__sub_I_g_APinDescription
                0x00080cf8       0xd4 C:\Users\user\AppData\Local\Temp\VMBuilds\MidiMixerMono\arduino_due_x\Release\variant\variant.cpp.o
 .text._Z14serialEventRunv
                0x00080dcc       0x44 C:\Users\user\AppData\Local\Temp\VMBuilds\MidiMixerMono\arduino_due_x\Release\variant\variant.cpp.o
                0x00080dcc                serialEventRun()
 .text.PIO_PullUp
                0x00080e10        0xa C:\Users\user\AppData\Local\arduino15\packages\arduino\hardware\sam\1.6.11\variants\arduino_due_x/libsam_sam3x8e_gcc_rel.a(pio.o)
                0x00080e10                PIO_PullUp
 .text.PIO_Get  0x00080e1a       0x14 C:\Users\user\AppData\Local\arduino15\packages\arduino\hardware\sam\1.6.11\variants\arduino_due_x/libsam_sam3x8e_gcc_rel.a(pio.o)
                0x00080e1a                PIO_Get
 .text.PIO_SetPeripheral
                0x00080e2e       0x26 C:\Users\user\AppData\Local\arduino15\packages\arduino\hardware\sam\1.6.11\variants\arduino_due_x/libsam_sam3x8e_gcc_rel.a(pio.o)
                0x00080e2e                PIO_SetPeripheral
 .text.PIO_SetInput
                0x00080e54       0x26 C:\Users\user\AppData\Local\arduino15\packages\arduino\hardware\sam\1.6.11\variants\arduino_due_x/libsam_sam3x8e_gcc_rel.a(pio.o)
                0x00080e54                PIO_SetInput
 .text.PIO_SetOutput
                0x00080e7a       0x24 C:\Users\user\AppData\Local\arduino15\packages\arduino\hardware\sam\1.6.11\variants\arduino_due_x/libsam_sam3x8e_gcc_rel.a(pio.o)
                0x00080e7a                PIO_SetOutput
 *fill*         0x00080e9e        0x2 
 .text.PIO_Configure
                0x00080ea0       0x64 C:\Users\user\AppData\Local\arduino15\packages\arduino\hardware\sam\1.6.11\variants\arduino_due_x/libsam_sam3x8e_gcc_rel.a(pio.o)
                0x00080ea0                PIO_Configure
 .text.PIO_GetOutputDataStatus
                0x00080f04       0x14 C:\Users\user\AppData\Local\arduino15\packages\arduino\hardware\sam\1.6.11\variants\arduino_due_x/libsam_sam3x8e_gcc_rel.a(pio.o)
                0x00080f04                PIO_GetOutputDataStatus
 .text.pmc_enable_upll_clock
                0x00080f18       0x14 C:\Users\user\AppData\Local\arduino15\packages\arduino\hardware\sam\1.6.11\variants\arduino_due_x/libsam_sam3x8e_gcc_rel.a(pmc.o)
                0x00080f18                pmc_enable_upll_clock
 .text.pmc_enable_periph_clk
                0x00080f2c       0x44 C:\Users\user\AppData\Local\arduino15\packages\arduino\hardware\sam\1.6.11\variants\arduino_due_x/libsam_sam3x8e_gcc_rel.a(pmc.o)
                0x00080f2c                pmc_enable_periph_clk
 .text.pmc_disable_periph_clk
                0x00080f70       0x40 C:\Users\user\AppData\Local\arduino15\packages\arduino\hardware\sam\1.6.11\variants\arduino_due_x/libsam_sam3x8e_gcc_rel.a(pmc.o)
                0x00080f70                pmc_disable_periph_clk
 .text.pmc_switch_udpck_to_upllck
                0x00080fb0       0x14 C:\Users\user\AppData\Local\arduino15\packages\arduino\hardware\sam\1.6.11\variants\arduino_due_x/libsam_sam3x8e_gcc_rel.a(pmc.o)
                0x00080fb0                pmc_switch_udpck_to_upllck
 .text.pmc_enable_udpck
                0x00080fc4        0xc C:\Users\user\AppData\Local\arduino15\packages\arduino\hardware\sam\1.6.11\variants\arduino_due_x/libsam_sam3x8e_gcc_rel.a(pmc.o)
                0x00080fc4                pmc_enable_udpck
 .text.SystemInit
                0x00080fd0       0x88 C:\Users\user\AppData\Local\arduino15\packages\arduino\hardware\sam\1.6.11\variants\arduino_due_x/libsam_sam3x8e_gcc_rel.a(system_sam3xa.o)
                0x00080fd0                SystemInit
 .text.Reset_Handler
                0x00081058       0x78 C:\Users\user\AppData\Local\arduino15\packages\arduino\hardware\sam\1.6.11\variants\arduino_due_x/libsam_sam3x8e_gcc_rel.a(startup_sam3xa.o)
                0x00081058                Reset_Handler
 .text.adc_init
                0x000810d0       0x98 C:\Users\user\AppData\Local\arduino15\packages\arduino\hardware\sam\1.6.11\variants\arduino_due_x/libsam_sam3x8e_gcc_rel.a(adc.o)
                0x000810d0                adc_init
 .text.adc_configure_trigger
                0x00081168        0xe C:\Users\user\AppData\Local\arduino15\packages\arduino\hardware\sam\1.6.11\variants\arduino_due_x/libsam_sam3x8e_gcc_rel.a(adc.o)
                0x00081168                adc_configure_trigger
 .text.adc_configure_timing
                0x00081176       0x1a C:\Users\user\AppData\Local\arduino15\packages\arduino\hardware\sam\1.6.11\variants\arduino_due_x/libsam_sam3x8e_gcc_rel.a(adc.o)
                0x00081176                adc_configure_timing
 .text.adc_disable_channel
                0x00081190        0xa C:\Users\user\AppData\Local\arduino15\packages\arduino\hardware\sam\1.6.11\variants\arduino_due_x/libsam_sam3x8e_gcc_rel.a(adc.o)
                0x00081190                adc_disable_channel
 .text.adc_disable_all_channel
                0x0008119a        0x8 C:\Users\user\AppData\Local\arduino15\packages\arduino\hardware\sam\1.6.11\variants\arduino_due_x/libsam_sam3x8e_gcc_rel.a(adc.o)
                0x0008119a                adc_disable_all_channel
 .text.adc_disable_interrupt
                0x000811a2        0x4 C:\Users\user\AppData\Local\arduino15\packages\arduino\hardware\sam\1.6.11\variants\arduino_due_x/libsam_sam3x8e_gcc_rel.a(adc.o)
                0x000811a2                adc_disable_interrupt
 *fill*         0x000811a6        0x2 
 .text.UOTGHS_Handler
                0x000811a8       0x10 C:\Users\user\AppData\Local\arduino15\packages\arduino\hardware\sam\1.6.11\variants\arduino_due_x/libsam_sam3x8e_gcc_rel.a(uotghs.o)
                0x000811a8                UOTGHS_Handler
 .text.__halt   0x000811b8        0x2 C:\Users\user\AppData\Local\Temp\VMBuilds\MidiMixerMono\arduino_due_x\Release/core.a(cortex_handlers.c.o)
                0x000811b8                DACC_Handler
                0x000811b8                DebugMon_Handler
                0x000811b8                DMAC_Handler
                0x000811b8                TRNG_Handler
                0x000811b8                HardFault_Handler
                0x000811b8                TC2_Handler
                0x000811b8                TWI1_Handler
                0x000811b8                NMI_Handler
                0x000811b8                TC7_Handler
                0x000811b8                ADC_Handler
                0x000811b8                SMC_Handler
                0x000811b8                RTT_Handler
                0x000811b8                EFC1_Handler
                0x000811b8                RTC_Handler
                0x000811b8                UsageFault_Handler
                0x000811b8                TC6_Handler
                0x000811b8                WDT_Handler
                0x000811b8                CAN0_Handler
                0x000811b8                TC4_Handler
                0x000811b8                TC1_Handler
                0x000811b8                HSMCI_Handler
                0x000811b8                TC3_Handler
                0x000811b8                TWI0_Handler
                0x000811b8                SSC_Handler
                0x000811b8                EFC0_Handler
                0x000811b8                PMC_Handler
                0x000811b8                PWM_Handler
                0x000811b8                CAN1_Handler
                0x000811b8                MemManage_Handler
                0x000811b8                SUPC_Handler
                0x000811b8                TC8_Handler
                0x000811b8                USART2_Handler
                0x000811b8                EMAC_Handler
                0x000811b8                BusFault_Handler
                0x000811b8                RSTC_Handler
                0x000811b8                TC0_Handler
                0x000811b8                TC5_Handler
                0x000811b8                SPI0_Handler
 .text.SVC_Handler
                0x000811ba        0x4 C:\Users\user\AppData\Local\Temp\VMBuilds\MidiMixerMono\arduino_due_x\Release/core.a(cortex_handlers.c.o)
                0x000811ba                SVC_Handler
 .text.PendSV_Handler
                0x000811be        0x4 C:\Users\user\AppData\Local\Temp\VMBuilds\MidiMixerMono\arduino_due_x\Release/core.a(cortex_handlers.c.o)
                0x000811be                PendSV_Handler
 .text.SysTick_Handler
                0x000811c2       0x16 C:\Users\user\AppData\Local\Temp\VMBuilds\MidiMixerMono\arduino_due_x\Release/core.a(cortex_handlers.c.o)
                0x000811c2                SysTick_Handler
 .text.__empty  0x000811d8        0x2 C:\Users\user\AppData\Local\Temp\VMBuilds\MidiMixerMono\arduino_due_x\Release/core.a(hooks.c.o)
                0x000811d8                yield
 .text.__false  0x000811da        0x4 C:\Users\user\AppData\Local\Temp\VMBuilds\MidiMixerMono\arduino_due_x\Release/core.a(hooks.c.o)
                0x000811da                sysTickHook
 .text.__halt   0x000811de        0x2 C:\Users\user\AppData\Local\Temp\VMBuilds\MidiMixerMono\arduino_due_x\Release/core.a(hooks.c.o)
                0x000811de                svcHook
                0x000811de                pendSVHook
 .text._sbrk    0x000811e0       0x1c C:\Users\user\AppData\Local\Temp\VMBuilds\MidiMixerMono\arduino_due_x\Release/core.a(syscalls_sam3.c.o)
                0x000811e0                _sbrk
 .text.link     0x000811fc        0x6 C:\Users\user\AppData\Local\Temp\VMBuilds\MidiMixerMono\arduino_due_x\Release/core.a(syscalls_sam3.c.o)
                0x000811fc                link
 .text._close   0x00081202        0x6 C:\Users\user\AppData\Local\Temp\VMBuilds\MidiMixerMono\arduino_due_x\Release/core.a(syscalls_sam3.c.o)
                0x00081202                _close
 .text._fstat   0x00081208        0xa C:\Users\user\AppData\Local\Temp\VMBuilds\MidiMixerMono\arduino_due_x\Release/core.a(syscalls_sam3.c.o)
                0x00081208                _fstat
 .text._isatty  0x00081212        0x4 C:\Users\user\AppData\Local\Temp\VMBuilds\MidiMixerMono\arduino_due_x\Release/core.a(syscalls_sam3.c.o)
                0x00081212                _isatty
 .text._lseek   0x00081216        0x4 C:\Users\user\AppData\Local\Temp\VMBuilds\MidiMixerMono\arduino_due_x\Release/core.a(syscalls_sam3.c.o)
                0x00081216                _lseek
 .text._read    0x0008121a        0x4 C:\Users\user\AppData\Local\Temp\VMBuilds\MidiMixerMono\arduino_due_x\Release/core.a(syscalls_sam3.c.o)
                0x0008121a                _read
 *fill*         0x0008121e        0x2 
 .text._write   0x00081220       0x24 C:\Users\user\AppData\Local\Temp\VMBuilds\MidiMixerMono\arduino_due_x\Release/core.a(syscalls_sam3.c.o)
                0x00081220                _write
 .text._exit    0x00081244       0x10 C:\Users\user\AppData\Local\Temp\VMBuilds\MidiMixerMono\arduino_due_x\Release/core.a(syscalls_sam3.c.o)
                0x00081244                _exit
 .text._kill    0x00081254        0x2 C:\Users\user\AppData\Local\Temp\VMBuilds\MidiMixerMono\arduino_due_x\Release/core.a(syscalls_sam3.c.o)
                0x00081254                _kill
 .text._getpid  0x00081256        0x6 C:\Users\user\AppData\Local\Temp\VMBuilds\MidiMixerMono\arduino_due_x\Release/core.a(syscalls_sam3.c.o)
                0x00081256                _getpid
 .text.attachInterrupt
                0x0008125c      0x148 C:\Users\user\AppData\Local\Temp\VMBuilds\MidiMixerMono\arduino_due_x\Release/core.a(WInterrupts.c.o)
                0x0008125c                attachInterrupt
 .text.PIOA_Handler
                0x000813a4       0x38 C:\Users\user\AppData\Local\Temp\VMBuilds\MidiMixerMono\arduino_due_x\Release/core.a(WInterrupts.c.o)
                0x000813a4                PIOA_Handler
 .text.PIOB_Handler
                0x000813dc       0x38 C:\Users\user\AppData\Local\Temp\VMBuilds\MidiMixerMono\arduino_due_x\Release/core.a(WInterrupts.c.o)
                0x000813dc                PIOB_Handler
 .text.PIOC_Handler
                0x00081414       0x38 C:\Users\user\AppData\Local\Temp\VMBuilds\MidiMixerMono\arduino_due_x\Release/core.a(WInterrupts.c.o)
                0x00081414                PIOC_Handler
 .text.PIOD_Handler
                0x0008144c       0x38 C:\Users\user\AppData\Local\Temp\VMBuilds\MidiMixerMono\arduino_due_x\Release/core.a(WInterrupts.c.o)
                0x0008144c                PIOD_Handler
 .text.millis   0x00081484        0x4 C:\Users\user\AppData\Local\Temp\VMBuilds\MidiMixerMono\arduino_due_x\Release/core.a(wiring.c.o)
                0x00081484                millis
 .text.delay    0x00081488       0x1c C:\Users\user\AppData\Local\Temp\VMBuilds\MidiMixerMono\arduino_due_x\Release/core.a(wiring.c.o)
                0x00081488                delay
 .text.analogOutputInit
                0x000814a4        0x2 C:\Users\user\AppData\Local\Temp\VMBuilds\MidiMixerMono\arduino_due_x\Release/core.a(wiring_analog.c.o)
                0x000814a4                analogOutputInit
 *fill*         0x000814a6        0x2 
 .text.pinMode  0x000814a8      0x108 C:\Users\user\AppData\Local\Temp\VMBuilds\MidiMixerMono\arduino_due_x\Release/core.a(wiring_digital.c.o)
                0x000814a8                pinMode
 .text.digitalWrite
                0x000815b0       0x70 C:\Users\user\AppData\Local\Temp\VMBuilds\MidiMixerMono\arduino_due_x\Release/core.a(wiring_digital.c.o)
                0x000815b0                digitalWrite
 .text.digitalRead
                0x00081620       0x44 C:\Users\user\AppData\Local\Temp\VMBuilds\MidiMixerMono\arduino_due_x\Release/core.a(wiring_digital.c.o)
                0x00081620                digitalRead
 .text.initVariant
                0x00081664        0x2 C:\Users\user\AppData\Local\Temp\VMBuilds\MidiMixerMono\arduino_due_x\Release/core.a(main.cpp.o)
                0x00081664                initVariant
 *fill*         0x00081666        0x2 
 .text.startup.main
                0x00081668       0x38 C:\Users\user\AppData\Local\Temp\VMBuilds\MidiMixerMono\arduino_due_x\Release/core.a(main.cpp.o)
                0x00081668                main
 .text._ZN5Print5writeEPKhj
                0x000816a0       0x22 C:\Users\user\AppData\Local\Temp\VMBuilds\MidiMixerMono\arduino_due_x\Release/core.a(Print.cpp.o)
                0x000816a0                Print::write(unsigned char const*, unsigned int)
 .text._ZN5Print5writeEPKc
                0x000816c2       0x1e C:\Users\user\AppData\Local\Temp\VMBuilds\MidiMixerMono\arduino_due_x\Release/core.a(Print.cpp.o)
                0x000816c2                Print::write(char const*)
 .text._ZN5Print5printERK6String
                0x000816e0       0x10 C:\Users\user\AppData\Local\Temp\VMBuilds\MidiMixerMono\arduino_due_x\Release/core.a(Print.cpp.o)
                0x000816e0                Print::print(String const&)
 .text._ZN5Print7printlnEv
                0x000816f0       0x10 C:\Users\user\AppData\Local\Temp\VMBuilds\MidiMixerMono\arduino_due_x\Release/core.a(Print.cpp.o)
                0x000816f0                Print::println()
 .text._ZN5Print7printlnERK6String
                0x00081700       0x14 C:\Users\user\AppData\Local\Temp\VMBuilds\MidiMixerMono\arduino_due_x\Release/core.a(Print.cpp.o)
                0x00081700                Print::println(String const&)
 .text.initiateReset
                0x00081714        0xc C:\Users\user\AppData\Local\Temp\VMBuilds\MidiMixerMono\arduino_due_x\Release/core.a(Reset.cpp.o)
                0x00081714                initiateReset
 .text.cancelReset
                0x00081720       0x10 C:\Users\user\AppData\Local\Temp\VMBuilds\MidiMixerMono\arduino_due_x\Release/core.a(Reset.cpp.o)
                0x00081720                cancelReset
 .text.tickReset
                0x00081730       0x20 C:\Users\user\AppData\Local\Temp\VMBuilds\MidiMixerMono\arduino_due_x\Release/core.a(Reset.cpp.o)
                0x00081730                tickReset
 .text._ZN10RingBufferC2Ev
                0x00081750       0x1a C:\Users\user\AppData\Local\Temp\VMBuilds\MidiMixerMono\arduino_due_x\Release/core.a(RingBuffer.cpp.o)
                0x00081750                RingBuffer::RingBuffer()
                0x00081750                RingBuffer::RingBuffer()
 .text._ZN10RingBuffer10store_charEh
                0x0008176a       0x1e C:\Users\user\AppData\Local\Temp\VMBuilds\MidiMixerMono\arduino_due_x\Release/core.a(RingBuffer.cpp.o)
                0x0008176a                RingBuffer::store_char(unsigned char)
 .text._ZN9UARTClasscvbEv
                0x00081788        0x4 C:\Users\user\AppData\Local\Temp\VMBuilds\MidiMixerMono\arduino_due_x\Release/core.a(UARTClass.cpp.o)
                0x00081788                UARTClass::operator bool()
 .text._ZN9UARTClass9availableEv
                0x0008178c       0x12 C:\Users\user\AppData\Local\Temp\VMBuilds\MidiMixerMono\arduino_due_x\Release/core.a(UARTClass.cpp.o)
                0x0008178c                UARTClass::available()
 .text._ZN9UARTClass4peekEv
                0x0008179e       0x1c C:\Users\user\AppData\Local\Temp\VMBuilds\MidiMixerMono\arduino_due_x\Release/core.a(UARTClass.cpp.o)
                0x0008179e                UARTClass::peek()
 .text._ZN9UARTClass4readEv
                0x000817ba       0x2a C:\Users\user\AppData\Local\Temp\VMBuilds\MidiMixerMono\arduino_due_x\Release/core.a(UARTClass.cpp.o)
                0x000817ba                UARTClass::read()
 .text._ZN9UARTClass5flushEv
                0x000817e4       0x18 C:\Users\user\AppData\Local\Temp\VMBuilds\MidiMixerMono\arduino_due_x\Release/core.a(UARTClass.cpp.o)
                0x000817e4                UARTClass::flush()
 .text._ZN9UARTClass5writeEh
                0x000817fc       0x54 C:\Users\user\AppData\Local\Temp\VMBuilds\MidiMixerMono\arduino_due_x\Release/core.a(UARTClass.cpp.o)
                0x000817fc                UARTClass::write(unsigned char)
 .text._ZN9UARTClass3endEv
                0x00081850       0x3c C:\Users\user\AppData\Local\Temp\VMBuilds\MidiMixerMono\arduino_due_x\Release/core.a(UARTClass.cpp.o)
                0x00081850                UARTClass::end()
 .text._ZN9UARTClassC2EP4Uart4IRQnmP10RingBufferS4_
                0x0008188c       0x24 C:\Users\user\AppData\Local\Temp\VMBuilds\MidiMixerMono\arduino_due_x\Release/core.a(UARTClass.cpp.o)
                0x0008188c                UARTClass::UARTClass(Uart*, IRQn, unsigned long, RingBuffer*, RingBuffer*)
                0x0008188c                UARTClass::UARTClass(Uart*, IRQn, unsigned long, RingBuffer*, RingBuffer*)
 .text._ZN9UARTClass4initEmm
                0x000818b0       0x70 C:\Users\user\AppData\Local\Temp\VMBuilds\MidiMixerMono\arduino_due_x\Release/core.a(UARTClass.cpp.o)
                0x000818b0                UARTClass::init(unsigned long, unsigned long)
 .text._ZN9UARTClass5beginEm
                0x00081920        0x8 C:\Users\user\AppData\Local\Temp\VMBuilds\MidiMixerMono\arduino_due_x\Release/core.a(UARTClass.cpp.o)
                0x00081920                UARTClass::begin(unsigned long)
 .text._ZN9UARTClass10IrqHandlerEv
                0x00081928       0x5a C:\Users\user\AppData\Local\Temp\VMBuilds\MidiMixerMono\arduino_due_x\Release/core.a(UARTClass.cpp.o)
                0x00081928                UARTClass::IrqHandler()
 .text._ZN10USARTClass5beginEm
                0x00081982        0x8 C:\Users\user\AppData\Local\Temp\VMBuilds\MidiMixerMono\arduino_due_x\Release/core.a(USARTClass.cpp.o)
                0x00081982                USARTClass::begin(unsigned long)
 *fill*         0x0008198a        0x2 
 .text._ZN10USARTClassC2EP5Usart4IRQnmP10RingBufferS4_
                0x0008198c       0x24 C:\Users\user\AppData\Local\Temp\VMBuilds\MidiMixerMono\arduino_due_x\Release/core.a(USARTClass.cpp.o)
                0x0008198c                USARTClass::USARTClass(Usart*, IRQn, unsigned long, RingBuffer*, RingBuffer*)
                0x0008198c                USARTClass::USARTClass(Usart*, IRQn, unsigned long, RingBuffer*, RingBuffer*)
 .text._watchdogDefaultSetup
                0x000819b0        0xc C:\Users\user\AppData\Local\Temp\VMBuilds\MidiMixerMono\arduino_due_x\Release/core.a(watchdog.cpp.o)
                0x000819b0                _watchdogDefaultSetup
                0x000819b0                watchdogSetup()
 .text._ZN6StringD2Ev
                0x000819bc        0xe C:\Users\user\AppData\Local\Temp\VMBuilds\MidiMixerMono\arduino_due_x\Release/core.a(WString.cpp.o)
                0x000819bc                String::~String()
                0x000819bc                String::~String()
 .text._ZN6String10invalidateEv
                0x000819ca       0x16 C:\Users\user\AppData\Local\Temp\VMBuilds\MidiMixerMono\arduino_due_x\Release/core.a(WString.cpp.o)
                0x000819ca                String::invalidate()
 .text._ZN6String12changeBufferEj
                0x000819e0       0x18 C:\Users\user\AppData\Local\Temp\VMBuilds\MidiMixerMono\arduino_due_x\Release/core.a(WString.cpp.o)
                0x000819e0                String::changeBuffer(unsigned int)
 .text._ZN6String7reserveEj
                0x000819f8       0x22 C:\Users\user\AppData\Local\Temp\VMBuilds\MidiMixerMono\arduino_due_x\Release/core.a(WString.cpp.o)
                0x000819f8                String::reserve(unsigned int)
 .text._ZN6String4copyEPKcj
                0x00081a1a       0x26 C:\Users\user\AppData\Local\Temp\VMBuilds\MidiMixerMono\arduino_due_x\Release/core.a(WString.cpp.o)
                0x00081a1a                String::copy(char const*, unsigned int)
 .text._ZN6StringaSERKS_
                0x00081a40       0x1e C:\Users\user\AppData\Local\Temp\VMBuilds\MidiMixerMono\arduino_due_x\Release/core.a(WString.cpp.o)
                0x00081a40                String::operator=(String const&)
 .text._ZN6StringC2ERKS_
                0x00081a5e       0x14 C:\Users\user\AppData\Local\Temp\VMBuilds\MidiMixerMono\arduino_due_x\Release/core.a(WString.cpp.o)
                0x00081a5e                String::String(String const&)
                0x00081a5e                String::String(String const&)
 .text._ZN6StringaSEPKc
                0x00081a72       0x22 C:\Users\user\AppData\Local\Temp\VMBuilds\MidiMixerMono\arduino_due_x\Release/core.a(WString.cpp.o)
                0x00081a72                String::operator=(char const*)
 .text._ZN6StringC2Eih
                0x00081a94       0x24 C:\Users\user\AppData\Local\Temp\VMBuilds\MidiMixerMono\arduino_due_x\Release/core.a(WString.cpp.o)
                0x00081a94                String::String(int, unsigned char)
                0x00081a94                String::String(int, unsigned char)
 .text._ZN6String6concatEPKcj
                0x00081ab8       0x2e C:\Users\user\AppData\Local\Temp\VMBuilds\MidiMixerMono\arduino_due_x\Release/core.a(WString.cpp.o)
                0x00081ab8                String::concat(char const*, unsigned int)
 .text._ZplRK15StringSumHelperRK6String
                0x00081ae6       0x1a C:\Users\user\AppData\Local\Temp\VMBuilds\MidiMixerMono\arduino_due_x\Release/core.a(WString.cpp.o)
                0x00081ae6                operator+(StringSumHelper const&, String const&)
 .text._ZplRK15StringSumHelperPKc
                0x00081b00       0x24 C:\Users\user\AppData\Local\Temp\VMBuilds\MidiMixerMono\arduino_due_x\Release/core.a(WString.cpp.o)
                0x00081b00                operator+(StringSumHelper const&, char const*)
 .text._ZN13PluggableUSB_12getInterfaceEPh
                0x00081b24       0x28 C:\Users\user\AppData\Local\Temp\VMBuilds\MidiMixerMono\arduino_due_x\Release/core.a(PluggableUSB.cpp.o)
                0x00081b24                PluggableUSB_::getInterface(unsigned char*)
 .text._ZN13PluggableUSB_13getDescriptorER8USBSetup
                0x00081b4c       0x1c C:\Users\user\AppData\Local\Temp\VMBuilds\MidiMixerMono\arduino_due_x\Release/core.a(PluggableUSB.cpp.o)
                0x00081b4c                PluggableUSB_::getDescriptor(USBSetup&)
 .text._ZN13PluggableUSB_12getShortNameEPc
                0x00081b68       0x1c C:\Users\user\AppData\Local\Temp\VMBuilds\MidiMixerMono\arduino_due_x\Release/core.a(PluggableUSB.cpp.o)
                0x00081b68                PluggableUSB_::getShortName(char*)
 .text._ZN13PluggableUSB_5setupER8USBSetup
                0x00081b84       0x20 C:\Users\user\AppData\Local\Temp\VMBuilds\MidiMixerMono\arduino_due_x\Release/core.a(PluggableUSB.cpp.o)
                0x00081b84                PluggableUSB_::setup(USBSetup&)
 .text._ZN13PluggableUSB_4plugEP18PluggableUSBModule
                0x00081ba4       0x60 C:\Users\user\AppData\Local\Temp\VMBuilds\MidiMixerMono\arduino_due_x\Release/core.a(PluggableUSB.cpp.o)
                0x00081ba4                PluggableUSB_::plug(PluggableUSBModule*)
 .text._Z12PluggableUSBv
                0x00081c04       0x28 C:\Users\user\AppData\Local\Temp\VMBuilds\MidiMixerMono\arduino_due_x\Release/core.a(PluggableUSB.cpp.o)
                0x00081c04                PluggableUSB()
 .text.unlikely._ZL11USB_SendZlpv
                0x00081c2c       0x20 C:\Users\user\AppData\Local\Temp\VMBuilds\MidiMixerMono\arduino_due_x\Release/core.a(USBCore.cpp.o)
 .text._Z14USBD_Availablem
                0x00081c4c       0x2c C:\Users\user\AppData\Local\Temp\VMBuilds\MidiMixerMono\arduino_due_x\Release/core.a(USBCore.cpp.o)
                0x00081c4c                USBD_Available(unsigned long)
 .text._Z9USBD_RecvmPvm
                0x00081c78       0x7c C:\Users\user\AppData\Local\Temp\VMBuilds\MidiMixerMono\arduino_due_x\Release/core.a(USBCore.cpp.o)
                0x00081c78                USBD_Recv(unsigned long, void*, unsigned long)
 .text._Z9USBD_Recvm
                0x00081cf4       0x22 C:\Users\user\AppData\Local\Temp\VMBuilds\MidiMixerMono\arduino_due_x\Release/core.a(USBCore.cpp.o)
                0x00081cf4                USBD_Recv(unsigned long)
 *fill*         0x00081d16        0x2 
 .text._Z9USBD_SendmPKvm
                0x00081d18       0x4c C:\Users\user\AppData\Local\Temp\VMBuilds\MidiMixerMono\arduino_due_x\Release/core.a(USBCore.cpp.o)
                0x00081d18                USBD_Send(unsigned long, void const*, unsigned long)
 .text._Z16USBD_SendControlhPKvm
                0x00081d64       0x40 C:\Users\user\AppData\Local\Temp\VMBuilds\MidiMixerMono\arduino_due_x\Release/core.a(USBCore.cpp.o)
                0x00081d64                USBD_SendControl(unsigned char, void const*, unsigned long)
 .text.unlikely._ZL24USB_SendStringDescriptorPKhi
                0x00081da4       0x64 C:\Users\user\AppData\Local\Temp\VMBuilds\MidiMixerMono\arduino_due_x\Release/core.a(USBCore.cpp.o)
 .text._Z16USBD_RecvControlPvm
                0x00081e08       0x1c C:\Users\user\AppData\Local\Temp\VMBuilds\MidiMixerMono\arduino_due_x\Release/core.a(USBCore.cpp.o)
                0x00081e08                USBD_RecvControl(void*, unsigned long)
 .text._Z26USBD_ClassInterfaceRequestR8USBSetup
                0x00081e24       0x1e C:\Users\user\AppData\Local\Temp\VMBuilds\MidiMixerMono\arduino_due_x\Release/core.a(USBCore.cpp.o)
                0x00081e24                USBD_ClassInterfaceRequest(USBSetup&)
 .text._Z19USBD_SendInterfacesv
                0x00081e42       0x22 C:\Users\user\AppData\Local\Temp\VMBuilds\MidiMixerMono\arduino_due_x\Release/core.a(USBCore.cpp.o)
                0x00081e42                USBD_SendInterfaces()
 .text._Z24USBD_SendOtherInterfacesv
                0x00081e64       0x22 C:\Users\user\AppData\Local\Temp\VMBuilds\MidiMixerMono\arduino_due_x\Release/core.a(USBCore.cpp.o)
                0x00081e64                USBD_SendOtherInterfaces()
 .text._Z10USBD_Flushm
                0x00081e86       0x16 C:\Users\user\AppData\Local\Temp\VMBuilds\MidiMixerMono\arduino_due_x\Release/core.a(USBCore.cpp.o)
                0x00081e86                USBD_Flush(unsigned long)
 .text._ZN10USBDevice_C2Ev
                0x00081e9c       0x24 C:\Users\user\AppData\Local\Temp\VMBuilds\MidiMixerMono\arduino_due_x\Release/core.a(USBCore.cpp.o)
                0x00081e9c                USBDevice_::USBDevice_()
                0x00081e9c                USBDevice_::USBDevice_()
 .text._ZN10USBDevice_6attachEv
                0x00081ec0       0x20 C:\Users\user\AppData\Local\Temp\VMBuilds\MidiMixerMono\arduino_due_x\Release/core.a(USBCore.cpp.o)
                0x00081ec0                USBDevice_::attach()
 .text.startup._GLOBAL__sub_I_EndPoints
                0x00081ee0        0xc C:\Users\user\AppData\Local\Temp\VMBuilds\MidiMixerMono\arduino_due_x\Release/core.a(USBCore.cpp.o)
 .text._ZL7USB_ISRv
                0x00081eec      0x454 C:\Users\user\AppData\Local\Temp\VMBuilds\MidiMixerMono\arduino_due_x\Release/core.a(USBCore.cpp.o)
 .text.ltoa     0x00082340       0x6e C:\Users\user\AppData\Local\Temp\VMBuilds\MidiMixerMono\arduino_due_x\Release/core.a(itoa.c.o)
                0x00082340                ltoa
 .text.itoa     0x000823ae        0x4 C:\Users\user\AppData\Local\Temp\VMBuilds\MidiMixerMono\arduino_due_x\Release/core.a(itoa.c.o)
                0x000823ae                itoa
 *fill*         0x000823b2        0x2 
 .text._ZN7Serial_9availableEv
                0x000823b4       0x18 C:\Users\user\AppData\Local\Temp\VMBuilds\MidiMixerMono\arduino_due_x\Release/core.a(CDC.cpp.o)
                0x000823b4                Serial_::available()
 .text._ZN7Serial_17availableForWriteEv
                0x000823cc        0x6 C:\Users\user\AppData\Local\Temp\VMBuilds\MidiMixerMono\arduino_due_x\Release/core.a(CDC.cpp.o)
                0x000823cc                Serial_::availableForWrite()
 *fill*         0x000823d2        0x2 
 .text._ZN7Serial_4peekEv
                0x000823d4       0x20 C:\Users\user\AppData\Local\Temp\VMBuilds\MidiMixerMono\arduino_due_x\Release/core.a(CDC.cpp.o)
                0x000823d4                Serial_::peek()
 .text._ZN7Serial_5writeEh
                0x000823f4       0x16 C:\Users\user\AppData\Local\Temp\VMBuilds\MidiMixerMono\arduino_due_x\Release/core.a(CDC.cpp.o)
                0x000823f4                Serial_::write(unsigned char)
 *fill*         0x0008240a        0x2 
 .text._ZN7Serial_4readEv
                0x0008240c       0x44 C:\Users\user\AppData\Local\Temp\VMBuilds\MidiMixerMono\arduino_due_x\Release/core.a(CDC.cpp.o)
                0x0008240c                Serial_::read()
 .text._ZN7Serial_5flushEv
                0x00082450        0x6 C:\Users\user\AppData\Local\Temp\VMBuilds\MidiMixerMono\arduino_due_x\Release/core.a(CDC.cpp.o)
                0x00082450                Serial_::flush()
 *fill*         0x00082456        0x2 
 .text._ZN7Serial_6acceptEv
                0x00082458       0x70 C:\Users\user\AppData\Local\Temp\VMBuilds\MidiMixerMono\arduino_due_x\Release/core.a(CDC.cpp.o)
                0x00082458                Serial_::accept()
 .text._ZN7Serial_5writeEPKhj
                0x000824c8       0x2c C:\Users\user\AppData\Local\Temp\VMBuilds\MidiMixerMono\arduino_due_x\Release/core.a(CDC.cpp.o)
                0x000824c8                Serial_::write(unsigned char const*, unsigned int)
 .text._Z16CDC_GetInterfacePh
                0x000824f4       0x14 C:\Users\user\AppData\Local\Temp\VMBuilds\MidiMixerMono\arduino_due_x\Release/core.a(CDC.cpp.o)
                0x000824f4                CDC_GetInterface(unsigned char*)
 .text._Z21CDC_GetOtherInterfacePh
                0x00082508       0x14 C:\Users\user\AppData\Local\Temp\VMBuilds\MidiMixerMono\arduino_due_x\Release/core.a(CDC.cpp.o)
                0x00082508                CDC_GetOtherInterface(unsigned char*)
 .text._Z9CDC_SetupR8USBSetup
                0x0008251c       0x78 C:\Users\user\AppData\Local\Temp\VMBuilds\MidiMixerMono\arduino_due_x\Release/core.a(CDC.cpp.o)
                0x0008251c                CDC_Setup(USBSetup&)
 .text.startup._GLOBAL__sub_I_cdc_rx_buffer
                0x00082594       0x1c C:\Users\user\AppData\Local\Temp\VMBuilds\MidiMixerMono\arduino_due_x\Release/core.a(CDC.cpp.o)
 .text.TimeTick_Increment
                0x000825b0       0x10 C:\Users\user\AppData\Local\arduino15\packages\arduino\hardware\sam\1.6.11\variants\arduino_due_x/libsam_sam3x8e_gcc_rel.a(timetick.o)
                0x000825b0                TimeTick_Increment
 .text.GetTickCount
                0x000825c0        0xc C:\Users\user\AppData\Local\arduino15\packages\arduino\hardware\sam\1.6.11\variants\arduino_due_x/libsam_sam3x8e_gcc_rel.a(timetick.o)
                0x000825c0                GetTickCount
 .text.WDT_Disable
                0x000825cc        0x8 C:\Users\user\AppData\Local\arduino15\packages\arduino\hardware\sam\1.6.11\variants\arduino_due_x/libsam_sam3x8e_gcc_rel.a(wdt.o)
                0x000825cc                WDT_Disable
 .text.UDD_SetStack
                0x000825d4        0xc C:\Users\user\AppData\Local\arduino15\packages\arduino\hardware\sam\1.6.11\variants\arduino_due_x/libsam_sam3x8e_gcc_rel.a(uotghs_device.o)
                0x000825d4                UDD_SetStack
 .text.UDD_Init
                0x000825e0       0xd0 C:\Users\user\AppData\Local\arduino15\packages\arduino\hardware\sam\1.6.11\variants\arduino_due_x/libsam_sam3x8e_gcc_rel.a(uotghs_device.o)
                0x000825e0                UDD_Init
 .text.UDD_Attach
                0x000826b0       0x50 C:\Users\user\AppData\Local\arduino15\packages\arduino\hardware\sam\1.6.11\variants\arduino_due_x/libsam_sam3x8e_gcc_rel.a(uotghs_device.o)
                0x000826b0                UDD_Attach
 .text.UDD_InitEP
                0x00082700       0x2c C:\Users\user\AppData\Local\arduino15\packages\arduino\hardware\sam\1.6.11\variants\arduino_due_x/libsam_sam3x8e_gcc_rel.a(uotghs_device.o)
                0x00082700                UDD_InitEP
 .text.UDD_InitEndpoints
                0x0008272c       0x3c C:\Users\user\AppData\Local\arduino15\packages\arduino\hardware\sam\1.6.11\variants\arduino_due_x/libsam_sam3x8e_gcc_rel.a(uotghs_device.o)
                0x0008272c                UDD_InitEndpoints
 .text.UDD_WaitIN
                0x00082768       0x10 C:\Users\user\AppData\Local\arduino15\packages\arduino\hardware\sam\1.6.11\variants\arduino_due_x/libsam_sam3x8e_gcc_rel.a(uotghs_device.o)
                0x00082768                UDD_WaitIN
 .text.UDD_WaitOUT
                0x00082778       0x10 C:\Users\user\AppData\Local\arduino15\packages\arduino\hardware\sam\1.6.11\variants\arduino_due_x/libsam_sam3x8e_gcc_rel.a(uotghs_device.o)
                0x00082778                UDD_WaitOUT
 .text.UDD_ClearIN
                0x00082788       0x18 C:\Users\user\AppData\Local\arduino15\packages\arduino\hardware\sam\1.6.11\variants\arduino_due_x/libsam_sam3x8e_gcc_rel.a(uotghs_device.o)
                0x00082788                UDD_ClearIN
 .text.UDD_ClearOUT
                0x000827a0       0x18 C:\Users\user\AppData\Local\arduino15\packages\arduino\hardware\sam\1.6.11\variants\arduino_due_x/libsam_sam3x8e_gcc_rel.a(uotghs_device.o)
                0x000827a0                UDD_ClearOUT
 .text.UDD_ReceivedSetupInt
                0x000827b8       0x10 C:\Users\user\AppData\Local\arduino15\packages\arduino\hardware\sam\1.6.11\variants\arduino_due_x/libsam_sam3x8e_gcc_rel.a(uotghs_device.o)
                0x000827b8                UDD_ReceivedSetupInt
 .text.UDD_ClearSetupInt
                0x000827c8       0x10 C:\Users\user\AppData\Local\arduino15\packages\arduino\hardware\sam\1.6.11\variants\arduino_due_x/libsam_sam3x8e_gcc_rel.a(uotghs_device.o)
                0x000827c8                UDD_ClearSetupInt
 .text.UDD_Send
                0x000827d8       0x88 C:\Users\user\AppData\Local\arduino15\packages\arduino\hardware\sam\1.6.11\variants\arduino_due_x/libsam_sam3x8e_gcc_rel.a(uotghs_device.o)
                0x000827d8                UDD_Send
 .text.UDD_Send8
                0x00082860       0x24 C:\Users\user\AppData\Local\arduino15\packages\arduino\hardware\sam\1.6.11\variants\arduino_due_x/libsam_sam3x8e_gcc_rel.a(uotghs_device.o)
                0x00082860                UDD_Send8
 .text.UDD_Recv8
                0x00082884       0x28 C:\Users\user\AppData\Local\arduino15\packages\arduino\hardware\sam\1.6.11\variants\arduino_due_x/libsam_sam3x8e_gcc_rel.a(uotghs_device.o)
                0x00082884                UDD_Recv8
 .text.UDD_Recv
                0x000828ac       0x34 C:\Users\user\AppData\Local\arduino15\packages\arduino\hardware\sam\1.6.11\variants\arduino_due_x/libsam_sam3x8e_gcc_rel.a(uotghs_device.o)
                0x000828ac                UDD_Recv
 .text.UDD_Stall
                0x000828e0       0x14 C:\Users\user\AppData\Local\arduino15\packages\arduino\hardware\sam\1.6.11\variants\arduino_due_x/libsam_sam3x8e_gcc_rel.a(uotghs_device.o)
                0x000828e0                UDD_Stall
 .text.UDD_FifoByteCount
                0x000828f4       0x14 C:\Users\user\AppData\Local\arduino15\packages\arduino\hardware\sam\1.6.11\variants\arduino_due_x/libsam_sam3x8e_gcc_rel.a(uotghs_device.o)
                0x000828f4                UDD_FifoByteCount
 .text.UDD_ReleaseRX
                0x00082908       0x28 C:\Users\user\AppData\Local\arduino15\packages\arduino\hardware\sam\1.6.11\variants\arduino_due_x/libsam_sam3x8e_gcc_rel.a(uotghs_device.o)
                0x00082908                UDD_ReleaseRX
 .text.UDD_ReleaseTX
                0x00082930       0x28 C:\Users\user\AppData\Local\arduino15\packages\arduino\hardware\sam\1.6.11\variants\arduino_due_x/libsam_sam3x8e_gcc_rel.a(uotghs_device.o)
                0x00082930                UDD_ReleaseTX
 .text.UDD_SetAddress
                0x00082958       0x20 C:\Users\user\AppData\Local\arduino15\packages\arduino\hardware\sam\1.6.11\variants\arduino_due_x/libsam_sam3x8e_gcc_rel.a(uotghs_device.o)
                0x00082958                UDD_SetAddress
 .text.__libc_init_array
                0x00082978       0x50 c:/users/user/appdata/local/arduino15/packages/arduino/tools/arm-none-eabi-gcc/4.8.3-2014q1/bin/../lib/gcc/arm-none-eabi/4.8.3/../../../../arm-none-eabi/lib/armv7-m\libg.a(lib_a-init.o)
                0x00082978                __libc_init_array
 .text.iprintf  0x000829c8       0x28 c:/users/user/appdata/local/arduino15/packages/arduino/tools/arm-none-eabi-gcc/4.8.3-2014q1/bin/../lib/gcc/arm-none-eabi/4.8.3/../../../../arm-none-eabi/lib/armv7-m\libg.a(lib_a-iprintf.o)
                0x000829c8                iprintf
 .text.malloc   0x000829f0       0x10 c:/users/user/appdata/local/arduino15/packages/arduino/tools/arm-none-eabi-gcc/4.8.3-2014q1/bin/../lib/gcc/arm-none-eabi/4.8.3/../../../../arm-none-eabi/lib/armv7-m\libg.a(lib_a-malloc.o)
                0x000829f0                malloc
 .text.free     0x00082a00       0x10 c:/users/user/appdata/local/arduino15/packages/arduino/tools/arm-none-eabi-gcc/4.8.3-2014q1/bin/../lib/gcc/arm-none-eabi/4.8.3/../../../../arm-none-eabi/lib/armv7-m\libg.a(lib_a-malloc.o)
                0x00082a00                free
 .text._malloc_r
                0x00082a10      0x538 c:/users/user/appdata/local/arduino15/packages/arduino/tools/arm-none-eabi-gcc/4.8.3-2014q1/bin/../lib/gcc/arm-none-eabi/4.8.3/../../../../arm-none-eabi/lib/armv7-m\libg.a(lib_a-mallocr.o)
                0x00082a10                _malloc_r
 .text          0x00082f48       0xec c:/users/user/appdata/local/arduino15/packages/arduino/tools/arm-none-eabi-gcc/4.8.3-2014q1/bin/../lib/gcc/arm-none-eabi/4.8.3/../../../../arm-none-eabi/lib/armv7-m\libg.a(lib_a-memcpy.o)
                0x00082f48                memcpy
 .text.memmove  0x00083034       0xcc c:/users/user/appdata/local/arduino15/packages/arduino/tools/arm-none-eabi-gcc/4.8.3-2014q1/bin/../lib/gcc/arm-none-eabi/4.8.3/../../../../arm-none-eabi/lib/armv7-m\libg.a(lib_a-memmove.o)
                0x00083034                memmove
 .text.memset   0x00083100       0x94 c:/users/user/appdata/local/arduino15/packages/arduino/tools/arm-none-eabi-gcc/4.8.3-2014q1/bin/../lib/gcc/arm-none-eabi/4.8.3/../../../../arm-none-eabi/lib/armv7-m\libg.a(lib_a-memset.o)
                0x00083100                memset
 .text.__malloc_lock
                0x00083194        0x4 c:/users/user/appdata/local/arduino15/packages/arduino/tools/arm-none-eabi-gcc/4.8.3-2014q1/bin/../lib/gcc/arm-none-eabi/4.8.3/../../../../arm-none-eabi/lib/armv7-m\libg.a(lib_a-mlock.o)
                0x00083194                __malloc_lock
 .text.__malloc_unlock
                0x00083198        0x4 c:/users/user/appdata/local/arduino15/packages/arduino/tools/arm-none-eabi-gcc/4.8.3-2014q1/bin/../lib/gcc/arm-none-eabi/4.8.3/../../../../arm-none-eabi/lib/armv7-m\libg.a(lib_a-mlock.o)
                0x00083198                __malloc_unlock
 .text.realloc  0x0008319c       0x10 c:/users/user/appdata/local/arduino15/packages/arduino/tools/arm-none-eabi-gcc/4.8.3-2014q1/bin/../lib/gcc/arm-none-eabi/4.8.3/../../../../arm-none-eabi/lib/armv7-m\libg.a(lib_a-realloc.o)
                0x0008319c                realloc
 .text._realloc_r
                0x000831ac      0x3c0 c:/users/user/appdata/local/arduino15/packages/arduino/tools/arm-none-eabi-gcc/4.8.3-2014q1/bin/../lib/gcc/arm-none-eabi/4.8.3/../../../../arm-none-eabi/lib/armv7-m\libg.a(lib_a-reallocr.o)
                0x000831ac                _realloc_r
 .text._sbrk_r  0x0008356c       0x24 c:/users/user/appdata/local/arduino15/packages/arduino/tools/arm-none-eabi-gcc/4.8.3-2014q1/bin/../lib/gcc/arm-none-eabi/4.8.3/../../../../arm-none-eabi/lib/armv7-m\libg.a(lib_a-sbrkr.o)
                0x0008356c                _sbrk_r
 .text.strcpy   0x00083590       0xbc c:/users/user/appdata/local/arduino15/packages/arduino/tools/arm-none-eabi-gcc/4.8.3-2014q1/bin/../lib/gcc/arm-none-eabi/4.8.3/../../../../arm-none-eabi/lib/armv7-m\libg.a(lib_a-strcpy.o)
                0x00083590                strcpy
 .text.strlen   0x0008364c       0x60 c:/users/user/appdata/local/arduino15/packages/arduino/tools/arm-none-eabi-gcc/4.8.3-2014q1/bin/../lib/gcc/arm-none-eabi/4.8.3/../../../../arm-none-eabi/lib/armv7-m\libg.a(lib_a-strlen.o)
                0x0008364c                strlen
 .text.kill     0x000836ac       0x10 c:/users/user/appdata/local/arduino15/packages/arduino/tools/arm-none-eabi-gcc/4.8.3-2014q1/bin/../lib/gcc/arm-none-eabi/4.8.3/../../../../arm-none-eabi/lib/armv7-m\libg.a(lib_a-syskill.o)
                0x000836ac                kill
 .text.__sprint_r.part.0
                0x000836bc       0x78 c:/users/user/appdata/local/arduino15/packages/arduino/tools/arm-none-eabi-gcc/4.8.3-2014q1/bin/../lib/gcc/arm-none-eabi/4.8.3/../../../../arm-none-eabi/lib/armv7-m\libg.a(lib_a-vfiprintf.o)
 .text._vfiprintf_r
                0x00083734      0xc54 c:/users/user/appdata/local/arduino15/packages/arduino/tools/arm-none-eabi-gcc/4.8.3-2014q1/bin/../lib/gcc/arm-none-eabi/4.8.3/../../../../arm-none-eabi/lib/armv7-m\libg.a(lib_a-vfiprintf.o)
                0x00083734                _vfiprintf_r
 .text.__sbprintf
                0x00084388       0x7c c:/users/user/appdata/local/arduino15/packages/arduino/tools/arm-none-eabi-gcc/4.8.3-2014q1/bin/../lib/gcc/arm-none-eabi/4.8.3/../../../../arm-none-eabi/lib/armv7-m\libg.a(lib_a-vfiprintf.o)
 .text.__swsetup_r
                0x00084404       0xc4 c:/users/user/appdata/local/arduino15/packages/arduino/tools/arm-none-eabi-gcc/4.8.3-2014q1/bin/../lib/gcc/arm-none-eabi/4.8.3/../../../../arm-none-eabi/lib/armv7-m\libg.a(lib_a-wsetup.o)
                0x00084404                __swsetup_r
 .text.startup.register_fini
                0x000844c8       0x14 c:/users/user/appdata/local/arduino15/packages/arduino/tools/arm-none-eabi-gcc/4.8.3-2014q1/bin/../lib/gcc/arm-none-eabi/4.8.3/../../../../arm-none-eabi/lib/armv7-m\libg.a(lib_a-__call_atexit.o)
 .text.atexit   0x000844dc        0xc c:/users/user/appdata/local/arduino15/packages/arduino/tools/arm-none-eabi-gcc/4.8.3-2014q1/bin/../lib/gcc/arm-none-eabi/4.8.3/../../../../arm-none-eabi/lib/armv7-m\libg.a(lib_a-atexit.o)
                0x000844dc                atexit
 .text.__sflush_r
                0x000844e8      0x148 c:/users/user/appdata/local/arduino15/packages/arduino/tools/arm-none-eabi-gcc/4.8.3-2014q1/bin/../lib/gcc/arm-none-eabi/4.8.3/../../../../arm-none-eabi/lib/armv7-m\libg.a(lib_a-fflush.o)
                0x000844e8                __sflush_r
 .text._fflush_r
                0x00084630       0x2c c:/users/user/appdata/local/arduino15/packages/arduino/tools/arm-none-eabi-gcc/4.8.3-2014q1/bin/../lib/gcc/arm-none-eabi/4.8.3/../../../../arm-none-eabi/lib/armv7-m\libg.a(lib_a-fflush.o)
                0x00084630                _fflush_r
 .text._cleanup_r
                0x0008465c        0xc c:/users/user/appdata/local/arduino15/packages/arduino/tools/arm-none-eabi-gcc/4.8.3-2014q1/bin/../lib/gcc/arm-none-eabi/4.8.3/../../../../arm-none-eabi/lib/armv7-m\libg.a(lib_a-findfp.o)
                0x0008465c                _cleanup_r
 .text.__sinit  0x00084668       0xf4 c:/users/user/appdata/local/arduino15/packages/arduino/tools/arm-none-eabi-gcc/4.8.3-2014q1/bin/../lib/gcc/arm-none-eabi/4.8.3/../../../../arm-none-eabi/lib/armv7-m\libg.a(lib_a-findfp.o)
                0x00084668                __sinit
 .text.__sfp_lock_acquire
                0x0008475c        0x4 c:/users/user/appdata/local/arduino15/packages/arduino/tools/arm-none-eabi-gcc/4.8.3-2014q1/bin/../lib/gcc/arm-none-eabi/4.8.3/../../../../arm-none-eabi/lib/armv7-m\libg.a(lib_a-findfp.o)
                0x0008475c                __sfp_lock_acquire
 .text.__sfp_lock_release
                0x00084760        0x4 c:/users/user/appdata/local/arduino15/packages/arduino/tools/arm-none-eabi-gcc/4.8.3-2014q1/bin/../lib/gcc/arm-none-eabi/4.8.3/../../../../arm-none-eabi/lib/armv7-m\libg.a(lib_a-findfp.o)
                0x00084760                __sfp_lock_release
 .text.__libc_fini_array
                0x00084764       0x30 c:/users/user/appdata/local/arduino15/packages/arduino/tools/arm-none-eabi-gcc/4.8.3-2014q1/bin/../lib/gcc/arm-none-eabi/4.8.3/../../../../arm-none-eabi/lib/armv7-m\libg.a(lib_a-fini.o)
                0x00084764                __libc_fini_array
 .text._fputwc_r
                0x00084794       0xc0 c:/users/user/appdata/local/arduino15/packages/arduino/tools/arm-none-eabi-gcc/4.8.3-2014q1/bin/../lib/gcc/arm-none-eabi/4.8.3/../../../../arm-none-eabi/lib/armv7-m\libg.a(lib_a-fputwc.o)
                0x00084794                _fputwc_r
 .text._malloc_trim_r
                0x00084854       0x9c c:/users/user/appdata/local/arduino15/packages/arduino/tools/arm-none-eabi-gcc/4.8.3-2014q1/bin/../lib/gcc/arm-none-eabi/4.8.3/../../../../arm-none-eabi/lib/armv7-m\libg.a(lib_a-freer.o)
                0x00084854                _malloc_trim_r
 .text._free_r  0x000848f0      0x198 c:/users/user/appdata/local/arduino15/packages/arduino/tools/arm-none-eabi-gcc/4.8.3-2014q1/bin/../lib/gcc/arm-none-eabi/4.8.3/../../../../arm-none-eabi/lib/armv7-m\libg.a(lib_a-freer.o)
                0x000848f0                _free_r
 .text.__sfvwrite_r
                0x00084a88      0x314 c:/users/user/appdata/local/arduino15/packages/arduino/tools/arm-none-eabi-gcc/4.8.3-2014q1/bin/../lib/gcc/arm-none-eabi/4.8.3/../../../../arm-none-eabi/lib/armv7-m\libg.a(lib_a-fvwrite.o)
                0x00084a88                __sfvwrite_r
 .text._fwalk   0x00084d9c       0x48 c:/users/user/appdata/local/arduino15/packages/arduino/tools/arm-none-eabi-gcc/4.8.3-2014q1/bin/../lib/gcc/arm-none-eabi/4.8.3/../../../../arm-none-eabi/lib/armv7-m\libg.a(lib_a-fwalk.o)
                0x00084d9c                _fwalk
 .text.__locale_charset
                0x00084de4        0x8 c:/users/user/appdata/local/arduino15/packages/arduino/tools/arm-none-eabi-gcc/4.8.3-2014q1/bin/../lib/gcc/arm-none-eabi/4.8.3/../../../../arm-none-eabi/lib/armv7-m\libg.a(lib_a-locale.o)
                0x00084de4                __locale_charset
 .text.__locale_mb_cur_max
                0x00084dec        0xc c:/users/user/appdata/local/arduino15/packages/arduino/tools/arm-none-eabi-gcc/4.8.3-2014q1/bin/../lib/gcc/arm-none-eabi/4.8.3/../../../../arm-none-eabi/lib/armv7-m\libg.a(lib_a-locale.o)
                0x00084dec                __locale_mb_cur_max
 .text.__smakebuf_r
                0x00084df8       0xe0 c:/users/user/appdata/local/arduino15/packages/arduino/tools/arm-none-eabi-gcc/4.8.3-2014q1/bin/../lib/gcc/arm-none-eabi/4.8.3/../../../../arm-none-eabi/lib/armv7-m\libg.a(lib_a-makebuf.o)
                0x00084df8                __smakebuf_r
 .text.memchr   0x00084ed8       0x94 c:/users/user/appdata/local/arduino15/packages/arduino/tools/arm-none-eabi-gcc/4.8.3-2014q1/bin/../lib/gcc/arm-none-eabi/4.8.3/../../../../arm-none-eabi/lib/armv7-m\libg.a(lib_a-memchr-stub.o)
                0x00084ed8                memchr
 .text._kill_r  0x00084f6c       0x28 c:/users/user/appdata/local/arduino15/packages/arduino/tools/arm-none-eabi-gcc/4.8.3-2014q1/bin/../lib/gcc/arm-none-eabi/4.8.3/../../../../arm-none-eabi/lib/armv7-m\libg.a(lib_a-signalr.o)
                0x00084f6c                _kill_r
 .text.__sread  0x00084f94       0x24 c:/users/user/appdata/local/arduino15/packages/arduino/tools/arm-none-eabi-gcc/4.8.3-2014q1/bin/../lib/gcc/arm-none-eabi/4.8.3/../../../../arm-none-eabi/lib/armv7-m\libg.a(lib_a-stdio.o)
                0x00084f94                __sread
 .text.__swrite
                0x00084fb8       0x38 c:/users/user/appdata/local/arduino15/packages/arduino/tools/arm-none-eabi-gcc/4.8.3-2014q1/bin/../lib/gcc/arm-none-eabi/4.8.3/../../../../arm-none-eabi/lib/armv7-m\libg.a(lib_a-stdio.o)
                0x00084fb8                __swrite
 .text.__sseek  0x00084ff0       0x20 c:/users/user/appdata/local/arduino15/packages/arduino/tools/arm-none-eabi-gcc/4.8.3-2014q1/bin/../lib/gcc/arm-none-eabi/4.8.3/../../../../arm-none-eabi/lib/armv7-m\libg.a(lib_a-stdio.o)
                0x00084ff0                __sseek
 .text.__sclose
                0x00085010        0x8 c:/users/user/appdata/local/arduino15/packages/arduino/tools/arm-none-eabi-gcc/4.8.3-2014q1/bin/../lib/gcc/arm-none-eabi/4.8.3/../../../../arm-none-eabi/lib/armv7-m\libg.a(lib_a-stdio.o)
                0x00085010                __sclose
 .text.__swbuf_r
                0x00085018       0xa8 c:/users/user/appdata/local/arduino15/packages/arduino/tools/arm-none-eabi-gcc/4.8.3-2014q1/bin/../lib/gcc/arm-none-eabi/4.8.3/../../../../arm-none-eabi/lib/armv7-m\libg.a(lib_a-wbuf.o)
                0x00085018                __swbuf_r
 .text._wcrtomb_r
                0x000850c0       0x50 c:/users/user/appdata/local/arduino15/packages/arduino/tools/arm-none-eabi-gcc/4.8.3-2014q1/bin/../lib/gcc/arm-none-eabi/4.8.3/../../../../arm-none-eabi/lib/armv7-m\libg.a(lib_a-wcrtomb.o)
                0x000850c0                _wcrtomb_r
 .text.__ascii_wctomb
                0x00085110       0x1c c:/users/user/appdata/local/arduino15/packages/arduino/tools/arm-none-eabi-gcc/4.8.3-2014q1/bin/../lib/gcc/arm-none-eabi/4.8.3/../../../../arm-none-eabi/lib/armv7-m\libg.a(lib_a-wctomb_r.o)
                0x00085110                __ascii_wctomb
 .text._write_r
                0x0008512c       0x28 c:/users/user/appdata/local/arduino15/packages/arduino/tools/arm-none-eabi-gcc/4.8.3-2014q1/bin/../lib/gcc/arm-none-eabi/4.8.3/../../../../arm-none-eabi/lib/armv7-m\libg.a(lib_a-writer.o)
                0x0008512c                _write_r
 .text.__register_exitproc
                0x00085154       0xa8 c:/users/user/appdata/local/arduino15/packages/arduino/tools/arm-none-eabi-gcc/4.8.3-2014q1/bin/../lib/gcc/arm-none-eabi/4.8.3/../../../../arm-none-eabi/lib/armv7-m\libg.a(lib_a-__atexit.o)
                0x00085154                __register_exitproc
 .text._close_r
                0x000851fc       0x24 c:/users/user/appdata/local/arduino15/packages/arduino/tools/arm-none-eabi-gcc/4.8.3-2014q1/bin/../lib/gcc/arm-none-eabi/4.8.3/../../../../arm-none-eabi/lib/armv7-m\libg.a(lib_a-closer.o)
                0x000851fc                _close_r
 .text._fclose_r
                0x00085220       0x80 c:/users/user/appdata/local/arduino15/packages/arduino/tools/arm-none-eabi-gcc/4.8.3-2014q1/bin/../lib/gcc/arm-none-eabi/4.8.3/../../../../arm-none-eabi/lib/armv7-m\libg.a(lib_a-fclose.o)
                0x00085220                _fclose_r
 .text.fclose   0x000852a0       0x10 c:/users/user/appdata/local/arduino15/packages/arduino/tools/arm-none-eabi-gcc/4.8.3-2014q1/bin/../lib/gcc/arm-none-eabi/4.8.3/../../../../arm-none-eabi/lib/armv7-m\libg.a(lib_a-fclose.o)
                0x000852a0                fclose
 .text._fstat_r
                0x000852b0       0x28 c:/users/user/appdata/local/arduino15/packages/arduino/tools/arm-none-eabi-gcc/4.8.3-2014q1/bin/../lib/gcc/arm-none-eabi/4.8.3/../../../../arm-none-eabi/lib/armv7-m\libg.a(lib_a-fstatr.o)
                0x000852b0                _fstat_r
 .text._isatty_r
                0x000852d8       0x24 c:/users/user/appdata/local/arduino15/packages/arduino/tools/arm-none-eabi-gcc/4.8.3-2014q1/bin/../lib/gcc/arm-none-eabi/4.8.3/../../../../arm-none-eabi/lib/armv7-m\libg.a(lib_a-isattyr.o)
                0x000852d8                _isatty_r
 .text._lseek_r
                0x000852fc       0x28 c:/users/user/appdata/local/arduino15/packages/arduino/tools/arm-none-eabi-gcc/4.8.3-2014q1/bin/../lib/gcc/arm-none-eabi/4.8.3/../../../../arm-none-eabi/lib/armv7-m\libg.a(lib_a-lseekr.o)
                0x000852fc                _lseek_r
 .text._read_r  0x00085324       0x28 c:/users/user/appdata/local/arduino15/packages/arduino/tools/arm-none-eabi-gcc/4.8.3-2014q1/bin/../lib/gcc/arm-none-eabi/4.8.3/../../../../arm-none-eabi/lib/armv7-m\libg.a(lib_a-readr.o)
                0x00085324                _read_r
 .text          0x0008534c       0x2c c:/users/user/appdata/local/arduino15/packages/arduino/tools/arm-none-eabi-gcc/4.8.3-2014q1/bin/../lib/gcc/arm-none-eabi/4.8.3/armv7-m\libgcc.a(_aeabi_uldivmod.o)
                0x0008534c                __aeabi_uldivmod
 .text          0x00085378       0x60 c:/users/user/appdata/local/arduino15/packages/arduino/tools/arm-none-eabi-gcc/4.8.3-2014q1/bin/../lib/gcc/arm-none-eabi/4.8.3/armv7-m\libgcc.a(bpabi.o)
                0x00085378                __gnu_ldivmod_helper
                0x000853a8                __gnu_uldivmod_helper
 .text          0x000853d8        0x4 c:/users/user/appdata/local/arduino15/packages/arduino/tools/arm-none-eabi-gcc/4.8.3-2014q1/bin/../lib/gcc/arm-none-eabi/4.8.3/armv7-m\libgcc.a(_dvmd_tls.o)
                0x000853d8                __aeabi_idiv0
                0x000853d8                __aeabi_ldiv0
 .text          0x000853dc      0x2a0 c:/users/user/appdata/local/arduino15/packages/arduino/tools/arm-none-eabi-gcc/4.8.3-2014q1/bin/../lib/gcc/arm-none-eabi/4.8.3/armv7-m\libgcc.a(_divdi3.o)
                0x000853dc                __divdi3
 .text          0x0008567c      0x290 c:/users/user/appdata/local/arduino15/packages/arduino/tools/arm-none-eabi-gcc/4.8.3-2014q1/bin/../lib/gcc/arm-none-eabi/4.8.3/armv7-m\libgcc.a(_udivdi3.o)
                0x0008567c                __udivdi3
 *(.glue_7t)
 .glue_7t       0x00000000        0x0 linker stubs
 *(.glue_7)
 .glue_7        0x00000000        0x0 linker stubs
 *(.rodata .rodata* .gnu.linkonce.r.*)
 .rodata._ZL11pageLEDPins
                0x0008590c       0x10 C:\Users\user\AppData\Local\Temp\VMBuilds\MidiMixerMono\arduino_due_x\Release\MidiMixerMono.cpp.o
 .rodata.str1.1
                0x0008591c        0x2 C:\Users\user\AppData\Local\Temp\VMBuilds\MidiMixerMono\arduino_due_x\Release\MidiMixerMono.cpp.o
 *fill*         0x0008591e        0x2 
 .rodata._ZTV5MIDI_
                0x00085920       0x18 C:\Users\user\AppData\Local\Temp\VMBuilds\MidiMixerMono\arduino_due_x\Release\MIDIUSB\MIDIUSB.cpp.o
                0x00085920                vtable for MIDI_
 .rodata.str1.1
                0x00085938        0x5 C:\Users\user\AppData\Local\Temp\VMBuilds\MidiMixerMono\arduino_due_x\Release\MIDIUSB\MIDIUSB.cpp.o
 *fill*         0x0008593d        0x3 
 .rodata.g_APinDescription
                0x00085940      0xa2c C:\Users\user\AppData\Local\Temp\VMBuilds\MidiMixerMono\arduino_due_x\Release\variant\variant.cpp.o
                0x00085940                g_APinDescription
 .rodata        0x0008636c       0x40 C:\Users\user\AppData\Local\arduino15\packages\arduino\hardware\sam\1.6.11\variants\arduino_due_x/libsam_sam3x8e_gcc_rel.a(adc.o)
 .rodata.str1.1
                0x000863ac       0x19 C:\Users\user\AppData\Local\Temp\VMBuilds\MidiMixerMono\arduino_due_x\Release/core.a(syscalls_sam3.c.o)
 .rodata.str1.1
                0x000863c5        0xf C:\Users\user\AppData\Local\Temp\VMBuilds\MidiMixerMono\arduino_due_x\Release/core.a(Print.cpp.o)
 *fill*         0x000863d4        0x4 
 .rodata._ZTV9UARTClass
                0x000863d8       0x30 C:\Users\user\AppData\Local\Temp\VMBuilds\MidiMixerMono\arduino_due_x\Release/core.a(UARTClass.cpp.o)
                0x000863d8                vtable for UARTClass
 .rodata._ZTV10USARTClass
                0x00086408       0x30 C:\Users\user\AppData\Local\Temp\VMBuilds\MidiMixerMono\arduino_due_x\Release/core.a(USARTClass.cpp.o)
                0x00086408                vtable for USARTClass
 .rodata.STRING_PRODUCT
                0x00086438        0xc C:\Users\user\AppData\Local\Temp\VMBuilds\MidiMixerMono\arduino_due_x\Release/core.a(USBCore.cpp.o)
                0x00086438                STRING_PRODUCT
 .rodata.USB_DeviceDescriptor
                0x00086444       0x12 C:\Users\user\AppData\Local\Temp\VMBuilds\MidiMixerMono\arduino_due_x\Release/core.a(USBCore.cpp.o)
                0x00086444                USB_DeviceDescriptor
 .rodata.STRING_LANGUAGE
                0x00086456        0x4 C:\Users\user\AppData\Local\Temp\VMBuilds\MidiMixerMono\arduino_due_x\Release/core.a(USBCore.cpp.o)
                0x00086456                STRING_LANGUAGE
 .rodata._ZL18test_packet_buffer
                0x0008645a       0x35 C:\Users\user\AppData\Local\Temp\VMBuilds\MidiMixerMono\arduino_due_x\Release/core.a(USBCore.cpp.o)
 .rodata.STRING_MANUFACTURER
                0x0008648f        0xc C:\Users\user\AppData\Local\Temp\VMBuilds\MidiMixerMono\arduino_due_x\Release/core.a(USBCore.cpp.o)
                0x0008648f                STRING_MANUFACTURER
 .rodata.USB_DeviceDescriptorA
                0x0008649b       0x12 C:\Users\user\AppData\Local\Temp\VMBuilds\MidiMixerMono\arduino_due_x\Release/core.a(USBCore.cpp.o)
                0x0008649b                USB_DeviceDescriptorA
 .rodata._ZL19USB_DeviceQualifier
                0x000864ad        0x9 C:\Users\user\AppData\Local\Temp\VMBuilds\MidiMixerMono\arduino_due_x\Release/core.a(USBCore.cpp.o)
 *fill*         0x000864b6        0x2 
 .rodata._ZTV7Serial_
                0x000864b8       0x28 C:\Users\user\AppData\Local\Temp\VMBuilds\MidiMixerMono\arduino_due_x\Release/core.a(CDC.cpp.o)
                0x000864b8                vtable for Serial_
 .rodata._ZL18_cdcOtherInterface
                0x000864e0       0x42 C:\Users\user\AppData\Local\Temp\VMBuilds\MidiMixerMono\arduino_due_x\Release/core.a(CDC.cpp.o)
 .rodata._ZL13_cdcInterface
                0x00086522       0x42 C:\Users\user\AppData\Local\Temp\VMBuilds\MidiMixerMono\arduino_due_x\Release/core.a(CDC.cpp.o)
 .rodata.str1.4
                0x00086564        0x2 c:/users/user/appdata/local/arduino15/packages/arduino/tools/arm-none-eabi-gcc/4.8.3-2014q1/bin/../lib/gcc/arm-none-eabi/4.8.3/../../../../arm-none-eabi/lib/armv7-m\libg.a(lib_a-impure.o)
                                  0x4 (size before relaxing)
 *fill*         0x00086566        0x2 
 .rodata._global_impure_ptr
                0x00086568        0x4 c:/users/user/appdata/local/arduino15/packages/arduino/tools/arm-none-eabi-gcc/4.8.3-2014q1/bin/../lib/gcc/arm-none-eabi/4.8.3/../../../../arm-none-eabi/lib/armv7-m\libg.a(lib_a-impure.o)
                0x00086568                _global_impure_ptr
 .rodata.blanks.6717
                0x0008656c       0x10 c:/users/user/appdata/local/arduino15/packages/arduino/tools/arm-none-eabi-gcc/4.8.3-2014q1/bin/../lib/gcc/arm-none-eabi/4.8.3/../../../../arm-none-eabi/lib/armv7-m\libg.a(lib_a-vfiprintf.o)
 .rodata.str1.4
                0x0008657c       0x30 c:/users/user/appdata/local/arduino15/packages/arduino/tools/arm-none-eabi-gcc/4.8.3-2014q1/bin/../lib/gcc/arm-none-eabi/4.8.3/../../../../arm-none-eabi/lib/armv7-m\libg.a(lib_a-vfiprintf.o)
 .rodata.zeroes.6718
                0x000865ac       0x10 c:/users/user/appdata/local/arduino15/packages/arduino/tools/arm-none-eabi-gcc/4.8.3-2014q1/bin/../lib/gcc/arm-none-eabi/4.8.3/../../../../arm-none-eabi/lib/armv7-m\libg.a(lib_a-vfiprintf.o)
 *(.ARM.extab* .gnu.linkonce.armextab.*)
                0x000865bc                . = ALIGN (0x4)
 *(.init)
 .init          0x000865bc        0x4 c:/users/user/appdata/local/arduino15/packages/arduino/tools/arm-none-eabi-gcc/4.8.3-2014q1/bin/../lib/gcc/arm-none-eabi/4.8.3/armv7-m/crti.o
                0x000865bc                _init
 .init          0x000865c0        0x8 c:/users/user/appdata/local/arduino15/packages/arduino/tools/arm-none-eabi-gcc/4.8.3-2014q1/bin/../lib/gcc/arm-none-eabi/4.8.3/armv7-m/crtn.o
                0x000865c8                . = ALIGN (0x4)
                0x000865c8                __preinit_array_start = .
 *(.preinit_array)
                0x000865c8                __preinit_array_end = .
                0x000865c8                . = ALIGN (0x4)
                0x000865c8                __init_array_start = .
 *(SORT(.init_array.*))
 .init_array.00000
                0x000865c8        0x4 c:/users/user/appdata/local/arduino15/packages/arduino/tools/arm-none-eabi-gcc/4.8.3-2014q1/bin/../lib/gcc/arm-none-eabi/4.8.3/../../../../arm-none-eabi/lib/armv7-m\libg.a(lib_a-__call_atexit.o)
 *(.init_array)
 .init_array    0x000865cc        0x4 c:/users/user/appdata/local/arduino15/packages/arduino/tools/arm-none-eabi-gcc/4.8.3-2014q1/bin/../lib/gcc/arm-none-eabi/4.8.3/armv7-m/crtbegin.o
 .init_array    0x000865d0        0x4 C:\Users\user\AppData\Local\Temp\VMBuilds\MidiMixerMono\arduino_due_x\Release\MIDIUSB\MIDIUSB.cpp.o
 .init_array    0x000865d4        0x4 C:\Users\user\AppData\Local\Temp\VMBuilds\MidiMixerMono\arduino_due_x\Release\variant\variant.cpp.o
 .init_array    0x000865d8        0x4 C:\Users\user\AppData\Local\Temp\VMBuilds\MidiMixerMono\arduino_due_x\Release/core.a(USBCore.cpp.o)
 .init_array    0x000865dc        0x4 C:\Users\user\AppData\Local\Temp\VMBuilds\MidiMixerMono\arduino_due_x\Release/core.a(CDC.cpp.o)
                0x000865e0                __init_array_end = .
                0x000865e0                . = ALIGN (0x4)
 *crtbegin.o(.ctors)
 *(EXCLUDE_FILE(*crtend.o) .ctors)
 *(SORT(.ctors.*))
 *crtend.o(.ctors)
                0x000865e0                . = ALIGN (0x4)
 *(.fini)
 .fini          0x000865e0        0x4 c:/users/user/appdata/local/arduino15/packages/arduino/tools/arm-none-eabi-gcc/4.8.3-2014q1/bin/../lib/gcc/arm-none-eabi/4.8.3/armv7-m/crti.o
                0x000865e0                _fini
 .fini          0x000865e4        0x8 c:/users/user/appdata/local/arduino15/packages/arduino/tools/arm-none-eabi-gcc/4.8.3-2014q1/bin/../lib/gcc/arm-none-eabi/4.8.3/armv7-m/crtn.o
                0x000865ec                . = ALIGN (0x4)
                0x000865ec                __fini_array_start = .
 *(.fini_array)
 .fini_array    0x000865ec        0x4 c:/users/user/appdata/local/arduino15/packages/arduino/tools/arm-none-eabi-gcc/4.8.3-2014q1/bin/../lib/gcc/arm-none-eabi/4.8.3/armv7-m/crtbegin.o
 *(SORT(.fini_array.*))
                0x000865f0                __fini_array_end = .
 *crtbegin.o(.dtors)
 *(EXCLUDE_FILE(*crtend.o) .dtors)
 *(SORT(.dtors.*))
 *crtend.o(.dtors)
                0x000865f0                . = ALIGN (0x4)
                0x000865f0                _efixed = .
                0x000865f0                PROVIDE (__exidx_start, .)

.vfp11_veneer   0x000865f0        0x0
 .vfp11_veneer  0x00000000        0x0 linker stubs

.v4_bx          0x000865f0        0x0
 .v4_bx         0x00000000        0x0 linker stubs

.iplt           0x000865f0        0x0
 .iplt          0x00000000        0x0 c:/users/user/appdata/local/arduino15/packages/arduino/tools/arm-none-eabi-gcc/4.8.3-2014q1/bin/../lib/gcc/arm-none-eabi/4.8.3/armv7-m/crtbegin.o

.ARM.exidx      0x000865f0        0x8
 *(.ARM.exidx* .gnu.linkonce.armexidx.*)
 .ARM.exidx     0x000865f0        0x8 c:/users/user/appdata/local/arduino15/packages/arduino/tools/arm-none-eabi-gcc/4.8.3-2014q1/bin/../lib/gcc/arm-none-eabi/4.8.3/armv7-m\libgcc.a(_divdi3.o)
 .ARM.exidx     0x000865f8        0x0 c:/users/user/appdata/local/arduino15/packages/arduino/tools/arm-none-eabi-gcc/4.8.3-2014q1/bin/../lib/gcc/arm-none-eabi/4.8.3/armv7-m\libgcc.a(_udivdi3.o)
                                  0x8 (size before relaxing)
                0x000865f8                PROVIDE (__exidx_end, .)

.eh_frame       0x000865f8        0x0
 .eh_frame      0x000865f8        0x0 c:/users/user/appdata/local/arduino15/packages/arduino/tools/arm-none-eabi-gcc/4.8.3-2014q1/bin/../lib/gcc/arm-none-eabi/4.8.3/armv7-m/crtbegin.o

.rel.dyn        0x000865f8        0x0
 .rel.iplt      0x00000000        0x0 c:/users/user/appdata/local/arduino15/packages/arduino/tools/arm-none-eabi-gcc/4.8.3-2014q1/bin/../lib/gcc/arm-none-eabi/4.8.3/armv7-m/crtbegin.o

.jcr            0x000865f8        0x0
 .jcr           0x000865f8        0x0 c:/users/user/appdata/local/arduino15/packages/arduino/tools/arm-none-eabi-gcc/4.8.3-2014q1/bin/../lib/gcc/arm-none-eabi/4.8.3/armv7-m/crtbegin.o

.igot.plt       0x000865f8        0x0
 .igot.plt      0x00000000        0x0 c:/users/user/appdata/local/arduino15/packages/arduino/tools/arm-none-eabi-gcc/4.8.3-2014q1/bin/../lib/gcc/arm-none-eabi/4.8.3/armv7-m/crtbegin.o
                0x000865f8                . = ALIGN (0x4)
                0x000865f8                _etext = .

.relocate       0x20070000      0xc14 load address 0x000865f8
                0x20070000                . = ALIGN (0x4)
                0x20070000                _srelocate = .
 *(.ramfunc .ramfunc.*)
 .ramfunc       0x20070000       0x2c C:\Users\user\AppData\Local\Temp\VMBuilds\MidiMixerMono\arduino_due_x\Release/core.a(Reset.cpp.o)
                0x20070000                banzai
 *(.data .data.*)
 .data._ZL16page3ButtonState
                0x2007002c       0x50 C:\Users\user\AppData\Local\Temp\VMBuilds\MidiMixerMono\arduino_due_x\Release\MidiMixerMono.cpp.o
 .data._ZL17page4EncoderState
                0x2007007c       0x80 C:\Users\user\AppData\Local\Temp\VMBuilds\MidiMixerMono\arduino_due_x\Release\MidiMixerMono.cpp.o
 .data._ZL16page2ButtonState
                0x200700fc       0x50 C:\Users\user\AppData\Local\Temp\VMBuilds\MidiMixerMono\arduino_due_x\Release\MidiMixerMono.cpp.o
 .data._ZL17page1EncoderState
                0x2007014c       0x80 C:\Users\user\AppData\Local\Temp\VMBuilds\MidiMixerMono\arduino_due_x\Release\MidiMixerMono.cpp.o
 .data._ZL7curPage
                0x200701cc        0x4 C:\Users\user\AppData\Local\Temp\VMBuilds\MidiMixerMono\arduino_due_x\Release\MidiMixerMono.cpp.o
 .data._ZL17page3EncoderState
                0x200701d0       0x80 C:\Users\user\AppData\Local\Temp\VMBuilds\MidiMixerMono\arduino_due_x\Release\MidiMixerMono.cpp.o
 .data._ZL16page1ButtonState
                0x20070250       0x50 C:\Users\user\AppData\Local\Temp\VMBuilds\MidiMixerMono\arduino_due_x\Release\MidiMixerMono.cpp.o
 .data._ZL17page2EncoderState
                0x200702a0       0x80 C:\Users\user\AppData\Local\Temp\VMBuilds\MidiMixerMono\arduino_due_x\Release\MidiMixerMono.cpp.o
 .data._ZL16page4ButtonState
                0x20070320       0x50 C:\Users\user\AppData\Local\Temp\VMBuilds\MidiMixerMono\arduino_due_x\Release\MidiMixerMono.cpp.o
 .data.SystemCoreClock
                0x20070370        0x4 C:\Users\user\AppData\Local\arduino15\packages\arduino\hardware\sam\1.6.11\variants\arduino_due_x/libsam_sam3x8e_gcc_rel.a(system_sam3xa.o)
                0x20070370                SystemCoreClock
 .data._ZL5ticks
                0x20070374        0x4 C:\Users\user\AppData\Local\Temp\VMBuilds\MidiMixerMono\arduino_due_x\Release/core.a(Reset.cpp.o)
 .data.EndPoints
                0x20070378       0x28 C:\Users\user\AppData\Local\Temp\VMBuilds\MidiMixerMono\arduino_due_x\Release/core.a(USBCore.cpp.o)
                0x20070378                EndPoints
 .data._ZL10breakValue
                0x200703a0        0x4 C:\Users\user\AppData\Local\Temp\VMBuilds\MidiMixerMono\arduino_due_x\Release/core.a(CDC.cpp.o)
 .data._ZL12_usbLineInfo
                0x200703a4        0x8 C:\Users\user\AppData\Local\Temp\VMBuilds\MidiMixerMono\arduino_due_x\Release/core.a(CDC.cpp.o)
 .data.g_interrupt_enabled
                0x200703ac        0x4 C:\Users\user\AppData\Local\arduino15\packages\arduino\hardware\sam\1.6.11\variants\arduino_due_x/libsam_sam3x8e_gcc_rel.a(interrupt_sam_nvic.o)
                0x200703ac                g_interrupt_enabled
 .data.impure_data
                0x200703b0      0x428 c:/users/user/appdata/local/arduino15/packages/arduino/tools/arm-none-eabi-gcc/4.8.3-2014q1/bin/../lib/gcc/arm-none-eabi/4.8.3/../../../../arm-none-eabi/lib/armv7-m\libg.a(lib_a-impure.o)
 .data._impure_ptr
                0x200707d8        0x4 c:/users/user/appdata/local/arduino15/packages/arduino/tools/arm-none-eabi-gcc/4.8.3-2014q1/bin/../lib/gcc/arm-none-eabi/4.8.3/../../../../arm-none-eabi/lib/armv7-m\libg.a(lib_a-impure.o)
                0x200707d8                _impure_ptr
 .data.__malloc_av_
                0x200707dc      0x408 c:/users/user/appdata/local/arduino15/packages/arduino/tools/arm-none-eabi-gcc/4.8.3-2014q1/bin/../lib/gcc/arm-none-eabi/4.8.3/../../../../arm-none-eabi/lib/armv7-m\libg.a(lib_a-mallocr.o)
                0x200707dc                __malloc_av_
 .data.__malloc_trim_threshold
                0x20070be4        0x4 c:/users/user/appdata/local/arduino15/packages/arduino/tools/arm-none-eabi-gcc/4.8.3-2014q1/bin/../lib/gcc/arm-none-eabi/4.8.3/../../../../arm-none-eabi/lib/armv7-m\libg.a(lib_a-mallocr.o)
                0x20070be4                __malloc_trim_threshold
 .data.__malloc_sbrk_base
                0x20070be8        0x4 c:/users/user/appdata/local/arduino15/packages/arduino/tools/arm-none-eabi-gcc/4.8.3-2014q1/bin/../lib/gcc/arm-none-eabi/4.8.3/../../../../arm-none-eabi/lib/armv7-m\libg.a(lib_a-mallocr.o)
                0x20070be8                __malloc_sbrk_base
 .data.lc_ctype_charset
                0x20070bec       0x20 c:/users/user/appdata/local/arduino15/packages/arduino/tools/arm-none-eabi-gcc/4.8.3-2014q1/bin/../lib/gcc/arm-none-eabi/4.8.3/../../../../arm-none-eabi/lib/armv7-m\libg.a(lib_a-locale.o)
 .data.__mb_cur_max
                0x20070c0c        0x4 c:/users/user/appdata/local/arduino15/packages/arduino/tools/arm-none-eabi-gcc/4.8.3-2014q1/bin/../lib/gcc/arm-none-eabi/4.8.3/../../../../arm-none-eabi/lib/armv7-m\libg.a(lib_a-locale.o)
                0x20070c0c                __mb_cur_max
 .data.__wctomb
                0x20070c10        0x4 c:/users/user/appdata/local/arduino15/packages/arduino/tools/arm-none-eabi-gcc/4.8.3-2014q1/bin/../lib/gcc/arm-none-eabi/4.8.3/../../../../arm-none-eabi/lib/armv7-m\libg.a(lib_a-wctomb_r.o)
                0x20070c10                __wctomb
                0x20070c14                . = ALIGN (0x4)
                0x20070c14                _erelocate = .

.bss            0x20070c14      0xa88 load address 0x0008720c
                0x20070c14                . = ALIGN (0x4)
                0x20070c14                _sbss = .
                0x20070c14                _szero = .
 *(.bss .bss.*)
 .bss           0x20070c14       0x1c c:/users/user/appdata/local/arduino15/packages/arduino/tools/arm-none-eabi-gcc/4.8.3-2014q1/bin/../lib/gcc/arm-none-eabi/4.8.3/armv7-m/crtbegin.o
 .bss._ZL7curData
                0x20070c30        0x4 C:\Users\user\AppData\Local\Temp\VMBuilds\MidiMixerMono\arduino_due_x\Release\MidiMixerMono.cpp.o
 .bss._ZL5shift
                0x20070c34        0x1 C:\Users\user\AppData\Local\Temp\VMBuilds\MidiMixerMono\arduino_due_x\Release\MidiMixerMono.cpp.o
 *fill*         0x20070c35        0x3 
 .bss._ZZ17buttonUpdateStatePViE4data
                0x20070c38       0x14 C:\Users\user\AppData\Local\Temp\VMBuilds\MidiMixerMono\arduino_due_x\Release\MidiMixerMono.cpp.o
 .bss._ZL14curPageEncoder
                0x20070c4c        0x4 C:\Users\user\AppData\Local\Temp\VMBuilds\MidiMixerMono\arduino_due_x\Release\MidiMixerMono.cpp.o
 .bss._ZZ22rotaryValueUpdateStatePViE4data
                0x20070c50       0x20 C:\Users\user\AppData\Local\Temp\VMBuilds\MidiMixerMono\arduino_due_x\Release\MidiMixerMono.cpp.o
 .bss._ZL13curPageButton
                0x20070c70        0x4 C:\Users\user\AppData\Local\Temp\VMBuilds\MidiMixerMono\arduino_due_x\Release\MidiMixerMono.cpp.o
 .bss.MidiUSB   0x20070c74       0x18 C:\Users\user\AppData\Local\Temp\VMBuilds\MidiMixerMono\arduino_due_x\Release\MIDIUSB\MIDIUSB.cpp.o
                0x20070c74                MidiUSB
 .bss.tx_buffer2
                0x20070c8c       0x88 C:\Users\user\AppData\Local\Temp\VMBuilds\MidiMixerMono\arduino_due_x\Release\variant\variant.cpp.o
                0x20070c8c                tx_buffer2
 .bss.tx_buffer1
                0x20070d14       0x88 C:\Users\user\AppData\Local\Temp\VMBuilds\MidiMixerMono\arduino_due_x\Release\variant\variant.cpp.o
                0x20070d14                tx_buffer1
 .bss.Serial    0x20070d9c       0x24 C:\Users\user\AppData\Local\Temp\VMBuilds\MidiMixerMono\arduino_due_x\Release\variant\variant.cpp.o
                0x20070d9c                Serial
 .bss.rx_buffer1
                0x20070dc0       0x88 C:\Users\user\AppData\Local\Temp\VMBuilds\MidiMixerMono\arduino_due_x\Release\variant\variant.cpp.o
                0x20070dc0                rx_buffer1
 .bss.Serial1   0x20070e48       0x28 C:\Users\user\AppData\Local\Temp\VMBuilds\MidiMixerMono\arduino_due_x\Release\variant\variant.cpp.o
                0x20070e48                Serial1
 .bss.Serial2   0x20070e70       0x28 C:\Users\user\AppData\Local\Temp\VMBuilds\MidiMixerMono\arduino_due_x\Release\variant\variant.cpp.o
                0x20070e70                Serial2
 .bss.Serial3   0x20070e98       0x28 C:\Users\user\AppData\Local\Temp\VMBuilds\MidiMixerMono\arduino_due_x\Release\variant\variant.cpp.o
                0x20070e98                Serial3
 .bss.tx_buffer3
                0x20070ec0       0x88 C:\Users\user\AppData\Local\Temp\VMBuilds\MidiMixerMono\arduino_due_x\Release\variant\variant.cpp.o
                0x20070ec0                tx_buffer3
 .bss.tx_buffer4
                0x20070f48       0x88 C:\Users\user\AppData\Local\Temp\VMBuilds\MidiMixerMono\arduino_due_x\Release\variant\variant.cpp.o
                0x20070f48                tx_buffer4
 .bss.g_pinStatus
                0x20070fd0       0x4f C:\Users\user\AppData\Local\Temp\VMBuilds\MidiMixerMono\arduino_due_x\Release\variant\variant.cpp.o
                0x20070fd0                g_pinStatus
 *fill*         0x2007101f        0x1 
 .bss.rx_buffer2
                0x20071020       0x88 C:\Users\user\AppData\Local\Temp\VMBuilds\MidiMixerMono\arduino_due_x\Release\variant\variant.cpp.o
                0x20071020                rx_buffer2
 .bss.rx_buffer3
                0x200710a8       0x88 C:\Users\user\AppData\Local\Temp\VMBuilds\MidiMixerMono\arduino_due_x\Release\variant\variant.cpp.o
                0x200710a8                rx_buffer3
 .bss.rx_buffer4
                0x20071130       0x88 C:\Users\user\AppData\Local\Temp\VMBuilds\MidiMixerMono\arduino_due_x\Release\variant\variant.cpp.o
                0x20071130                rx_buffer4
 .bss.gpf_isr   0x200711b8        0x4 C:\Users\user\AppData\Local\arduino15\packages\arduino\hardware\sam\1.6.11\variants\arduino_due_x/libsam_sam3x8e_gcc_rel.a(uotghs.o)
                0x200711b8                gpf_isr
 .bss.heap.6420
                0x200711bc        0x4 C:\Users\user\AppData\Local\Temp\VMBuilds\MidiMixerMono\arduino_due_x\Release/core.a(syscalls_sam3.c.o)
 .bss.enabled.9380
                0x200711c0        0x4 C:\Users\user\AppData\Local\Temp\VMBuilds\MidiMixerMono\arduino_due_x\Release/core.a(WInterrupts.c.o)
 .bss.callbacksPioA
                0x200711c4       0x80 C:\Users\user\AppData\Local\Temp\VMBuilds\MidiMixerMono\arduino_due_x\Release/core.a(WInterrupts.c.o)
 .bss.callbacksPioB
                0x20071244       0x80 C:\Users\user\AppData\Local\Temp\VMBuilds\MidiMixerMono\arduino_due_x\Release/core.a(WInterrupts.c.o)
 .bss.callbacksPioC
                0x200712c4       0x80 C:\Users\user\AppData\Local\Temp\VMBuilds\MidiMixerMono\arduino_due_x\Release/core.a(WInterrupts.c.o)
 .bss.callbacksPioD
                0x20071344       0x80 C:\Users\user\AppData\Local\Temp\VMBuilds\MidiMixerMono\arduino_due_x\Release/core.a(WInterrupts.c.o)
 .bss._ZZ12PluggableUSBvE3obj
                0x200713c4        0x8 C:\Users\user\AppData\Local\Temp\VMBuilds\MidiMixerMono\arduino_due_x\Release/core.a(PluggableUSB.cpp.o)
 .bss._ZGVZ12PluggableUSBvE3obj
                0x200713cc        0x4 C:\Users\user\AppData\Local\Temp\VMBuilds\MidiMixerMono\arduino_due_x\Release/core.a(PluggableUSB.cpp.o)
 .bss._cmark    0x200713d0        0x2 C:\Users\user\AppData\Local\Temp\VMBuilds\MidiMixerMono\arduino_due_x\Release/core.a(USBCore.cpp.o)
                0x200713d0                _cmark
 .bss._ZL14isEndpointHalt
                0x200713d2        0x1 C:\Users\user\AppData\Local\Temp\VMBuilds\MidiMixerMono\arduino_due_x\Release/core.a(USBCore.cpp.o)
 *fill*         0x200713d3        0x1 
 .bss._cdcComposite
                0x200713d4        0x4 C:\Users\user\AppData\Local\Temp\VMBuilds\MidiMixerMono\arduino_due_x\Release/core.a(USBCore.cpp.o)
                0x200713d4                _cdcComposite
 .bss._ZL21isRemoteWakeUpEnabled
                0x200713d8        0x1 C:\Users\user\AppData\Local\Temp\VMBuilds\MidiMixerMono\arduino_due_x\Release/core.a(USBCore.cpp.o)
 *fill*         0x200713d9        0x3 
 .bss._usbInitialized
                0x200713dc        0x4 C:\Users\user\AppData\Local\Temp\VMBuilds\MidiMixerMono\arduino_due_x\Release/core.a(USBCore.cpp.o)
                0x200713dc                _usbInitialized
 .bss.USBDevice
                0x200713e0        0x1 C:\Users\user\AppData\Local\Temp\VMBuilds\MidiMixerMono\arduino_due_x\Release/core.a(USBCore.cpp.o)
                0x200713e0                USBDevice
 *fill*         0x200713e1        0x3 
 .bss._usbSetInterface
                0x200713e4        0x4 C:\Users\user\AppData\Local\Temp\VMBuilds\MidiMixerMono\arduino_due_x\Release/core.a(USBCore.cpp.o)
                0x200713e4                _usbSetInterface
 .bss._cend     0x200713e8        0x2 C:\Users\user\AppData\Local\Temp\VMBuilds\MidiMixerMono\arduino_due_x\Release/core.a(USBCore.cpp.o)
                0x200713e8                _cend
 *fill*         0x200713ea        0x2 
 .bss._usbConfiguration
                0x200713ec        0x4 C:\Users\user\AppData\Local\Temp\VMBuilds\MidiMixerMono\arduino_due_x\Release/core.a(USBCore.cpp.o)
                0x200713ec                _usbConfiguration
 .bss.cdc_rx_buffer
                0x200713f0      0x208 C:\Users\user\AppData\Local\Temp\VMBuilds\MidiMixerMono\arduino_due_x\Release/core.a(CDC.cpp.o)
                0x200713f0                cdc_rx_buffer
 .bss._ZZN7Serial_6acceptEvE5guard
                0x200715f8        0x4 C:\Users\user\AppData\Local\Temp\VMBuilds\MidiMixerMono\arduino_due_x\Release/core.a(CDC.cpp.o)
 .bss.SerialUSB
                0x200715fc       0x14 C:\Users\user\AppData\Local\Temp\VMBuilds\MidiMixerMono\arduino_due_x\Release/core.a(CDC.cpp.o)
                0x200715fc                SerialUSB
 .bss._dwTickCount
                0x20071610        0x4 C:\Users\user\AppData\Local\arduino15\packages\arduino\hardware\sam\1.6.11\variants\arduino_due_x/libsam_sam3x8e_gcc_rel.a(timetick.o)
 .bss.ul_recv_fifo_ptr
                0x20071614       0x28 C:\Users\user\AppData\Local\arduino15\packages\arduino\hardware\sam\1.6.11\variants\arduino_due_x/libsam_sam3x8e_gcc_rel.a(uotghs_device.o)
 .bss.ul_send_fifo_ptr
                0x2007163c       0x28 C:\Users\user\AppData\Local\arduino15\packages\arduino\hardware\sam\1.6.11\variants\arduino_due_x/libsam_sam3x8e_gcc_rel.a(uotghs_device.o)
 .bss.__malloc_max_total_mem
                0x20071664        0x4 c:/users/user/appdata/local/arduino15/packages/arduino/tools/arm-none-eabi-gcc/4.8.3-2014q1/bin/../lib/gcc/arm-none-eabi/4.8.3/../../../../arm-none-eabi/lib/armv7-m\libg.a(lib_a-mallocr.o)
                0x20071664                __malloc_max_total_mem
 .bss.__malloc_max_sbrked_mem
                0x20071668        0x4 c:/users/user/appdata/local/arduino15/packages/arduino/tools/arm-none-eabi-gcc/4.8.3-2014q1/bin/../lib/gcc/arm-none-eabi/4.8.3/../../../../arm-none-eabi/lib/armv7-m\libg.a(lib_a-mallocr.o)
                0x20071668                __malloc_max_sbrked_mem
 .bss.__malloc_top_pad
                0x2007166c        0x4 c:/users/user/appdata/local/arduino15/packages/arduino/tools/arm-none-eabi-gcc/4.8.3-2014q1/bin/../lib/gcc/arm-none-eabi/4.8.3/../../../../arm-none-eabi/lib/armv7-m\libg.a(lib_a-mallocr.o)
                0x2007166c                __malloc_top_pad
 .bss.__malloc_current_mallinfo
                0x20071670       0x28 c:/users/user/appdata/local/arduino15/packages/arduino/tools/arm-none-eabi-gcc/4.8.3-2014q1/bin/../lib/gcc/arm-none-eabi/4.8.3/../../../../arm-none-eabi/lib/armv7-m\libg.a(lib_a-mallocr.o)
                0x20071670                __malloc_current_mallinfo
 *(COMMON)
 COMMON         0x20071698        0x4 c:/users/user/appdata/local/arduino15/packages/arduino/tools/arm-none-eabi-gcc/4.8.3-2014q1/bin/../lib/gcc/arm-none-eabi/4.8.3/../../../../arm-none-eabi/lib/armv7-m\libg.a(lib_a-reent.o)
                0x20071698                errno
                0x2007169c                . = ALIGN (0x4)
                0x2007169c                _ebss = .
                0x2007169c                _ezero = .
                0x2007169c                . = ALIGN (0x4)
                0x2007169c                _end = .

.stack_dummy    0x2007169c        0x0
 *(.stack*)
                0x20088000                __StackTop = (ORIGIN (ram) + 0x18000)
                0x20088000                __StackLimit = (__StackTop - SIZEOF (.stack_dummy))
                0x20088000                PROVIDE (_sstack, __StackLimit)
                0x20088000                PROVIDE (_estack, __StackTop)
OUTPUT(C:\Users\user\AppData\Local\Temp\VMBuilds\MidiMixerMono\arduino_due_x\Release/MidiMixerMono.ino.elf elf32-littlearm)

.ARM.attributes
                0x00000000       0x29
 .ARM.attributes
                0x00000000       0x1d c:/users/user/appdata/local/arduino15/packages/arduino/tools/arm-none-eabi-gcc/4.8.3-2014q1/bin/../lib/gcc/arm-none-eabi/4.8.3/armv7-m/crti.o
 .ARM.attributes