Archive member included because of file (symbol)

C:\Users\user\AppData\Local\arduino15\packages\arduino\hardware\sam\1.6.11\variants\arduino_due_x/libsam_sam3x8e_gcc_rel.a(pio.o)
                              C:\Users\user\AppData\Local\Temp\VMBuilds\MidiMixerMono\arduino_due_x\Release\variant\variant.cpp.o (PIO_Configure)
C:\Users\user\AppData\Local\arduino15\packages\arduino\hardware\sam\1.6.11\variants\arduino_due_x/libsam_sam3x8e_gcc_rel.a(pmc.o)
                              C:\Users\user\AppData\Local\Temp\VMBuilds\MidiMixerMono\arduino_due_x\Release\variant\variant.cpp.o (pmc_enable_periph_clk)
C:\Users\user\AppData\Local\arduino15\packages\arduino\hardware\sam\1.6.11\variants\arduino_due_x/libsam_sam3x8e_gcc_rel.a(system_sam3xa.o)
                              C:\Users\user\AppData\Local\Temp\VMBuilds\MidiMixerMono\arduino_due_x\Release\variant\variant.cpp.o (SystemInit)
C:\Users\user\AppData\Local\arduino15\packages\arduino\hardware\sam\1.6.11\variants\arduino_due_x/libsam_sam3x8e_gcc_rel.a(startup_sam3xa.o)
                              (Reset_Handler)
C:\Users\user\AppData\Local\arduino15\packages\arduino\hardware\sam\1.6.11\variants\arduino_due_x/libsam_sam3x8e_gcc_rel.a(adc.o)
                              C:\Users\user\AppData\Local\Temp\VMBuilds\MidiMixerMono\arduino_due_x\Release\variant\variant.cpp.o (adc_init)
C:\Users\user\AppData\Local\arduino15\packages\arduino\hardware\sam\1.6.11\variants\arduino_due_x/libsam_sam3x8e_gcc_rel.a(uotghs.o)
                              C:\Users\user\AppData\Local\arduino15\packages\arduino\hardware\sam\1.6.11\variants\arduino_due_x/libsam_sam3x8e_gcc_rel.a(startup_sam3xa.o) (UOTGHS_Handler)
C:\Users\user\AppData\Local\Temp\VMBuilds\MidiMixerMono\arduino_due_x\Release/core.a(cortex_handlers.c.o)
                              C:\Users\user\AppData\Local\arduino15\packages\arduino\hardware\sam\1.6.11\variants\arduino_due_x/libsam_sam3x8e_gcc_rel.a(startup_sam3xa.o) (NMI_Handler)
C:\Users\user\AppData\Local\Temp\VMBuilds\MidiMixerMono\arduino_due_x\Release/core.a(hooks.c.o)
                              C:\Users\user\AppData\Local\Temp\VMBuilds\MidiMixerMono\arduino_due_x\Release/core.a(cortex_handlers.c.o) (sysTickHook)
C:\Users\user\AppData\Local\Temp\VMBuilds\MidiMixerMono\arduino_due_x\Release/core.a(syscalls_sam3.c.o)
                              (_sbrk)
C:\Users\user\AppData\Local\Temp\VMBuilds\MidiMixerMono\arduino_due_x\Release/core.a(WInterrupts.c.o)
                              C:\Users\user\AppData\Local\Temp\VMBuilds\MidiMixerMono\arduino_due_x\Release\MidiMixerMono.cpp.o (attachInterrupt)
C:\Users\user\AppData\Local\Temp\VMBuilds\MidiMixerMono\arduino_due_x\Release/core.a(wiring.c.o)
                              C:\Users\user\AppData\Local\Temp\VMBuilds\MidiMixerMono\arduino_due_x\Release\MidiMixerMono.cpp.o (millis)
C:\Users\user\AppData\Local\Temp\VMBuilds\MidiMixerMono\arduino_due_x\Release/core.a(wiring_analog.c.o)
                              C:\Users\user\AppData\Local\Temp\VMBuilds\MidiMixerMono\arduino_due_x\Release\variant\variant.cpp.o (analogOutputInit)
C:\Users\user\AppData\Local\Temp\VMBuilds\MidiMixerMono\arduino_due_x\Release/core.a(wiring_digital.c.o)
                              C:\Users\user\AppData\Local\Temp\VMBuilds\MidiMixerMono\arduino_due_x\Release\MidiMixerMono.cpp.o (pinMode)
C:\Users\user\AppData\Local\Temp\VMBuilds\MidiMixerMono\arduino_due_x\Release/core.a(main.cpp.o)
                              c:/users/user/appdata/local/arduino15/packages/arduino/tools/arm-none-eabi-gcc/4.8.3-2014q1/bin/../lib/gcc/arm-none-eabi/4.8.3/../../../../arm-none-eabi/lib/armv7-m/crt0.o (main)
C:\Users\user\AppData\Local\Temp\VMBuilds\MidiMixerMono\arduino_due_x\Release/core.a(Print.cpp.o)
                              C:\Users\user\AppData\Local\Temp\VMBuilds\MidiMixerMono\arduino_due_x\Release\MidiMixerMono.cpp.o (Print::println(String const&))
C:\Users\user\AppData\Local\Temp\VMBuilds\MidiMixerMono\arduino_due_x\Release/core.a(Reset.cpp.o)
                              C:\Users\user\AppData\Local\Temp\VMBuilds\MidiMixerMono\arduino_due_x\Release/core.a(cortex_handlers.c.o) (tickReset)
C:\Users\user\AppData\Local\Temp\VMBuilds\MidiMixerMono\arduino_due_x\Release/core.a(RingBuffer.cpp.o)
                              C:\Users\user\AppData\Local\Temp\VMBuilds\MidiMixerMono\arduino_due_x\Release\variant\variant.cpp.o (RingBuffer::RingBuffer())
C:\Users\user\AppData\Local\Temp\VMBuilds\MidiMixerMono\arduino_due_x\Release/core.a(UARTClass.cpp.o)
                              C:\Users\user\AppData\Local\Temp\VMBuilds\MidiMixerMono\arduino_due_x\Release\variant\variant.cpp.o (UARTClass::available())
C:\Users\user\AppData\Local\Temp\VMBuilds\MidiMixerMono\arduino_due_x\Release/core.a(USARTClass.cpp.o)
                              C:\Users\user\AppData\Local\Temp\VMBuilds\MidiMixerMono\arduino_due_x\Release\variant\variant.cpp.o (USARTClass::USARTClass(Usart*, IRQn, unsigned long, RingBuffer*, RingBuffer*))
[...]
Memory Configuration

Name             Origin             Length             Attributes
rom              0x00080000         0x00080000         xr
sram0            0x20000000         0x00010000         xrw
sram1            0x20080000         0x00008000         xrw
ram              0x20070000         0x00018000         xrw
*default*        0x00000000         0xffffffff

Linker script and memory map

LOAD c:/users/user/appdata/local/arduino15/packages/arduino/tools/arm-none-eabi-gcc/4.8.3-2014q1/bin/../lib/gcc/arm-none-eabi/4.8.3/armv7-m/crti.o
LOAD c:/users/user/appdata/local/arduino15/packages/arduino/tools/arm-none-eabi-gcc/4.8.3-2014q1/bin/../lib/gcc/arm-none-eabi/4.8.3/armv7-m/crtbegin.o
LOAD c:/users/user/appdata/local/arduino15/packages/arduino/tools/arm-none-eabi-gcc/4.8.3-2014q1/bin/../lib/gcc/arm-none-eabi/4.8.3/../../../../arm-none-eabi/lib/armv7-m/crt0.o
START GROUP
LOAD C:\Users\user\AppData\Local\Temp\VMBuilds\MidiMixerMono\arduino_due_x\Release\MidiMixerMono.cpp.o
LOAD C:\Users\user\AppData\Local\Temp\VMBuilds\MidiMixerMono\arduino_due_x\Release\variant\variant.cpp.o
LOAD C:\Users\user\AppData\Local\arduino15\packages\arduino\hardware\sam\1.6.11\variants\arduino_due_x/libsam_sam3x8e_gcc_rel.a
LOAD C:\Users\user\AppData\Local\Temp\VMBuilds\MidiMixerMono\arduino_due_x\Release/core.a
END GROUP
LOAD c:/users/user/appdata/local/arduino15/packages/arduino/tools/arm-none-eabi-gcc/4.8.3-2014q1/bin/../lib/gcc/arm-none-eabi/4.8.3/../../../../arm-none-eabi/lib/armv7-m\libm.a
START GROUP
LOAD c:/users/user/appdata/local/arduino15/packages/arduino/tools/arm-none-eabi-gcc/4.8.3-2014q1/bin/../lib/gcc/arm-none-eabi/4.8.3/armv7-m\libgcc.a
LOAD c:/users/user/appdata/local/arduino15/packages/arduino/tools/arm-none-eabi-gcc/4.8.3-2014q1/bin/../lib/gcc/arm-none-eabi/4.8.3/../../../../arm-none-eabi/lib/armv7-m\libg.a
LOAD c:/users/user/appdata/local/arduino15/packages/arduino/tools/arm-none-eabi-gcc/4.8.3-2014q1/bin/../lib/gcc/arm-none-eabi/4.8.3/../../../../arm-none-eabi/lib/armv7-m\libc.a
END GROUP
LOAD c:/users/user/appdata/local/arduino15/packages/arduino/tools/arm-none-eabi-gcc/4.8.3-2014q1/bin/../lib/gcc/arm-none-eabi/4.8.3/armv7-m/crtend.o
LOAD c:/users/user/appdata/local/arduino15/packages/arduino/tools/arm-none-eabi-gcc/4.8.3-2014q1/bin/../lib/gcc/arm-none-eabi/4.8.3/armv7-m/crtn.o

.text           0x00080000     0x714c
                0x00080000                . = ALIGN (0x4)
                0x00080000                _sfixed = .
 *(.vectors .vectors.*)
 .vectors       0x00080000       0xf4 C:\Users\user\AppData\Local\arduino15\packages\arduino\hardware\sam\1.6.11\variants\arduino_due_x/libsam_sam3x8e_gcc_rel.a(startup_sam3xa.o)
                0x00080000                exception_table
 *(.text .text.* .gnu.linkonce.t.*)
 .text          0x000800f4       0x54 c:/users/user/appdata/local/arduino15/packages/arduino/tools/arm-none-eabi-gcc/4.8.3-2014q1/bin/../lib/gcc/arm-none-eabi/4.8.3/armv7-m/crtbegin.o
 .text._Z14rotaryGetStateii
                0x00080148       0x42 C:\Users\user\AppData\Local\Temp\VMBuilds\MidiMixerMono\arduino_due_x\Release\MidiMixerMono.cpp.o
                0x00080148                rotaryGetState(int, int)
 *fill*         0x0008018a        0x2 
 .text._Z22rotaryDeltaUpdateStatePVi
                0x0008018c       0x18 C:\Users\user\AppData\Local\Temp\VMBuilds\MidiMixerMono\arduino_due_x\Release\MidiMixerMono.cpp.o
                0x0008018c                rotaryDeltaUpdateState(int volatile*)
 .text._Z15shiftEncoderISRv
                0x000801a4       0x54 C:\Users\user\AppData\Local\Temp\VMBuilds\MidiMixerMono\arduino_due_x\Release\MidiMixerMono.cpp.o
                0x000801a4                shiftEncoderISR()
 .text._Z18buttonGenerateMidiPi
                0x000801f8       0x90 C:\Users\user\AppData\Local\Temp\VMBuilds\MidiMixerMono\arduino_due_x\Release\MidiMixerMono.cpp.o
                0x000801f8                buttonGenerateMidi(int*)
 .text._Z14buttonGetStatei
                0x00080288       0x10 C:\Users\user\AppData\Local\Temp\VMBuilds\MidiMixerMono\arduino_due_x\Release\MidiMixerMono.cpp.o
                0x00080288                buttonGetState(int)
 .text._Z17buttonUpdateStatePVi
                0x00080298       0x3c C:\Users\user\AppData\Local\Temp\VMBuilds\MidiMixerMono\arduino_due_x\Release\MidiMixerMono.cpp.o
                0x00080298                buttonUpdateState(int volatile*)
 .text._Z8ledFlashii
                0x000802d4       0x4a C:\Users\user\AppData\Local\Temp\VMBuilds\MidiMixerMono\arduino_due_x\Release\MidiMixerMono.cpp.o
                0x000802d4                ledFlash(int, int)
 *fill*         0x0008031e        0x2 
 .text._Z8ledClearv
                0x00080320       0x28 C:\Users\user\AppData\Local\Temp\VMBuilds\MidiMixerMono\arduino_due_x\Release\MidiMixerMono.cpp.o
                0x00080320                ledClear()
 .text._Z14shiftButtonISRv
                0x00080348       0x20 C:\Users\user\AppData\Local\Temp\VMBuilds\MidiMixerMono\arduino_due_x\Release\MidiMixerMono.cpp.o
                0x00080348                shiftButtonISR()
 .text._Z17displayPageSelecti
                0x00080368       0xec C:\Users\user\AppData\Local\Temp\VMBuilds\MidiMixerMono\arduino_due_x\Release\MidiMixerMono.cpp.o
                0x00080368                displayPageSelect(int)
 .text._Z17displayButtonLEDsi
                0x00080454       0xc4 C:\Users\user\AppData\Local\Temp\VMBuilds\MidiMixerMono\arduino_due_x\Release\MidiMixerMono.cpp.o
                0x00080454                displayButtonLEDs(int)
 .text._Z17displayRotaryLEDsi
                0x00080518       0xd8 C:\Users\user\AppData\Local\Temp\VMBuilds\MidiMixerMono\arduino_due_x\Release\MidiMixerMono.cpp.o
                0x00080518                displayRotaryLEDs(int)
 .text.loop     0x000805f0       0x2c C:\Users\user\AppData\Local\Temp\VMBuilds\MidiMixerMono\arduino_due_x\Release\MidiMixerMono.cpp.o
                0x000805f0                loop
 .text._Z21updatePageButtonStatei
                0x0008061c       0xe0 C:\Users\user\AppData\Local\Temp\VMBuilds\MidiMixerMono\arduino_due_x\Release\MidiMixerMono.cpp.o
                0x0008061c                updatePageButtonState(int)
 .text._Z14pageButton1ISRv
                0x000806fc       0x28 C:\Users\user\AppData\Local\Temp\VMBuilds\MidiMixerMono\arduino_due_x\Release\MidiMixerMono.cpp.o
                0x000806fc                pageButton1ISR()
 .text._Z14pageButton2ISRv
                0x00080724       0x28 C:\Users\user\AppData\Local\Temp\VMBuilds\MidiMixerMono\arduino_due_x\Release\MidiMixerMono.cpp.o
                0x00080724                pageButton2ISR()
 .text._Z14pageButton3ISRv
                0x0008074c       0x28 C:\Users\user\AppData\Local\Temp\VMBuilds\MidiMixerMono\arduino_due_x\Release\MidiMixerMono.cpp.o
                0x0008074c                pageButton3ISR()
 .text._Z14pageButton4ISRv
                0x00080774       0x28 C:\Users\user\AppData\Local\Temp\VMBuilds\MidiMixerMono\arduino_due_x\Release\MidiMixerMono.cpp.o
                0x00080774                pageButton4ISR()
 .text._Z28rotaryValGenerateMidiMessagePi
                0x0008079c       0xac C:\Users\user\AppData\Local\Temp\VMBuilds\MidiMixerMono\arduino_due_x\Release\MidiMixerMono.cpp.o
                0x0008079c                rotaryValGenerateMidiMessage(int*)
 .text._Z22rotaryValueUpdateStatePVi
                0x00080848       0x7c C:\Users\user\AppData\Local\Temp\VMBuilds\MidiMixerMono\arduino_due_x\Release\MidiMixerMono.cpp.o
                0x00080848                rotaryValueUpdateState(int volatile*)
 .text._Z21updatePageRotaryStatei
                0x000808c4       0xf4 C:\Users\user\AppData\Local\Temp\VMBuilds\MidiMixerMono\arduino_due_x\Release\MidiMixerMono.cpp.o
                0x000808c4                updatePageRotaryState(int)
 .text._Z15pageEncoder1ISRv
                0x000809b8       0x10 C:\Users\user\AppData\Local\Temp\VMBuilds\MidiMixerMono\arduino_due_x\Release\MidiMixerMono.cpp.o
                0x000809b8                pageEncoder1ISR()
 .text._Z15pageEncoder2ISRv
                0x000809c8       0x10 C:\Users\user\AppData\Local\Temp\VMBuilds\MidiMixerMono\arduino_due_x\Release\MidiMixerMono.cpp.o
                0x000809c8                pageEncoder2ISR()
 .text._Z15pageEncoder3ISRv
                0x000809d8       0x10 C:\Users\user\AppData\Local\Temp\VMBuilds\MidiMixerMono\arduino_due_x\Release\MidiMixerMono.cpp.o
                0x000809d8                pageEncoder3ISR()
 .text._Z15pageEncoder4ISRv
                0x000809e8       0x10 C:\Users\user\AppData\Local\Temp\VMBuilds\MidiMixerMono\arduino_due_x\Release\MidiMixerMono.cpp.o
                0x000809e8                pageEncoder4ISR()
 .text.setup    0x000809f8      0x254 C:\Users\user\AppData\Local\Temp\VMBuilds\MidiMixerMono\arduino_due_x\Release\MidiMixerMono.cpp.o
                0x000809f8                setup
 .text._Z11serialEventv
                0x00080c4c        0x2 C:\Users\user\AppData\Local\Temp\VMBuilds\MidiMixerMono\arduino_due_x\Release\variant\variant.cpp.o
                0x00080c4c                serialEvent()
 *fill*         0x00080c4e        0x2 
 .text.UART_Handler
                0x00080c50        0xc C:\Users\user\AppData\Local\Temp\VMBuilds\MidiMixerMono\arduino_due_x\Release\variant\variant.cpp.o
                0x00080c50                UART_Handler
 .text._Z12serialEvent1v
                0x00080c5c        0x2 C:\Users\user\AppData\Local\Temp\VMBuilds\MidiMixerMono\arduino_due_x\Release\variant\variant.cpp.o
                0x00080c5c                serialEvent1()
 .text._Z12serialEvent2v
                0x00080c5e        0x2 C:\Users\user\AppData\Local\Temp\VMBuilds\MidiMixerMono\arduino_due_x\Release\variant\variant.cpp.o
                0x00080c5e                serialEvent2()
 .text._Z12serialEvent3v
                0x00080c60        0x2 C:\Users\user\AppData\Local\Temp\VMBuilds\MidiMixerMono\arduino_due_x\Release\variant\variant.cpp.o
                0x00080c60                serialEvent3()
 *fill*         0x00080c62        0x2 
 .text.USART0_Handler
                0x00080c64        0xc C:\Users\user\AppData\Local\Temp\VMBuilds\MidiMixerMono\arduino_due_x\Release\variant\variant.cpp.o
                0x00080c64                USART0_Handler
 .text.USART1_Handler
                0x00080c70        0xc C:\Users\user\AppData\Local\Temp\VMBuilds\MidiMixerMono\arduino_due_x\Release\variant\variant.cpp.o
                0x00080c70                USART1_Handler
 .text.USART3_Handler
                0x00080c7c        0xc C:\Users\user\AppData\Local\Temp\VMBuilds\MidiMixerMono\arduino_due_x\Release\variant\variant.cpp.o
                0x00080c7c                USART3_Handler
 .text.init     0x00080c88      0x128 C:\Users\user\AppData\Local\Temp\VMBuilds\MidiMixerMono\arduino_due_x\Release\variant\variant.cpp.o
                0x00080c88                init
 .text.startup._GLOBAL__sub_I_g_APinDescription
                0x00080db0       0xd4 C:\Users\user\AppData\Local\Temp\VMBuilds\MidiMixerMono\arduino_due_x\Release\variant\variant.cpp.o
 .text._Z14serialEventRunv
                0x00080e84       0x44 C:\Users\user\AppData\Local\Temp\VMBuilds\MidiMixerMono\arduino_due_x\Release\variant\variant.cpp.o
                0x00080e84                serialEventRun()
 .text.PIO_PullUp
                0x00080ec8        0xa C:\Users\user\AppData\Local\arduino15\packages\arduino\hardware\sam\1.6.11\variants\arduino_due_x/libsam_sam3x8e_gcc_rel.a(pio.o)
                0x00080ec8                PIO_PullUp
 .text.PIO_Get  0x00080ed2       0x14 C:\Users\user\AppData\Local\arduino15\packages\arduino\hardware\sam\1.6.11\variants\arduino_due_x/libsam_sam3x8e_gcc_rel.a(pio.o)
                0x00080ed2                PIO_Get
 .text.PIO_SetPeripheral
                0x00080ee6       0x26 C:\Users\user\AppData\Local\arduino15\packages\arduino\hardware\sam\1.6.11\variants\arduino_due_x/libsam_sam3x8e_gcc_rel.a(pio.o)
                0x00080ee6                PIO_SetPeripheral
 .text.PIO_SetInput
                0x00080f0c       0x26 C:\Users\user\AppData\Local\arduino15\packages\arduino\hardware\sam\1.6.11\variants\arduino_due_x/libsam_sam3x8e_gcc_rel.a(pio.o)
                0x00080f0c                PIO_SetInput
 .text.PIO_SetOutput
                0x00080f32       0x24 C:\Users\user\AppData\Local\arduino15\packages\arduino\hardware\sam\1.6.11\variants\arduino_due_x/libsam_sam3x8e_gcc_rel.a(pio.o)
                0x00080f32                PIO_SetOutput
 *fill*         0x00080f56        0x2 
 .text.PIO_Configure
                0x00080f58       0x64 C:\Users\user\AppData\Local\arduino15\packages\arduino\hardware\sam\1.6.11\variants\arduino_due_x/libsam_sam3x8e_gcc_rel.a(pio.o)
                0x00080f58                PIO_Configure
 .text.PIO_GetOutputDataStatus
                0x00080fbc       0x14 C:\Users\user\AppData\Local\arduino15\packages\arduino\hardware\sam\1.6.11\variants\arduino_due_x/libsam_sam3x8e_gcc_rel.a(pio.o)
                0x00080fbc                PIO_GetOutputDataStatus
 .text.pmc_enable_upll_clock
                0x00080fd0       0x14 C:\Users\user\AppData\Local\arduino15\packages\arduino\hardware\sam\1.6.11\variants\arduino_due_x/libsam_sam3x8e_gcc_rel.a(pmc.o)
                0x00080fd0                pmc_enable_upll_clock
 .text.pmc_enable_periph_clk
                0x00080fe4       0x44 C:\Users\user\AppData\Local\arduino15\packages\arduino\hardware\sam\1.6.11\variants\arduino_due_x/libsam_sam3x8e_gcc_rel.a(pmc.o)
                0x00080fe4                pmc_enable_periph_clk
 .text.pmc_disable_periph_clk
                0x00081028       0x40 C:\Users\user\AppData\Local\arduino15\packages\arduino\hardware\sam\1.6.11\variants\arduino_due_x/libsam_sam3x8e_gcc_rel.a(pmc.o)
                0x00081028                pmc_disable_periph_clk
 .text.pmc_switch_udpck_to_upllck
                0x00081068       0x14 C:\Users\user\AppData\Local\arduino15\packages\arduino\hardware\sam\1.6.11\variants\arduino_due_x/libsam_sam3x8e_gcc_rel.a(pmc.o)
                0x00081068                pmc_switch_udpck_to_upllck
 .text.pmc_enable_udpck
                0x0008107c        0xc C:\Users\user\AppData\Local\arduino15\packages\arduino\hardware\sam\1.6.11\variants\arduino_due_x/libsam_sam3x8e_gcc_rel.a(pmc.o)
                0x0008107c                pmc_enable_udpck
 .text.SystemInit
                0x00081088       0x88 C:\Users\user\AppData\Local\arduino15\packages\arduino\hardware\sam\1.6.11\variants\arduino_due_x/libsam_sam3x8e_gcc_rel.a(system_sam3xa.o)
                0x00081088                SystemInit
 .text.Reset_Handler
                0x00081110       0x78 C:\Users\user\AppData\Local\arduino15\packages\arduino\hardware\sam\1.6.11\variants\arduino_due_x/libsam_sam3x8e_gcc_rel.a(startup_sam3xa.o)
                0x00081110                Reset_Handler
 .text.adc_init
                0x00081188       0x98 C:\Users\user\AppData\Local\arduino15\packages\arduino\hardware\sam\1.6.11\variants\arduino_due_x/libsam_sam3x8e_gcc_rel.a(adc.o)
                0x00081188                adc_init
 .text.adc_configure_trigger
                0x00081220        0xe C:\Users\user\AppData\Local\arduino15\packages\arduino\hardware\sam\1.6.11\variants\arduino_due_x/libsam_sam3x8e_gcc_rel.a(adc.o)
                0x00081220                adc_configure_trigger
 .text.adc_configure_timing
                0x0008122e       0x1a C:\Users\user\AppData\Local\arduino15\packages\arduino\hardware\sam\1.6.11\variants\arduino_due_x/libsam_sam3x8e_gcc_rel.a(adc.o)
                0x0008122e                adc_configure_timing
 .text.adc_disable_channel
                0x00081248        0xa C:\Users\user\AppData\Local\arduino15\packages\arduino\hardware\sam\1.6.11\variants\arduino_due_x/libsam_sam3x8e_gcc_rel.a(adc.o)
                0x00081248                adc_disable_channel
 .text.adc_disable_all_channel
                0x00081252        0x8 C:\Users\user\AppData\Local\arduino15\packages\arduino\hardware\sam\1.6.11\variants\arduino_due_x/libsam_sam3x8e_gcc_rel.a(adc.o)
                0x00081252                adc_disable_all_channel
 .text.adc_disable_interrupt
                0x0008125a        0x4 C:\Users\user\AppData\Local\arduino15\packages\arduino\hardware\sam\1.6.11\variants\arduino_due_x/libsam_sam3x8e_gcc_rel.a(adc.o)
                0x0008125a                adc_disable_interrupt
 *fill*         0x0008125e        0x2 
 .text.UOTGHS_Handler
                0x00081260       0x10 C:\Users\user\AppData\Local\arduino15\packages\arduino\hardware\sam\1.6.11\variants\arduino_due_x/libsam_sam3x8e_gcc_rel.a(uotghs.o)
                0x00081260                UOTGHS_Handler
 .text.__halt   0x00081270        0x2 C:\Users\user\AppData\Local\Temp\VMBuilds\MidiMixerMono\arduino_due_x\Release/core.a(cortex_handlers.c.o)
                0x00081270                DACC_Handler
                0x00081270                DebugMon_Handler
                0x00081270                DMAC_Handler
                0x00081270                TRNG_Handler
                0x00081270                HardFault_Handler
                0x00081270                TC2_Handler
                0x00081270                TWI1_Handler
                0x00081270                NMI_Handler
                0x00081270                TC7_Handler
                0x00081270                ADC_Handler
                0x00081270                SMC_Handler
                0x00081270                RTT_Handler
                0x00081270                EFC1_Handler
                0x00081270                RTC_Handler
                0x00081270                UsageFault_Handler
                0x00081270                TC6_Handler
                0x00081270                WDT_Handler
                0x00081270                CAN0_Handler
                0x00081270                TC4_Handler
                0x00081270                TC1_Handler
                0x00081270                HSMCI_Handler
                0x00081270                TC3_Handler
                0x00081270                TWI0_Handler
                0x00081270                SSC_Handler
                0x00081270                EFC0_Handler
                0x00081270                PMC_Handler
                0x00081270                PWM_Handler
                0x00081270                CAN1_Handler
                0x00081270                MemManage_Handler
                0x00081270                SUPC_Handler
                0x00081270                TC8_Handler
                0x00081270                USART2_Handler
                0x00081270                EMAC_Handler
                0x00081270                BusFault_Handler
                0x00081270                RSTC_Handler
                0x00081270                TC0_Handler
                0x00081270                TC5_Handler
                0x00081270                SPI0_Handler
 .text.SVC_Handler
                0x00081272        0x4 C:\Users\user\AppData\Local\Temp\VMBuilds\MidiMixerMono\arduino_due_x\Release/core.a(cortex_handlers.c.o)
                0x00081272                SVC_Handler
 .text.PendSV_Handler
                0x00081276        0x4 C:\Users\user\AppData\Local\Temp\VMBuilds\MidiMixerMono\arduino_due_x\Release/core.a(cortex_handlers.c.o)
                0x00081276                PendSV_Handler
 .text.SysTick_Handler
                0x0008127a       0x16 C:\Users\user\AppData\Local\Temp\VMBuilds\MidiMixerMono\arduino_due_x\Release/core.a(cortex_handlers.c.o)
                0x0008127a                SysTick_Handler
 .text.__empty  0x00081290        0x2 C:\Users\user\AppData\Local\Temp\VMBuilds\MidiMixerMono\arduino_due_x\Release/core.a(hooks.c.o)
                0x00081290                yield
 .text.__false  0x00081292        0x4 C:\Users\user\AppData\Local\Temp\VMBuilds\MidiMixerMono\arduino_due_x\Release/core.a(hooks.c.o)
                0x00081292                sysTickHook
 .text.__halt   0x00081296        0x2 C:\Users\user\AppData\Local\Temp\VMBuilds\MidiMixerMono\arduino_due_x\Release/core.a(hooks.c.o)
                0x00081296                svcHook
                0x00081296                pendSVHook
 .text._sbrk    0x00081298       0x1c C:\Users\user\AppData\Local\Temp\VMBuilds\MidiMixerMono\arduino_due_x\Release/core.a(syscalls_sam3.c.o)
                0x00081298                _sbrk
 .text.link     0x000812b4        0x6 C:\Users\user\AppData\Local\Temp\VMBuilds\MidiMixerMono\arduino_due_x\Release/core.a(syscalls_sam3.c.o)
                0x000812b4                link
 .text._close   0x000812ba        0x6 C:\Users\user\AppData\Local\Temp\VMBuilds\MidiMixerMono\arduino_due_x\Release/core.a(syscalls_sam3.c.o)
                0x000812ba                _close
 .text._fstat   0x000812c0        0xa C:\Users\user\AppData\Local\Temp\VMBuilds\MidiMixerMono\arduino_due_x\Release/core.a(syscalls_sam3.c.o)
                0x000812c0                _fstat
 .text._isatty  0x000812ca        0x4 C:\Users\user\AppData\Local\Temp\VMBuilds\MidiMixerMono\arduino_due_x\Release/core.a(syscalls_sam3.c.o)
                0x000812ca                _isatty
 .text._lseek   0x000812ce        0x4 C:\Users\user\AppData\Local\Temp\VMBuilds\MidiMixerMono\arduino_due_x\Release/core.a(syscalls_sam3.c.o)
                0x000812ce                _lseek
 .text._read    0x000812d2        0x4 C:\Users\user\AppData\Local\Temp\VMBuilds\MidiMixerMono\arduino_due_x\Release/core.a(syscalls_sam3.c.o)
                0x000812d2                _read
 *fill*         0x000812d6        0x2 
 .text._write   0x000812d8       0x24 C:\Users\user\AppData\Local\Temp\VMBuilds\MidiMixerMono\arduino_due_x\Release/core.a(syscalls_sam3.c.o)
                0x000812d8                _write
 .text._exit    0x000812fc       0x10 C:\Users\user\AppData\Local\Temp\VMBuilds\MidiMixerMono\arduino_due_x\Release/core.a(syscalls_sam3.c.o)
                0x000812fc                _exit
 .text._kill    0x0008130c        0x2 C:\Users\user\AppData\Local\Temp\VMBuilds\MidiMixerMono\arduino_due_x\Release/core.a(syscalls_sam3.c.o)
                0x0008130c                _kill
 .text._getpid  0x0008130e        0x6 C:\Users\user\AppData\Local\Temp\VMBuilds\MidiMixerMono\arduino_due_x\Release/core.a(syscalls_sam3.c.o)
                0x0008130e                _getpid
 .text.attachInterrupt
                0x00081314      0x148 C:\Users\user\AppData\Local\Temp\VMBuilds\MidiMixerMono\arduino_due_x\Release/core.a(WInterrupts.c.o)
                0x00081314                attachInterrupt
 .text.PIOA_Handler
                0x0008145c       0x38 C:\Users\user\AppData\Local\Temp\VMBuilds\MidiMixerMono\arduino_due_x\Release/core.a(WInterrupts.c.o)
                0x0008145c                PIOA_Handler
 .text.PIOB_Handler
                0x00081494       0x38 C:\Users\user\AppData\Local\Temp\VMBuilds\MidiMixerMono\arduino_due_x\Release/core.a(WInterrupts.c.o)
                0x00081494                PIOB_Handler
 .text.PIOC_Handler
                0x000814cc       0x38 C:\Users\user\AppData\Local\Temp\VMBuilds\MidiMixerMono\arduino_due_x\Release/core.a(WInterrupts.c.o)
                0x000814cc                PIOC_Handler
 .text.PIOD_Handler
                0x00081504       0x38 C:\Users\user\AppData\Local\Temp\VMBuilds\MidiMixerMono\arduino_due_x\Release/core.a(WInterrupts.c.o)
                0x00081504                PIOD_Handler
 .text.millis   0x0008153c        0x4 C:\Users\user\AppData\Local\Temp\VMBuilds\MidiMixerMono\arduino_due_x\Release/core.a(wiring.c.o)
                0x0008153c                millis
 .text.delay    0x00081540       0x1c C:\Users\user\AppData\Local\Temp\VMBuilds\MidiMixerMono\arduino_due_x\Release/core.a(wiring.c.o)
                0x00081540                delay
 .text.mapResolution
                0x0008155c       0x12 C:\Users\user\AppData\Local\Temp\VMBuilds\MidiMixerMono\arduino_due_x\Release/core.a(wiring_analog.c.o)
 .text.analogOutputInit
                0x0008156e        0x2 C:\Users\user\AppData\Local\Temp\VMBuilds\MidiMixerMono\arduino_due_x\Release/core.a(wiring_analog.c.o)
                0x0008156e                analogOutputInit
 .text.analogWrite
                0x00081570      0x2c0 C:\Users\user\AppData\Local\Temp\VMBuilds\MidiMixerMono\arduino_due_x\Release/core.a(wiring_analog.c.o)
                0x00081570                analogWrite
 .text.pinMode  0x00081830      0x108 C:\Users\user\AppData\Local\Temp\VMBuilds\MidiMixerMono\arduino_due_x\Release/core.a(wiring_digital.c.o)
                0x00081830                pinMode
 .text.digitalWrite
                0x00081938       0x70 C:\Users\user\AppData\Local\Temp\VMBuilds\MidiMixerMono\arduino_due_x\Release/core.a(wiring_digital.c.o)
                0x00081938                digitalWrite
 .text.digitalRead
                0x000819a8       0x44 C:\Users\user\AppData\Local\Temp\VMBuilds\MidiMixerMono\arduino_due_x\Release/core.a(wiring_digital.c.o)
                0x000819a8                digitalRead
 .text.initVariant
                0x000819ec        0x2 C:\Users\user\AppData\Local\Temp\VMBuilds\MidiMixerMono\arduino_due_x\Release/core.a(main.cpp.o)
                0x000819ec                initVariant
 *fill*         0x000819ee        0x2 
 .text.startup.main
                0x000819f0       0x38 C:\Users\user\AppData\Local\Temp\VMBuilds\MidiMixerMono\arduino_due_x\Release/core.a(main.cpp.o)
                0x000819f0                main
 .text._ZN5Print5writeEPKhj
                0x00081a28       0x22 C:\Users\user\AppData\Local\Temp\VMBuilds\MidiMixerMono\arduino_due_x\Release/core.a(Print.cpp.o)
                0x00081a28                Print::write(unsigned char const*, unsigned int)
 .text._ZN5Print5writeEPKc
                0x00081a4a       0x1e C:\Users\user\AppData\Local\Temp\VMBuilds\MidiMixerMono\arduino_due_x\Release/core.a(Print.cpp.o)
                0x00081a4a                Print::write(char const*)
 .text._ZN5Print5printERK6String
                0x00081a68       0x10 C:\Users\user\AppData\Local\Temp\VMBuilds\MidiMixerMono\arduino_due_x\Release/core.a(Print.cpp.o)
                0x00081a68                Print::print(String const&)
 .text._ZN5Print7printlnEv
                0x00081a78       0x10 C:\Users\user\AppData\Local\Temp\VMBuilds\MidiMixerMono\arduino_due_x\Release/core.a(Print.cpp.o)
                0x00081a78                Print::println()
 .text._ZN5Print7printlnERK6String
                0x00081a88       0x14 C:\Users\user\AppData\Local\Temp\VMBuilds\MidiMixerMono\arduino_due_x\Release/core.a(Print.cpp.o)
                0x00081a88                Print::println(String const&)
 .text.initiateReset
                0x00081a9c        0xc C:\Users\user\AppData\Local\Temp\VMBuilds\MidiMixerMono\arduino_due_x\Release/core.a(Reset.cpp.o)
                0x00081a9c                initiateReset
 .text.cancelReset
                0x00081aa8       0x10 C:\Users\user\AppData\Local\Temp\VMBuilds\MidiMixerMono\arduino_due_x\Release/core.a(Reset.cpp.o)
                0x00081aa8                cancelReset
 .text.tickReset
                0x00081ab8       0x20 C:\Users\user\AppData\Local\Temp\VMBuilds\MidiMixerMono\arduino_due_x\Release/core.a(Reset.cpp.o)
                0x00081ab8                tickReset
 .text._ZN10RingBufferC2Ev
                0x00081ad8       0x1a C:\Users\user\AppData\Local\Temp\VMBuilds\MidiMixerMono\arduino_due_x\Release/core.a(RingBuffer.cpp.o)
                0x00081ad8                RingBuffer::RingBuffer()
                0x00081ad8                RingBuffer::RingBuffer()
 .text._ZN10RingBuffer10store_charEh
                0x00081af2       0x1e C:\Users\user\AppData\Local\Temp\VMBuilds\MidiMixerMono\arduino_due_x\Release/core.a(RingBuffer.cpp.o)
                0x00081af2                RingBuffer::store_char(unsigned char)
 .text._ZN9UARTClasscvbEv
                0x00081b10        0x4 C:\Users\user\AppData\Local\Temp\VMBuilds\MidiMixerMono\arduino_due_x\Release/core.a(UARTClass.cpp.o)
                0x00081b10                UARTClass::operator bool()
 .text._ZN9UARTClass9availableEv
                0x00081b14       0x12 C:\Users\user\AppData\Local\Temp\VMBuilds\MidiMixerMono\arduino_due_x\Release/core.a(UARTClass.cpp.o)
                0x00081b14                UARTClass::available()
 .text._ZN9UARTClass4peekEv
                0x00081b26       0x1c C:\Users\user\AppData\Local\Temp\VMBuilds\MidiMixerMono\arduino_due_x\Release/core.a(UARTClass.cpp.o)
                0x00081b26                UARTClass::peek()
 .text._ZN9UARTClass4readEv
                0x00081b42       0x2a C:\Users\user\AppData\Local\Temp\VMBuilds\MidiMixerMono\arduino_due_x\Release/core.a(UARTClass.cpp.o)
                0x00081b42                UARTClass::read()
 .text._ZN9UARTClass5flushEv
                0x00081b6c       0x18 C:\Users\user\AppData\Local\Temp\VMBuilds\MidiMixerMono\arduino_due_x\Release/core.a(UARTClass.cpp.o)
                0x00081b6c                UARTClass::flush()
 .text._ZN9UARTClass5writeEh
                0x00081b84       0x54 C:\Users\user\AppData\Local\Temp\VMBuilds\MidiMixerMono\arduino_due_x\Release/core.a(UARTClass.cpp.o)
                0x00081b84                UARTClass::write(unsigned char)
 .text._ZN9UARTClass3endEv
                0x00081bd8       0x3c C:\Users\user\AppData\Local\Temp\VMBuilds\MidiMixerMono\arduino_due_x\Release/core.a(UARTClass.cpp.o)
                0x00081bd8                UARTClass::end()
 .text._ZN9UARTClassC2EP4Uart4IRQnmP10RingBufferS4_
                0x00081c14       0x24 C:\Users\user\AppData\Local\Temp\VMBuilds\MidiMixerMono\arduino_due_x\Release/core.a(UARTClass.cpp.o)
                0x00081c14                UARTClass::UARTClass(Uart*, IRQn, unsigned long, RingBuffer*, RingBuffer*)
                0x00081c14                UARTClass::UARTClass(Uart*, IRQn, unsigned long, RingBuffer*, RingBuffer*)
 .text._ZN9UARTClass4initEmm
                0x00081c38       0x70 C:\Users\user\AppData\Local\Temp\VMBuilds\MidiMixerMono\arduino_due_x\Release/core.a(UARTClass.cpp.o)
                0x00081c38                UARTClass::init(unsigned long, unsigned long)
 .text._ZN9UARTClass5beginEm
                0x00081ca8        0x8 C:\Users\user\AppData\Local\Temp\VMBuilds\MidiMixerMono\arduino_due_x\Release/core.a(UARTClass.cpp.o)
                0x00081ca8                UARTClass::begin(unsigned long)
 .text._ZN9UARTClass10IrqHandlerEv
                0x00081cb0       0x5a C:\Users\user\AppData\Local\Temp\VMBuilds\MidiMixerMono\arduino_due_x\Release/core.a(UARTClass.cpp.o)
                0x00081cb0                UARTClass::IrqHandler()
 .text._ZN10USARTClass5beginEm
                0x00081d0a        0x8 C:\Users\user\AppData\Local\Temp\VMBuilds\MidiMixerMono\arduino_due_x\Release/core.a(USARTClass.cpp.o)
                0x00081d0a                USARTClass::begin(unsigned long)
 *fill*         0x00081d12        0x2 
 .text._ZN10USARTClassC2EP5Usart4IRQnmP10RingBufferS4_
                0x00081d14       0x24 C:\Users\user\AppData\Local\Temp\VMBuilds\MidiMixerMono\arduino_due_x\Release/core.a(USARTClass.cpp.o)
                0x00081d14                USARTClass::USARTClass(Usart*, IRQn, unsigned long, RingBuffer*, RingBuffer*)
                0x00081d14                USARTClass::USARTClass(Usart*, IRQn, unsigned long, RingBuffer*, RingBuffer*)
 .text._watchdogDefaultSetup
                0x00081d38        0xc C:\Users\user\AppData\Local\Temp\VMBuilds\MidiMixerMono\arduino_due_x\Release/core.a(watchdog.cpp.o)
                0x00081d38                _watchdogDefaultSetup
                0x00081d38                watchdogSetup()
 .text._Z3maplllll
                0x00081d44       0x14 C:\Users\user\AppData\Local\Temp\VMBuilds\MidiMixerMono\arduino_due_x\Release/core.a(WMath.cpp.o)
                0x00081d44                map(long, long, long, long, long)
 .text._ZN6StringD2Ev
                0x00081d58        0xe C:\Users\user\AppData\Local\Temp\VMBuilds\MidiMixerMono\arduino_due_x\Release/core.a(WString.cpp.o)
                0x00081d58                String::~String()
                0x00081d58                String::~String()
 .text._ZN6String10invalidateEv
                0x00081d66       0x16 C:\Users\user\AppData\Local\Temp\VMBuilds\MidiMixerMono\arduino_due_x\Release/core.a(WString.cpp.o)
                0x00081d66                String::invalidate()
 .text._ZN6String12changeBufferEj
                0x00081d7c       0x18 C:\Users\user\AppData\Local\Temp\VMBuilds\MidiMixerMono\arduino_due_x\Release/core.a(WString.cpp.o)
                0x00081d7c                String::changeBuffer(unsigned int)
 .text._ZN6String7reserveEj
                0x00081d94       0x22 C:\Users\user\AppData\Local\Temp\VMBuilds\MidiMixerMono\arduino_due_x\Release/core.a(WString.cpp.o)
                0x00081d94                String::reserve(unsigned int)
 .text._ZN6String4copyEPKcj
                0x00081db6       0x26 C:\Users\user\AppData\Local\Temp\VMBuilds\MidiMixerMono\arduino_due_x\Release/core.a(WString.cpp.o)
                0x00081db6                String::copy(char const*, unsigned int)
 .text._ZN6StringaSERKS_
                0x00081ddc       0x1e C:\Users\user\AppData\Local\Temp\VMBuilds\MidiMixerMono\arduino_due_x\Release/core.a(WString.cpp.o)
                0x00081ddc                String::operator=(String const&)
 .text._ZN6StringC2ERKS_
                0x00081dfa       0x14 C:\Users\user\AppData\Local\Temp\VMBuilds\MidiMixerMono\arduino_due_x\Release/core.a(WString.cpp.o)
                0x00081dfa                String::String(String const&)
                0x00081dfa                String::String(String const&)
 .text._ZN6StringaSEPKc
                0x00081e0e       0x22 C:\Users\user\AppData\Local\Temp\VMBuilds\MidiMixerMono\arduino_due_x\Release/core.a(WString.cpp.o)
                0x00081e0e                String::operator=(char const*)
 .text._ZN6StringC2Ehh
                0x00081e30       0x22 C:\Users\user\AppData\Local\Temp\VMBuilds\MidiMixerMono\arduino_due_x\Release/core.a(WString.cpp.o)
                0x00081e30                String::String(unsigned char, unsigned char)
                0x00081e30                String::String(unsigned char, unsigned char)
 .text._ZN6StringC2Eih
                0x00081e52       0x24 C:\Users\user\AppData\Local\Temp\VMBuilds\MidiMixerMono\arduino_due_x\Release/core.a(WString.cpp.o)
                0x00081e52                String::String(int, unsigned char)
                0x00081e52                String::String(int, unsigned char)
 .text._ZN6String6concatEPKcj
                0x00081e76       0x2e C:\Users\user\AppData\Local\Temp\VMBuilds\MidiMixerMono\arduino_due_x\Release/core.a(WString.cpp.o)
                0x00081e76                String::concat(char const*, unsigned int)
 .text._ZplRK15StringSumHelperRK6String
                0x00081ea4       0x1a C:\Users\user\AppData\Local\Temp\VMBuilds\MidiMixerMono\arduino_due_x\Release/core.a(WString.cpp.o)
                0x00081ea4                operator+(StringSumHelper const&, String const&)
 .text._ZplRK15StringSumHelperPKc
                0x00081ebe       0x24 C:\Users\user\AppData\Local\Temp\VMBuilds\MidiMixerMono\arduino_due_x\Release/core.a(WString.cpp.o)
                0x00081ebe                operator+(StringSumHelper const&, char const*)
 *fill*         0x00081ee2        0x2 
 .text.unlikely._ZL11USB_SendZlpv
                0x00081ee4       0x20 C:\Users\user\AppData\Local\Temp\VMBuilds\MidiMixerMono\arduino_due_x\Release/core.a(USBCore.cpp.o)
 .text._Z14USBD_Availablem
                0x00081f04       0x2c C:\Users\user\AppData\Local\Temp\VMBuilds\MidiMixerMono\arduino_due_x\Release/core.a(USBCore.cpp.o)
                0x00081f04                USBD_Available(unsigned long)
 .text._Z9USBD_RecvmPvm
                0x00081f30       0x7c C:\Users\user\AppData\Local\Temp\VMBuilds\MidiMixerMono\arduino_due_x\Release/core.a(USBCore.cpp.o)
                0x00081f30                USBD_Recv(unsigned long, void*, unsigned long)
 .text._Z9USBD_Recvm
                0x00081fac       0x22 C:\Users\user\AppData\Local\Temp\VMBuilds\MidiMixerMono\arduino_due_x\Release/core.a(USBCore.cpp.o)
                0x00081fac                USBD_Recv(unsigned long)
 *fill*         0x00081fce        0x2 
 .text._Z9USBD_SendmPKvm
                0x00081fd0       0x4c C:\Users\user\AppData\Local\Temp\VMBuilds\MidiMixerMono\arduino_due_x\Release/core.a(USBCore.cpp.o)
                0x00081fd0                USBD_Send(unsigned long, void const*, unsigned long)
 .text._Z16USBD_SendControlhPKvm
                0x0008201c       0x40 C:\Users\user\AppData\Local\Temp\VMBuilds\MidiMixerMono\arduino_due_x\Release/core.a(USBCore.cpp.o)
                0x0008201c                USBD_SendControl(unsigned char, void const*, unsigned long)
 .text.unlikely._ZL24USB_SendStringDescriptorPKhi
                0x0008205c       0x64 C:\Users\user\AppData\Local\Temp\VMBuilds\MidiMixerMono\arduino_due_x\Release/core.a(USBCore.cpp.o)
 .text._Z16USBD_RecvControlPvm
                0x000820c0       0x1c C:\Users\user\AppData\Local\Temp\VMBuilds\MidiMixerMono\arduino_due_x\Release/core.a(USBCore.cpp.o)
                0x000820c0                USBD_RecvControl(void*, unsigned long)
 .text._Z26USBD_ClassInterfaceRequestR8USBSetup
                0x000820dc       0x1e C:\Users\user\AppData\Local\Temp\VMBuilds\MidiMixerMono\arduino_due_x\Release/core.a(USBCore.cpp.o)
                0x000820dc                USBD_ClassInterfaceRequest(USBSetup&)
 .text._Z19USBD_SendInterfacesv
                0x000820fa       0x22 C:\Users\user\AppData\Local\Temp\VMBuilds\MidiMixerMono\arduino_due_x\Release/core.a(USBCore.cpp.o)
                0x000820fa                USBD_SendInterfaces()
 .text._Z24USBD_SendOtherInterfacesv
                0x0008211c       0x22 C:\Users\user\AppData\Local\Temp\VMBuilds\MidiMixerMono\arduino_due_x\Release/core.a(USBCore.cpp.o)
                0x0008211c                USBD_SendOtherInterfaces()
 .text._Z10USBD_Flushm
                0x0008213e       0x16 C:\Users\user\AppData\Local\Temp\VMBuilds\MidiMixerMono\arduino_due_x\Release/core.a(USBCore.cpp.o)
                0x0008213e                USBD_Flush(unsigned long)
 .text._ZN10USBDevice_C2Ev
                0x00082154       0x24 C:\Users\user\AppData\Local\Temp\VMBuilds\MidiMixerMono\arduino_due_x\Release/core.a(USBCore.cpp.o)
                0x00082154                USBDevice_::USBDevice_()
                0x00082154                USBDevice_::USBDevice_()
 .text._ZN10USBDevice_6attachEv
                0x00082178       0x20 C:\Users\user\AppData\Local\Temp\VMBuilds\MidiMixerMono\arduino_due_x\Release/core.a(USBCore.cpp.o)
                0x00082178                USBDevice_::attach()
 .text.startup._GLOBAL__sub_I_EndPoints
                0x00082198        0xc C:\Users\user\AppData\Local\Temp\VMBuilds\MidiMixerMono\arduino_due_x\Release/core.a(USBCore.cpp.o)
 .text._ZL7USB_ISRv
                0x000821a4      0x454 C:\Users\user\AppData\Local\Temp\VMBuilds\MidiMixerMono\arduino_due_x\Release/core.a(USBCore.cpp.o)
 .text.ltoa     0x000825f8       0x6e C:\Users\user\AppData\Local\Temp\VMBuilds\MidiMixerMono\arduino_due_x\Release/core.a(itoa.c.o)
                0x000825f8                ltoa
 .text.itoa     0x00082666        0x4 C:\Users\user\AppData\Local\Temp\VMBuilds\MidiMixerMono\arduino_due_x\Release/core.a(itoa.c.o)
                0x00082666                itoa
 .text.ultoa    0x0008266a       0x52 C:\Users\user\AppData\Local\Temp\VMBuilds\MidiMixerMono\arduino_due_x\Release/core.a(itoa.c.o)
                0x0008266a                ultoa
 .text.utoa     0x000826bc        0x4 C:\Users\user\AppData\Local\Temp\VMBuilds\MidiMixerMono\arduino_due_x\Release/core.a(itoa.c.o)
                0x000826bc                utoa
 .text._ZN7Serial_9availableEv
                0x000826c0       0x18 C:\Users\user\AppData\Local\Temp\VMBuilds\MidiMixerMono\arduino_due_x\Release/core.a(CDC.cpp.o)
                0x000826c0                Serial_::available()
 .text._ZN7Serial_17availableForWriteEv
                0x000826d8        0x6 C:\Users\user\AppData\Local\Temp\VMBuilds\MidiMixerMono\arduino_due_x\Release/core.a(CDC.cpp.o)
                0x000826d8                Serial_::availableForWrite()
 *fill*         0x000826de        0x2 
 .text._ZN7Serial_4peekEv
                0x000826e0       0x20 C:\Users\user\AppData\Local\Temp\VMBuilds\MidiMixerMono\arduino_due_x\Release/core.a(CDC.cpp.o)
                0x000826e0                Serial_::peek()
 .text._ZN7Serial_5writeEh
                0x00082700       0x16 C:\Users\user\AppData\Local\Temp\VMBuilds\MidiMixerMono\arduino_due_x\Release/core.a(CDC.cpp.o)
                0x00082700                Serial_::write(unsigned char)
 *fill*         0x00082716        0x2 
 .text._ZN7Serial_4readEv
                0x00082718       0x44 C:\Users\user\AppData\Local\Temp\VMBuilds\MidiMixerMono\arduino_due_x\Release/core.a(CDC.cpp.o)
                0x00082718                Serial_::read()
 .text._ZN7Serial_5flushEv
                0x0008275c        0x6 C:\Users\user\AppData\Local\Temp\VMBuilds\MidiMixerMono\arduino_due_x\Release/core.a(CDC.cpp.o)
                0x0008275c                Serial_::flush()
 *fill*         0x00082762        0x2 
 .text._ZN7Serial_6acceptEv
                0x00082764       0x70 C:\Users\user\AppData\Local\Temp\VMBuilds\MidiMixerMono\arduino_due_x\Release/core.a(CDC.cpp.o)
                0x00082764                Serial_::accept()
 .text._ZN7Serial_5writeEPKhj
                0x000827d4       0x2c C:\Users\user\AppData\Local\Temp\VMBuilds\MidiMixerMono\arduino_due_x\Release/core.a(CDC.cpp.o)
                0x000827d4                Serial_::write(unsigned char const*, unsigned int)
 .text._Z16CDC_GetInterfacePh
                0x00082800       0x14 C:\Users\user\AppData\Local\Temp\VMBuilds\MidiMixerMono\arduino_due_x\Release/core.a(CDC.cpp.o)
                0x00082800                CDC_GetInterface(unsigned char*)
 .text._Z21CDC_GetOtherInterfacePh
                0x00082814       0x14 C:\Users\user\AppData\Local\Temp\VMBuilds\MidiMixerMono\arduino_due_x\Release/core.a(CDC.cpp.o)
                0x00082814                CDC_GetOtherInterface(unsigned char*)
 .text._Z9CDC_SetupR8USBSetup
                0x00082828       0x78 C:\Users\user\AppData\Local\Temp\VMBuilds\MidiMixerMono\arduino_due_x\Release/core.a(CDC.cpp.o)
                0x00082828                CDC_Setup(USBSetup&)
 .text.startup._GLOBAL__sub_I_cdc_rx_buffer
                0x000828a0       0x1c C:\Users\user\AppData\Local\Temp\VMBuilds\MidiMixerMono\arduino_due_x\Release/core.a(CDC.cpp.o)
 .text._ZN13PluggableUSB_12getInterfaceEPh
                0x000828bc       0x28 C:\Users\user\AppData\Local\Temp\VMBuilds\MidiMixerMono\arduino_due_x\Release/core.a(PluggableUSB.cpp.o)
                0x000828bc                PluggableUSB_::getInterface(unsigned char*)
 .text._ZN13PluggableUSB_13getDescriptorER8USBSetup
                0x000828e4       0x1c C:\Users\user\AppData\Local\Temp\VMBuilds\MidiMixerMono\arduino_due_x\Release/core.a(PluggableUSB.cpp.o)
                0x000828e4                PluggableUSB_::getDescriptor(USBSetup&)
 .text._ZN13PluggableUSB_12getShortNameEPc
                0x00082900       0x1c C:\Users\user\AppData\Local\Temp\VMBuilds\MidiMixerMono\arduino_due_x\Release/core.a(PluggableUSB.cpp.o)
                0x00082900                PluggableUSB_::getShortName(char*)
 .text._ZN13PluggableUSB_5setupER8USBSetup
                0x0008291c       0x20 C:\Users\user\AppData\Local\Temp\VMBuilds\MidiMixerMono\arduino_due_x\Release/core.a(PluggableUSB.cpp.o)
                0x0008291c                PluggableUSB_::setup(USBSetup&)
 .text._Z12PluggableUSBv
                0x0008293c       0x28 C:\Users\user\AppData\Local\Temp\VMBuilds\MidiMixerMono\arduino_due_x\Release/core.a(PluggableUSB.cpp.o)
                0x0008293c                PluggableUSB()
 .text.FindClockConfiguration
                0x00082964       0x7c C:\Users\user\AppData\Local\arduino15\packages\arduino\hardware\sam\1.6.11\variants\arduino_due_x/libsam_sam3x8e_gcc_rel.a(pwmc.o)
 .text.PWMC_ConfigureChannel
                0x000829e0       0x60 C:\Users\user\AppData\Local\arduino15\packages\arduino\hardware\sam\1.6.11\variants\arduino_due_x/libsam_sam3x8e_gcc_rel.a(pwmc.o)
                0x000829e0                PWMC_ConfigureChannel
 .text.PWMC_ConfigureClocks
                0x00082a40       0x54 C:\Users\user\AppData\Local\arduino15\packages\arduino\hardware\sam\1.6.11\variants\arduino_due_x/libsam_sam3x8e_gcc_rel.a(pwmc.o)
                0x00082a40                PWMC_ConfigureClocks
 .text.PWMC_SetPeriod
                0x00082a94       0x1a C:\Users\user\AppData\Local\arduino15\packages\arduino\hardware\sam\1.6.11\variants\arduino_due_x/libsam_sam3x8e_gcc_rel.a(pwmc.o)
                0x00082a94                PWMC_SetPeriod
 *fill*         0x00082aae        0x2 
 .text.PWMC_SetDutyCycle
                0x00082ab0       0x44 C:\Users\user\AppData\Local\arduino15\packages\arduino\hardware\sam\1.6.11\variants\arduino_due_x/libsam_sam3x8e_gcc_rel.a(pwmc.o)
                0x00082ab0                PWMC_SetDutyCycle
 .text.PWMC_EnableChannel
                0x00082af4        0xa C:\Users\user\AppData\Local\arduino15\packages\arduino\hardware\sam\1.6.11\variants\arduino_due_x/libsam_sam3x8e_gcc_rel.a(pwmc.o)
                0x00082af4                PWMC_EnableChannel
 *fill*         0x00082afe        0x2 
 .text.TC_Configure
                0x00082b00       0x38 C:\Users\user\AppData\Local\arduino15\packages\arduino\hardware\sam\1.6.11\variants\arduino_due_x/libsam_sam3x8e_gcc_rel.a(tc.o)
                0x00082b00                TC_Configure
 .text.TC_Start
                0x00082b38       0x2c C:\Users\user\AppData\Local\arduino15\packages\arduino\hardware\sam\1.6.11\variants\arduino_due_x/libsam_sam3x8e_gcc_rel.a(tc.o)
                0x00082b38                TC_Start
 .text.TC_SetRA
                0x00082b64        0x8 C:\Users\user\AppData\Local\arduino15\packages\arduino\hardware\sam\1.6.11\variants\arduino_due_x/libsam_sam3x8e_gcc_rel.a(tc.o)
                0x00082b64                TC_SetRA
 .text.TC_SetRB
                0x00082b6c        0x8 C:\Users\user\AppData\Local\arduino15\packages\arduino\hardware\sam\1.6.11\variants\arduino_due_x/libsam_sam3x8e_gcc_rel.a(tc.o)
                0x00082b6c                TC_SetRB
 .text.TC_SetRC
                0x00082b74        0x8 C:\Users\user\AppData\Local\arduino15\packages\arduino\hardware\sam\1.6.11\variants\arduino_due_x/libsam_sam3x8e_gcc_rel.a(tc.o)
                0x00082b74                TC_SetRC
 .text.TimeTick_Increment
                0x00082b7c       0x10 C:\Users\user\AppData\Local\arduino15\packages\arduino\hardware\sam\1.6.11\variants\arduino_due_x/libsam_sam3x8e_gcc_rel.a(timetick.o)
                0x00082b7c                TimeTick_Increment
 .text.GetTickCount
                0x00082b8c        0xc C:\Users\user\AppData\Local\arduino15\packages\arduino\hardware\sam\1.6.11\variants\arduino_due_x/libsam_sam3x8e_gcc_rel.a(timetick.o)
                0x00082b8c                GetTickCount
 .text.WDT_Disable
                0x00082b98        0x8 C:\Users\user\AppData\Local\arduino15\packages\arduino\hardware\sam\1.6.11\variants\arduino_due_x/libsam_sam3x8e_gcc_rel.a(wdt.o)
                0x00082b98                WDT_Disable
 .text.UDD_SetStack
                0x00082ba0        0xc C:\Users\user\AppData\Local\arduino15\packages\arduino\hardware\sam\1.6.11\variants\arduino_due_x/libsam_sam3x8e_gcc_rel.a(uotghs_device.o)
                0x00082ba0                UDD_SetStack
 .text.UDD_Init
                0x00082bac       0xd0 C:\Users\user\AppData\Local\arduino15\packages\arduino\hardware\sam\1.6.11\variants\arduino_due_x/libsam_sam3x8e_gcc_rel.a(uotghs_device.o)
                0x00082bac                UDD_Init
 .text.UDD_Attach
                0x00082c7c       0x50 C:\Users\user\AppData\Local\arduino15\packages\arduino\hardware\sam\1.6.11\variants\arduino_due_x/libsam_sam3x8e_gcc_rel.a(uotghs_device.o)
                0x00082c7c                UDD_Attach
 .text.UDD_InitEP
                0x00082ccc       0x2c C:\Users\user\AppData\Local\arduino15\packages\arduino\hardware\sam\1.6.11\variants\arduino_due_x/libsam_sam3x8e_gcc_rel.a(uotghs_device.o)
                0x00082ccc                UDD_InitEP
 .text.UDD_InitEndpoints
                0x00082cf8       0x3c C:\Users\user\AppData\Local\arduino15\packages\arduino\hardware\sam\1.6.11\variants\arduino_due_x/libsam_sam3x8e_gcc_rel.a(uotghs_device.o)
                0x00082cf8                UDD_InitEndpoints
 .text.UDD_WaitIN
                0x00082d34       0x10 C:\Users\user\AppData\Local\arduino15\packages\arduino\hardware\sam\1.6.11\variants\arduino_due_x/libsam_sam3x8e_gcc_rel.a(uotghs_device.o)
                0x00082d34                UDD_WaitIN
 .text.UDD_WaitOUT
                0x00082d44       0x10 C:\Users\user\AppData\Local\arduino15\packages\arduino\hardware\sam\1.6.11\variants\arduino_due_x/libsam_sam3x8e_gcc_rel.a(uotghs_device.o)
                0x00082d44                UDD_WaitOUT
 .text.UDD_ClearIN
                0x00082d54       0x18 C:\Users\user\AppData\Local\arduino15\packages\arduino\hardware\sam\1.6.11\variants\arduino_due_x/libsam_sam3x8e_gcc_rel.a(uotghs_device.o)
                0x00082d54                UDD_ClearIN
 .text.UDD_ClearOUT
                0x00082d6c       0x18 C:\Users\user\AppData\Local\arduino15\packages\arduino\hardware\sam\1.6.11\variants\arduino_due_x/libsam_sam3x8e_gcc_rel.a(uotghs_device.o)
                0x00082d6c                UDD_ClearOUT
 .text.UDD_ReceivedSetupInt
                0x00082d84       0x10 C:\Users\user\AppData\Local\arduino15\packages\arduino\hardware\sam\1.6.11\variants\arduino_due_x/libsam_sam3x8e_gcc_rel.a(uotghs_device.o)
                0x00082d84                UDD_ReceivedSetupInt
 .text.UDD_ClearSetupInt
                0x00082d94       0x10 C:\Users\user\AppData\Local\arduino15\packages\arduino\hardware\sam\1.6.11\variants\arduino_due_x/libsam_sam3x8e_gcc_rel.a(uotghs_device.o)
                0x00082d94                UDD_ClearSetupInt
 .text.UDD_Send
                0x00082da4       0x88 C:\Users\user\AppData\Local\arduino15\packages\arduino\hardware\sam\1.6.11\variants\arduino_due_x/libsam_sam3x8e_gcc_rel.a(uotghs_device.o)
                0x00082da4                UDD_Send
 .text.UDD_Send8
                0x00082e2c       0x24 C:\Users\user\AppData\Local\arduino15\packages\arduino\hardware\sam\1.6.11\variants\arduino_due_x/libsam_sam3x8e_gcc_rel.a(uotghs_device.o)
                0x00082e2c                UDD_Send8
 .text.UDD_Recv8
                0x00082e50       0x28 C:\Users\user\AppData\Local\arduino15\packages\arduino\hardware\sam\1.6.11\variants\arduino_due_x/libsam_sam3x8e_gcc_rel.a(uotghs_device.o)
                0x00082e50                UDD_Recv8
 .text.UDD_Recv
                0x00082e78       0x34 C:\Users\user\AppData\Local\arduino15\packages\arduino\hardware\sam\1.6.11\variants\arduino_due_x/libsam_sam3x8e_gcc_rel.a(uotghs_device.o)
                0x00082e78                UDD_Recv
 .text.UDD_Stall
                0x00082eac       0x14 C:\Users\user\AppData\Local\arduino15\packages\arduino\hardware\sam\1.6.11\variants\arduino_due_x/libsam_sam3x8e_gcc_rel.a(uotghs_device.o)
                0x00082eac                UDD_Stall
 .text.UDD_FifoByteCount
                0x00082ec0       0x14 C:\Users\user\AppData\Local\arduino15\packages\arduino\hardware\sam\1.6.11\variants\arduino_due_x/libsam_sam3x8e_gcc_rel.a(uotghs_device.o)
                0x00082ec0                UDD_FifoByteCount
 .text.UDD_ReleaseRX
                0x00082ed4       0x28 C:\Users\user\AppData\Local\arduino15\packages\arduino\hardware\sam\1.6.11\variants\arduino_due_x/libsam_sam3x8e_gcc_rel.a(uotghs_device.o)
                0x00082ed4                UDD_ReleaseRX
 .text.UDD_ReleaseTX
                0x00082efc       0x28 C:\Users\user\AppData\Local\arduino15\packages\arduino\hardware\sam\1.6.11\variants\arduino_due_x/libsam_sam3x8e_gcc_rel.a(uotghs_device.o)
                0x00082efc                UDD_ReleaseTX
 .text.UDD_SetAddress
                0x00082f24       0x20 C:\Users\user\AppData\Local\arduino15\packages\arduino\hardware\sam\1.6.11\variants\arduino_due_x/libsam_sam3x8e_gcc_rel.a(uotghs_device.o)
                0x00082f24                UDD_SetAddress
 .text.dacc_reset
                0x00082f44        0x6 C:\Users\user\AppData\Local\arduino15\packages\arduino\hardware\sam\1.6.11\variants\arduino_due_x/libsam_sam3x8e_gcc_rel.a(dacc.o)
                0x00082f44                dacc_reset
 .text.dacc_set_transfer_mode
                0x00082f4a       0x14 C:\Users\user\AppData\Local\arduino15\packages\arduino\hardware\sam\1.6.11\variants\arduino_due_x/libsam_sam3x8e_gcc_rel.a(dacc.o)
                0x00082f4a                dacc_set_transfer_mode
 .text.dacc_get_interrupt_status
                0x00082f5e        0x4 C:\Users\user\AppData\Local\arduino15\packages\arduino\hardware\sam\1.6.11\variants\arduino_due_x/libsam_sam3x8e_gcc_rel.a(dacc.o)
                0x00082f5e                dacc_get_interrupt_status
 .text.dacc_write_conversion_data
                0x00082f62        0x4 C:\Users\user\AppData\Local\arduino15\packages\arduino\hardware\sam\1.6.11\variants\arduino_due_x/libsam_sam3x8e_gcc_rel.a(dacc.o)
                0x00082f62                dacc_write_conversion_data
 .text.dacc_set_channel_selection
                0x00082f66       0x18 C:\Users\user\AppData\Local\arduino15\packages\arduino\hardware\sam\1.6.11\variants\arduino_due_x/libsam_sam3x8e_gcc_rel.a(dacc.o)
                0x00082f66                dacc_set_channel_selection
 .text.dacc_set_power_save
                0x00082f7e       0x24 C:\Users\user\AppData\Local\arduino15\packages\arduino\hardware\sam\1.6.11\variants\arduino_due_x/libsam_sam3x8e_gcc_rel.a(dacc.o)
                0x00082f7e                dacc_set_power_save
 .text.dacc_set_timing
                0x00082fa2       0x2c C:\Users\user\AppData\Local\arduino15\packages\arduino\hardware\sam\1.6.11\variants\arduino_due_x/libsam_sam3x8e_gcc_rel.a(dacc.o)
                0x00082fa2                dacc_set_timing
 .text.dacc_enable_channel
                0x00082fce       0x12 C:\Users\user\AppData\Local\arduino15\packages\arduino\hardware\sam\1.6.11\variants\arduino_due_x/libsam_sam3x8e_gcc_rel.a(dacc.o)
                0x00082fce                dacc_enable_channel
 .text.dacc_get_channel_status
                0x00082fe0        0x4 C:\Users\user\AppData\Local\arduino15\packages\arduino\hardware\sam\1.6.11\variants\arduino_due_x/libsam_sam3x8e_gcc_rel.a(dacc.o)
                0x00082fe0                dacc_get_channel_status
 .text.dacc_set_analog_control
                0x00082fe4        0x8 C:\Users\user\AppData\Local\arduino15\packages\arduino\hardware\sam\1.6.11\variants\arduino_due_x/libsam_sam3x8e_gcc_rel.a(dacc.o)
                0x00082fe4                dacc_set_analog_control
 .text.__assert_func
                0x00082fec       0x3c c:/users/user/appdata/local/arduino15/packages/arduino/tools/arm-none-eabi-gcc/4.8.3-2014q1/bin/../lib/gcc/arm-none-eabi/4.8.3/../../../../arm-none-eabi/lib/armv7-m\libg.a(lib_a-assert.o)
                0x00082fec                __assert_func
 .text.fiprintf
                0x00083028       0x28 c:/users/user/appdata/local/arduino15/packages/arduino/tools/arm-none-eabi-gcc/4.8.3-2014q1/bin/../lib/gcc/arm-none-eabi/4.8.3/../../../../arm-none-eabi/lib/armv7-m\libg.a(lib_a-fiprintf.o)
                0x00083028                fiprintf
 .text.__libc_init_array
                0x00083050       0x50 c:/users/user/appdata/local/arduino15/packages/arduino/tools/arm-none-eabi-gcc/4.8.3-2014q1/bin/../lib/gcc/arm-none-eabi/4.8.3/../../../../arm-none-eabi/lib/armv7-m\libg.a(lib_a-init.o)
                0x00083050                __libc_init_array
 .text.iprintf  0x000830a0       0x28 c:/users/user/appdata/local/arduino15/packages/arduino/tools/arm-none-eabi-gcc/4.8.3-2014q1/bin/../lib/gcc/arm-none-eabi/4.8.3/../../../../arm-none-eabi/lib/armv7-m\libg.a(lib_a-iprintf.o)
                0x000830a0                iprintf
 .text.malloc   0x000830c8       0x10 c:/users/user/appdata/local/arduino15/packages/arduino/tools/arm-none-eabi-gcc/4.8.3-2014q1/bin/../lib/gcc/arm-none-eabi/4.8.3/../../../../arm-none-eabi/lib/armv7-m\libg.a(lib_a-malloc.o)
                0x000830c8                malloc
 .text.free     0x000830d8       0x10 c:/users/user/appdata/local/arduino15/packages/arduino/tools/arm-none-eabi-gcc/4.8.3-2014q1/bin/../lib/gcc/arm-none-eabi/4.8.3/../../../../arm-none-eabi/lib/armv7-m\libg.a(lib_a-malloc.o)
                0x000830d8                free
 .text._malloc_r
                0x000830e8      0x538 c:/users/user/appdata/local/arduino15/packages/arduino/tools/arm-none-eabi-gcc/4.8.3-2014q1/bin/../lib/gcc/arm-none-eabi/4.8.3/../../../../arm-none-eabi/lib/armv7-m\libg.a(lib_a-mallocr.o)
                0x000830e8                _malloc_r
 .text          0x00083620       0xec c:/users/user/appdata/local/arduino15/packages/arduino/tools/arm-none-eabi-gcc/4.8.3-2014q1/bin/../lib/gcc/arm-none-eabi/4.8.3/../../../../arm-none-eabi/lib/armv7-m\libg.a(lib_a-memcpy.o)
                0x00083620                memcpy
 .text.memmove  0x0008370c       0xcc c:/users/user/appdata/local/arduino15/packages/arduino/tools/arm-none-eabi-gcc/4.8.3-2014q1/bin/../lib/gcc/arm-none-eabi/4.8.3/../../../../arm-none-eabi/lib/armv7-m\libg.a(lib_a-memmove.o)
                0x0008370c                memmove
 .text.memset   0x000837d8       0x94 c:/users/user/appdata/local/arduino15/packages/arduino/tools/arm-none-eabi-gcc/4.8.3-2014q1/bin/../lib/gcc/arm-none-eabi/4.8.3/../../../../arm-none-eabi/lib/armv7-m\libg.a(lib_a-memset.o)
                0x000837d8                memset
 .text.__malloc_lock
                0x0008386c        0x4 c:/users/user/appdata/local/arduino15/packages/arduino/tools/arm-none-eabi-gcc/4.8.3-2014q1/bin/../lib/gcc/arm-none-eabi/4.8.3/../../../../arm-none-eabi/lib/armv7-m\libg.a(lib_a-mlock.o)
                0x0008386c                __malloc_lock
 .text.__malloc_unlock
                0x00083870        0x4 c:/users/user/appdata/local/arduino15/packages/arduino/tools/arm-none-eabi-gcc/4.8.3-2014q1/bin/../lib/gcc/arm-none-eabi/4.8.3/../../../../arm-none-eabi/lib/armv7-m\libg.a(lib_a-mlock.o)
                0x00083870                __malloc_unlock
 .text.realloc  0x00083874       0x10 c:/users/user/appdata/local/arduino15/packages/arduino/tools/arm-none-eabi-gcc/4.8.3-2014q1/bin/../lib/gcc/arm-none-eabi/4.8.3/../../../../arm-none-eabi/lib/armv7-m\libg.a(lib_a-realloc.o)
                0x00083874                realloc
 .text._realloc_r
                0x00083884      0x3c0 c:/users/user/appdata/local/arduino15/packages/arduino/tools/arm-none-eabi-gcc/4.8.3-2014q1/bin/../lib/gcc/arm-none-eabi/4.8.3/../../../../arm-none-eabi/lib/armv7-m\libg.a(lib_a-reallocr.o)
                0x00083884                _realloc_r
 .text._sbrk_r  0x00083c44       0x24 c:/users/user/appdata/local/arduino15/packages/arduino/tools/arm-none-eabi-gcc/4.8.3-2014q1/bin/../lib/gcc/arm-none-eabi/4.8.3/../../../../arm-none-eabi/lib/armv7-m\libg.a(lib_a-sbrkr.o)
                0x00083c44                _sbrk_r
 .text.strcpy   0x00083c68       0xbc c:/users/user/appdata/local/arduino15/packages/arduino/tools/arm-none-eabi-gcc/4.8.3-2014q1/bin/../lib/gcc/arm-none-eabi/4.8.3/../../../../arm-none-eabi/lib/armv7-m\libg.a(lib_a-strcpy.o)
                0x00083c68                strcpy
 .text.strlen   0x00083d24       0x60 c:/users/user/appdata/local/arduino15/packages/arduino/tools/arm-none-eabi-gcc/4.8.3-2014q1/bin/../lib/gcc/arm-none-eabi/4.8.3/../../../../arm-none-eabi/lib/armv7-m\libg.a(lib_a-strlen.o)
                0x00083d24                strlen
 .text.kill     0x00083d84       0x10 c:/users/user/appdata/local/arduino15/packages/arduino/tools/arm-none-eabi-gcc/4.8.3-2014q1/bin/../lib/gcc/arm-none-eabi/4.8.3/../../../../arm-none-eabi/lib/armv7-m\libg.a(lib_a-syskill.o)
                0x00083d84                kill
 .text.__sprint_r.part.0
                0x00083d94       0x78 c:/users/user/appdata/local/arduino15/packages/arduino/tools/arm-none-eabi-gcc/4.8.3-2014q1/bin/../lib/gcc/arm-none-eabi/4.8.3/../../../../arm-none-eabi/lib/armv7-m\libg.a(lib_a-vfiprintf.o)
 .text._vfiprintf_r
                0x00083e0c      0xc54 c:/users/user/appdata/local/arduino15/packages/arduino/tools/arm-none-eabi-gcc/4.8.3-2014q1/bin/../lib/gcc/arm-none-eabi/4.8.3/../../../../arm-none-eabi/lib/armv7-m\libg.a(lib_a-vfiprintf.o)
                0x00083e0c                _vfiprintf_r
 .text.__sbprintf
                0x00084a60       0x7c c:/users/user/appdata/local/arduino15/packages/arduino/tools/arm-none-eabi-gcc/4.8.3-2014q1/bin/../lib/gcc/arm-none-eabi/4.8.3/../../../../arm-none-eabi/lib/armv7-m\libg.a(lib_a-vfiprintf.o)
 .text.__swsetup_r
                0x00084adc       0xc4 c:/users/user/appdata/local/arduino15/packages/arduino/tools/arm-none-eabi-gcc/4.8.3-2014q1/bin/../lib/gcc/arm-none-eabi/4.8.3/../../../../arm-none-eabi/lib/armv7-m\libg.a(lib_a-wsetup.o)
                0x00084adc                __swsetup_r
 .text.startup.register_fini
                0x00084ba0       0x14 c:/users/user/appdata/local/arduino15/packages/arduino/tools/arm-none-eabi-gcc/4.8.3-2014q1/bin/../lib/gcc/arm-none-eabi/4.8.3/../../../../arm-none-eabi/lib/armv7-m\libg.a(lib_a-__call_atexit.o)
 .text.abort    0x00084bb4       0x10 c:/users/user/appdata/local/arduino15/packages/arduino/tools/arm-none-eabi-gcc/4.8.3-2014q1/bin/../lib/gcc/arm-none-eabi/4.8.3/../../../../arm-none-eabi/lib/armv7-m\libg.a(lib_a-abort.o)
                0x00084bb4                abort
 .text.atexit   0x00084bc4        0xc c:/users/user/appdata/local/arduino15/packages/arduino/tools/arm-none-eabi-gcc/4.8.3-2014q1/bin/../lib/gcc/arm-none-eabi/4.8.3/../../../../arm-none-eabi/lib/armv7-m\libg.a(lib_a-atexit.o)
                0x00084bc4                atexit
 .text.__sflush_r
                0x00084bd0      0x148 c:/users/user/appdata/local/arduino15/packages/arduino/tools/arm-none-eabi-gcc/4.8.3-2014q1/bin/../lib/gcc/arm-none-eabi/4.8.3/../../../../arm-none-eabi/lib/armv7-m\libg.a(lib_a-fflush.o)
                0x00084bd0                __sflush_r
 .text._fflush_r
                0x00084d18       0x2c c:/users/user/appdata/local/arduino15/packages/arduino/tools/arm-none-eabi-gcc/4.8.3-2014q1/bin/../lib/gcc/arm-none-eabi/4.8.3/../../../../arm-none-eabi/lib/armv7-m\libg.a(lib_a-fflush.o)
                0x00084d18                _fflush_r
 .text._cleanup_r
                0x00084d44        0xc c:/users/user/appdata/local/arduino15/packages/arduino/tools/arm-none-eabi-gcc/4.8.3-2014q1/bin/../lib/gcc/arm-none-eabi/4.8.3/../../../../arm-none-eabi/lib/armv7-m\libg.a(lib_a-findfp.o)
                0x00084d44                _cleanup_r
 .text.__sinit  0x00084d50       0xf4 c:/users/user/appdata/local/arduino15/packages/arduino/tools/arm-none-eabi-gcc/4.8.3-2014q1/bin/../lib/gcc/arm-none-eabi/4.8.3/../../../../arm-none-eabi/lib/armv7-m\libg.a(lib_a-findfp.o)
                0x00084d50                __sinit
 .text.__sfp_lock_acquire
                0x00084e44        0x4 c:/users/user/appdata/local/arduino15/packages/arduino/tools/arm-none-eabi-gcc/4.8.3-2014q1/bin/../lib/gcc/arm-none-eabi/4.8.3/../../../../arm-none-eabi/lib/armv7-m\libg.a(lib_a-findfp.o)
                0x00084e44                __sfp_lock_acquire
 .text.__sfp_lock_release
                0x00084e48        0x4 c:/users/user/appdata/local/arduino15/packages/arduino/tools/arm-none-eabi-gcc/4.8.3-2014q1/bin/../lib/gcc/arm-none-eabi/4.8.3/../../../../arm-none-eabi/lib/armv7-m\libg.a(lib_a-findfp.o)
                0x00084e48                __sfp_lock_release
 .text.__libc_fini_array
                0x00084e4c       0x30 c:/users/user/appdata/local/arduino15/packages/arduino/tools/arm-none-eabi-gcc/4.8.3-2014q1/bin/../lib/gcc/arm-none-eabi/4.8.3/../../../../arm-none-eabi/lib/armv7-m\libg.a(lib_a-fini.o)
                0x00084e4c                __libc_fini_array
 .text._fputwc_r
                0x00084e7c       0xc0 c:/users/user/appdata/local/arduino15/packages/arduino/tools/arm-none-eabi-gcc/4.8.3-2014q1/bin/../lib/gcc/arm-none-eabi/4.8.3/../../../../arm-none-eabi/lib/armv7-m\libg.a(lib_a-fputwc.o)
                0x00084e7c                _fputwc_r
 .text._malloc_trim_r
                0x00084f3c       0x9c c:/users/user/appdata/local/arduino15/packages/arduino/tools/arm-none-eabi-gcc/4.8.3-2014q1/bin/../lib/gcc/arm-none-eabi/4.8.3/../../../../arm-none-eabi/lib/armv7-m\libg.a(lib_a-freer.o)
                0x00084f3c                _malloc_trim_r
 .text._free_r  0x00084fd8      0x198 c:/users/user/appdata/local/arduino15/packages/arduino/tools/arm-none-eabi-gcc/4.8.3-2014q1/bin/../lib/gcc/arm-none-eabi/4.8.3/../../../../arm-none-eabi/lib/armv7-m\libg.a(lib_a-freer.o)
                0x00084fd8                _free_r
 .text.__sfvwrite_r
                0x00085170      0x314 c:/users/user/appdata/local/arduino15/packages/arduino/tools/arm-none-eabi-gcc/4.8.3-2014q1/bin/../lib/gcc/arm-none-eabi/4.8.3/../../../../arm-none-eabi/lib/armv7-m\libg.a(lib_a-fvwrite.o)
                0x00085170                __sfvwrite_r
 .text._fwalk   0x00085484       0x48 c:/users/user/appdata/local/arduino15/packages/arduino/tools/arm-none-eabi-gcc/4.8.3-2014q1/bin/../lib/gcc/arm-none-eabi/4.8.3/../../../../arm-none-eabi/lib/armv7-m\libg.a(lib_a-fwalk.o)
                0x00085484                _fwalk
 .text.__locale_charset
                0x000854cc        0x8 c:/users/user/appdata/local/arduino15/packages/arduino/tools/arm-none-eabi-gcc/4.8.3-2014q1/bin/../lib/gcc/arm-none-eabi/4.8.3/../../../../arm-none-eabi/lib/armv7-m\libg.a(lib_a-locale.o)
                0x000854cc                __locale_charset
 .text.__locale_mb_cur_max
                0x000854d4        0xc c:/users/user/appdata/local/arduino15/packages/arduino/tools/arm-none-eabi-gcc/4.8.3-2014q1/bin/../lib/gcc/arm-none-eabi/4.8.3/../../../../arm-none-eabi/lib/armv7-m\libg.a(lib_a-locale.o)
                0x000854d4                __locale_mb_cur_max
 .text.__smakebuf_r
                0x000854e0       0xe0 c:/users/user/appdata/local/arduino15/packages/arduino/tools/arm-none-eabi-gcc/4.8.3-2014q1/bin/../lib/gcc/arm-none-eabi/4.8.3/../../../../arm-none-eabi/lib/armv7-m\libg.a(lib_a-makebuf.o)
                0x000854e0                __smakebuf_r
 .text.memchr   0x000855c0       0x94 c:/users/user/appdata/local/arduino15/packages/arduino/tools/arm-none-eabi-gcc/4.8.3-2014q1/bin/../lib/gcc/arm-none-eabi/4.8.3/../../../../arm-none-eabi/lib/armv7-m\libg.a(lib_a-memchr-stub.o)
                0x000855c0                memchr
 .text._raise_r
                0x00085654       0x58 c:/users/user/appdata/local/arduino15/packages/arduino/tools/arm-none-eabi-gcc/4.8.3-2014q1/bin/../lib/gcc/arm-none-eabi/4.8.3/../../../../arm-none-eabi/lib/armv7-m\libg.a(lib_a-signal.o)
                0x00085654                _raise_r
 .text.raise    0x000856ac       0x10 c:/users/user/appdata/local/arduino15/packages/arduino/tools/arm-none-eabi-gcc/4.8.3-2014q1/bin/../lib/gcc/arm-none-eabi/4.8.3/../../../../arm-none-eabi/lib/armv7-m\libg.a(lib_a-signal.o)
                0x000856ac                raise
 .text._kill_r  0x000856bc       0x28 c:/users/user/appdata/local/arduino15/packages/arduino/tools/arm-none-eabi-gcc/4.8.3-2014q1/bin/../lib/gcc/arm-none-eabi/4.8.3/../../../../arm-none-eabi/lib/armv7-m\libg.a(lib_a-signalr.o)
                0x000856bc                _kill_r
 .text._getpid_r
                0x000856e4        0x4 c:/users/user/appdata/local/arduino15/packages/arduino/tools/arm-none-eabi-gcc/4.8.3-2014q1/bin/../lib/gcc/arm-none-eabi/4.8.3/../../../../arm-none-eabi/lib/armv7-m\libg.a(lib_a-signalr.o)
                0x000856e4                _getpid_r
 .text.__sread  0x000856e8       0x24 c:/users/user/appdata/local/arduino15/packages/arduino/tools/arm-none-eabi-gcc/4.8.3-2014q1/bin/../lib/gcc/arm-none-eabi/4.8.3/../../../../arm-none-eabi/lib/armv7-m\libg.a(lib_a-stdio.o)
                0x000856e8                __sread
 .text.__swrite
                0x0008570c       0x38 c:/users/user/appdata/local/arduino15/packages/arduino/tools/arm-none-eabi-gcc/4.8.3-2014q1/bin/../lib/gcc/arm-none-eabi/4.8.3/../../../../arm-none-eabi/lib/armv7-m\libg.a(lib_a-stdio.o)
                0x0008570c                __swrite
 .text.__sseek  0x00085744       0x20 c:/users/user/appdata/local/arduino15/packages/arduino/tools/arm-none-eabi-gcc/4.8.3-2014q1/bin/../lib/gcc/arm-none-eabi/4.8.3/../../../../arm-none-eabi/lib/armv7-m\libg.a(lib_a-stdio.o)
                0x00085744                __sseek
 .text.__sclose
                0x00085764        0x8 c:/users/user/appdata/local/arduino15/packages/arduino/tools/arm-none-eabi-gcc/4.8.3-2014q1/bin/../lib/gcc/arm-none-eabi/4.8.3/../../../../arm-none-eabi/lib/armv7-m\libg.a(lib_a-stdio.o)
                0x00085764                __sclose
 .text.__swbuf_r
                0x0008576c       0xa8 c:/users/user/appdata/local/arduino15/packages/arduino/tools/arm-none-eabi-gcc/4.8.3-2014q1/bin/../lib/gcc/arm-none-eabi/4.8.3/../../../../arm-none-eabi/lib/armv7-m\libg.a(lib_a-wbuf.o)
                0x0008576c                __swbuf_r
 .text._wcrtomb_r
                0x00085814       0x50 c:/users/user/appdata/local/arduino15/packages/arduino/tools/arm-none-eabi-gcc/4.8.3-2014q1/bin/../lib/gcc/arm-none-eabi/4.8.3/../../../../arm-none-eabi/lib/armv7-m\libg.a(lib_a-wcrtomb.o)
                0x00085814                _wcrtomb_r
 .text.__ascii_wctomb
                0x00085864       0x1c c:/users/user/appdata/local/arduino15/packages/arduino/tools/arm-none-eabi-gcc/4.8.3-2014q1/bin/../lib/gcc/arm-none-eabi/4.8.3/../../../../arm-none-eabi/lib/armv7-m\libg.a(lib_a-wctomb_r.o)
                0x00085864                __ascii_wctomb
 .text._write_r
                0x00085880       0x28 c:/users/user/appdata/local/arduino15/packages/arduino/tools/arm-none-eabi-gcc/4.8.3-2014q1/bin/../lib/gcc/arm-none-eabi/4.8.3/../../../../arm-none-eabi/lib/armv7-m\libg.a(lib_a-writer.o)
                0x00085880                _write_r
 .text.__register_exitproc
                0x000858a8       0xa8 c:/users/user/appdata/local/arduino15/packages/arduino/tools/arm-none-eabi-gcc/4.8.3-2014q1/bin/../lib/gcc/arm-none-eabi/4.8.3/../../../../arm-none-eabi/lib/armv7-m\libg.a(lib_a-__atexit.o)
                0x000858a8                __register_exitproc
 .text._close_r
                0x00085950       0x24 c:/users/user/appdata/local/arduino15/packages/arduino/tools/arm-none-eabi-gcc/4.8.3-2014q1/bin/../lib/gcc/arm-none-eabi/4.8.3/../../../../arm-none-eabi/lib/armv7-m\libg.a(lib_a-closer.o)
                0x00085950                _close_r
 .text._fclose_r
                0x00085974       0x80 c:/users/user/appdata/local/arduino15/packages/arduino/tools/arm-none-eabi-gcc/4.8.3-2014q1/bin/../lib/gcc/arm-none-eabi/4.8.3/../../../../arm-none-eabi/lib/armv7-m\libg.a(lib_a-fclose.o)
                0x00085974                _fclose_r
 .text.fclose   0x000859f4       0x10 c:/users/user/appdata/local/arduino15/packages/arduino/tools/arm-none-eabi-gcc/4.8.3-2014q1/bin/../lib/gcc/arm-none-eabi/4.8.3/../../../../arm-none-eabi/lib/armv7-m\libg.a(lib_a-fclose.o)
                0x000859f4                fclose
 .text._fstat_r
                0x00085a04       0x28 c:/users/user/appdata/local/arduino15/packages/arduino/tools/arm-none-eabi-gcc/4.8.3-2014q1/bin/../lib/gcc/arm-none-eabi/4.8.3/../../../../arm-none-eabi/lib/armv7-m\libg.a(lib_a-fstatr.o)
                0x00085a04                _fstat_r
 .text._isatty_r
                0x00085a2c       0x24 c:/users/user/appdata/local/arduino15/packages/arduino/tools/arm-none-eabi-gcc/4.8.3-2014q1/bin/../lib/gcc/arm-none-eabi/4.8.3/../../../../arm-none-eabi/lib/armv7-m\libg.a(lib_a-isattyr.o)
                0x00085a2c                _isatty_r
 .text._lseek_r
                0x00085a50       0x28 c:/users/user/appdata/local/arduino15/packages/arduino/tools/arm-none-eabi-gcc/4.8.3-2014q1/bin/../lib/gcc/arm-none-eabi/4.8.3/../../../../arm-none-eabi/lib/armv7-m\libg.a(lib_a-lseekr.o)
                0x00085a50                _lseek_r
 .text._read_r  0x00085a78       0x28 c:/users/user/appdata/local/arduino15/packages/arduino/tools/arm-none-eabi-gcc/4.8.3-2014q1/bin/../lib/gcc/arm-none-eabi/4.8.3/../../../../arm-none-eabi/lib/armv7-m\libg.a(lib_a-readr.o)
                0x00085a78                _read_r
 .text          0x00085aa0       0x2c c:/users/user/appdata/local/arduino15/packages/arduino/tools/arm-none-eabi-gcc/4.8.3-2014q1/bin/../lib/gcc/arm-none-eabi/4.8.3/armv7-m\libgcc.a(_aeabi_uldivmod.o)
                0x00085aa0                __aeabi_uldivmod
 .text          0x00085acc       0x60 c:/users/user/appdata/local/arduino15/packages/arduino/tools/arm-none-eabi-gcc/4.8.3-2014q1/bin/../lib/gcc/arm-none-eabi/4.8.3/armv7-m\libgcc.a(bpabi.o)
                0x00085acc                __gnu_ldivmod_helper
                0x00085afc                __gnu_uldivmod_helper
 .text          0x00085b2c        0x4 c:/users/user/appdata/local/arduino15/packages/arduino/tools/arm-none-eabi-gcc/4.8.3-2014q1/bin/../lib/gcc/arm-none-eabi/4.8.3/armv7-m\libgcc.a(_dvmd_tls.o)
                0x00085b2c                __aeabi_idiv0
                0x00085b2c                __aeabi_ldiv0
 .text          0x00085b30      0x2a0 c:/users/user/appdata/local/arduino15/packages/arduino/tools/arm-none-eabi-gcc/4.8.3-2014q1/bin/../lib/gcc/arm-none-eabi/4.8.3/armv7-m\libgcc.a(_divdi3.o)
                0x00085b30                __divdi3
 .text          0x00085dd0      0x290 c:/users/user/appdata/local/arduino15/packages/arduino/tools/arm-none-eabi-gcc/4.8.3-2014q1/bin/../lib/gcc/arm-none-eabi/4.8.3/armv7-m\libgcc.a(_udivdi3.o)
                0x00085dd0                __udivdi3
 *(.glue_7t)
 .glue_7t       0x00000000        0x0 linker stubs
 *(.glue_7)
 .glue_7        0x00000000        0x0 linker stubs
 *(.rodata .rodata* .gnu.linkonce.r.*)
 .rodata._ZL13buttonLEDPins
                0x00086060       0x10 C:\Users\user\AppData\Local\Temp\VMBuilds\MidiMixerMono\arduino_due_x\Release\MidiMixerMono.cpp.o
 .rodata.str1.1
                0x00086070        0x2 C:\Users\user\AppData\Local\Temp\VMBuilds\MidiMixerMono\arduino_due_x\Release\MidiMixerMono.cpp.o
 *fill*         0x00086072        0x2 
 .rodata._ZL13rotaryLEDPins
                0x00086074       0x10 C:\Users\user\AppData\Local\Temp\VMBuilds\MidiMixerMono\arduino_due_x\Release\MidiMixerMono.cpp.o
 .rodata.g_APinDescription
                0x00086084      0xa2c C:\Users\user\AppData\Local\Temp\VMBuilds\MidiMixerMono\arduino_due_x\Release\variant\variant.cpp.o
                0x00086084                g_APinDescription
 .rodata        0x00086ab0       0x40 C:\Users\user\AppData\Local\arduino15\packages\arduino\hardware\sam\1.6.11\variants\arduino_due_x/libsam_sam3x8e_gcc_rel.a(adc.o)
 .rodata.str1.1
                0x00086af0       0x19 C:\Users\user\AppData\Local\Temp\VMBuilds\MidiMixerMono\arduino_due_x\Release/core.a(syscalls_sam3.c.o)
 *fill*         0x00086b09        0x3 
 .rodata.channelToId.9433
                0x00086b0c       0x48 C:\Users\user\AppData\Local\Temp\VMBuilds\MidiMixerMono\arduino_due_x\Release/core.a(wiring_analog.c.o)
 .rodata.channelToTC.9432
                0x00086b54       0x48 C:\Users\user\AppData\Local\Temp\VMBuilds\MidiMixerMono\arduino_due_x\Release/core.a(wiring_analog.c.o)
 .rodata.channelToChNo.9430
                0x00086b9c       0x48 C:\Users\user\AppData\Local\Temp\VMBuilds\MidiMixerMono\arduino_due_x\Release/core.a(wiring_analog.c.o)
 .rodata.channelToAB.9431
                0x00086be4       0x48 C:\Users\user\AppData\Local\Temp\VMBuilds\MidiMixerMono\arduino_due_x\Release/core.a(wiring_analog.c.o)
 .rodata.str1.1
                0x00086c2c        0xf C:\Users\user\AppData\Local\Temp\VMBuilds\MidiMixerMono\arduino_due_x\Release/core.a(Print.cpp.o)
 *fill*         0x00086c3b        0x5 
 .rodata._ZTV9UARTClass
                0x00086c40       0x30 C:\Users\user\AppData\Local\Temp\VMBuilds\MidiMixerMono\arduino_due_x\Release/core.a(UARTClass.cpp.o)
                0x00086c40                vtable for UARTClass
 .rodata._ZTV10USARTClass
                0x00086c70       0x30 C:\Users\user\AppData\Local\Temp\VMBuilds\MidiMixerMono\arduino_due_x\Release/core.a(USARTClass.cpp.o)
                0x00086c70                vtable for USARTClass
 .rodata.STRING_PRODUCT
                0x00086ca0        0xc C:\Users\user\AppData\Local\Temp\VMBuilds\MidiMixerMono\arduino_due_x\Release/core.a(USBCore.cpp.o)
                0x00086ca0                STRING_PRODUCT
 .rodata.USB_DeviceDescriptor
                0x00086cac       0x12 C:\Users\user\AppData\Local\Temp\VMBuilds\MidiMixerMono\arduino_due_x\Release/core.a(USBCore.cpp.o)
                0x00086cac                USB_DeviceDescriptor
 .rodata.STRING_LANGUAGE
                0x00086cbe        0x4 C:\Users\user\AppData\Local\Temp\VMBuilds\MidiMixerMono\arduino_due_x\Release/core.a(USBCore.cpp.o)
                0x00086cbe                STRING_LANGUAGE
 .rodata._ZL18test_packet_buffer
                0x00086cc2       0x35 C:\Users\user\AppData\Local\Temp\VMBuilds\MidiMixerMono\arduino_due_x\Release/core.a(USBCore.cpp.o)
 .rodata.STRING_MANUFACTURER
                0x00086cf7        0xc C:\Users\user\AppData\Local\Temp\VMBuilds\MidiMixerMono\arduino_due_x\Release/core.a(USBCore.cpp.o)
                0x00086cf7                STRING_MANUFACTURER
 .rodata.USB_DeviceDescriptorA
                0x00086d03       0x12 C:\Users\user\AppData\Local\Temp\VMBuilds\MidiMixerMono\arduino_due_x\Release/core.a(USBCore.cpp.o)
                0x00086d03                USB_DeviceDescriptorA
 .rodata._ZL19USB_DeviceQualifier
                0x00086d15        0x9 C:\Users\user\AppData\Local\Temp\VMBuilds\MidiMixerMono\arduino_due_x\Release/core.a(USBCore.cpp.o)
 *fill*         0x00086d1e        0x2 
 .rodata._ZTV7Serial_
                0x00086d20       0x28 C:\Users\user\AppData\Local\Temp\VMBuilds\MidiMixerMono\arduino_due_x\Release/core.a(CDC.cpp.o)
                0x00086d20                vtable for Serial_
 .rodata._ZL18_cdcOtherInterface
                0x00086d48       0x42 C:\Users\user\AppData\Local\Temp\VMBuilds\MidiMixerMono\arduino_due_x\Release/core.a(CDC.cpp.o)
 .rodata._ZL13_cdcInterface
                0x00086d8a       0x42 C:\Users\user\AppData\Local\Temp\VMBuilds\MidiMixerMono\arduino_due_x\Release/core.a(CDC.cpp.o)
 .rodata        0x00086dcc       0x2c C:\Users\user\AppData\Local\arduino15\packages\arduino\hardware\sam\1.6.11\variants\arduino_due_x/libsam_sam3x8e_gcc_rel.a(pwmc.o)
 .rodata.__func__.6830
                0x00086df8       0x15 C:\Users\user\AppData\Local\arduino15\packages\arduino\hardware\sam\1.6.11\variants\arduino_due_x/libsam_sam3x8e_gcc_rel.a(pwmc.o)
 .rodata.__func__.6841
                0x00086e0d       0x12 C:\Users\user\AppData\Local\arduino15\packages\arduino\hardware\sam\1.6.11\variants\arduino_due_x/libsam_sam3x8e_gcc_rel.a(pwmc.o)
 .rodata.str1.1
                0x00086e1f      0x1cc C:\Users\user\AppData\Local\arduino15\packages\arduino\hardware\sam\1.6.11\variants\arduino_due_x/libsam_sam3x8e_gcc_rel.a(pwmc.o)
 .rodata.__func__.6804
                0x00086feb       0x16 C:\Users\user\AppData\Local\arduino15\packages\arduino\hardware\sam\1.6.11\variants\arduino_due_x/libsam_sam3x8e_gcc_rel.a(pwmc.o)
 .rodata.__func__.6793
                0x00087001       0x17 C:\Users\user\AppData\Local\arduino15\packages\arduino\hardware\sam\1.6.11\variants\arduino_due_x/libsam_sam3x8e_gcc_rel.a(pwmc.o)
 .rodata.__func__.6792
                0x00087018        0xd C:\Users\user\AppData\Local\arduino15\packages\arduino\hardware\sam\1.6.11\variants\arduino_due_x/libsam_sam3x8e_gcc_rel.a(tc.o)
 .rodata.str1.1
                0x00087025       0x54 C:\Users\user\AppData\Local\arduino15\packages\arduino\hardware\sam\1.6.11\variants\arduino_due_x/libsam_sam3x8e_gcc_rel.a(tc.o)
 .rodata.__func__.6798
                0x00087079        0x9 C:\Users\user\AppData\Local\arduino15\packages\arduino\hardware\sam\1.6.11\variants\arduino_due_x/libsam_sam3x8e_gcc_rel.a(tc.o)
 *fill*         0x00087082        0x2 
 .rodata.str1.4
                0x00087084       0x3f c:/users/user/appdata/local/arduino15/packages/arduino/tools/arm-none-eabi-gcc/4.8.3-2014q1/bin/../lib/gcc/arm-none-eabi/4.8.3/../../../../arm-none-eabi/lib/armv7-m\libg.a(lib_a-assert.o)
                                 0x44 (size before relaxing)
 *fill*         0x000870c3        0x1 
 .rodata.str1.4
                0x000870c4        0x2 c:/users/user/appdata/local/arduino15/packages/arduino/tools/arm-none-eabi-gcc/4.8.3-2014q1/bin/../lib/gcc/arm-none-eabi/4.8.3/../../../../arm-none-eabi/lib/armv7-m\libg.a(lib_a-impure.o)
                                  0x4 (size before relaxing)
 *fill*         0x000870c6        0x2 
 .rodata._global_impure_ptr
                0x000870c8        0x4 c:/users/user/appdata/local/arduino15/packages/arduino/tools/arm-none-eabi-gcc/4.8.3-2014q1/bin/../lib/gcc/arm-none-eabi/4.8.3/../../../../arm-none-eabi/lib/armv7-m\libg.a(lib_a-impure.o)
                0x000870c8                _global_impure_ptr
 .rodata.blanks.6717
                0x000870cc       0x10 c:/users/user/appdata/local/arduino15/packages/arduino/tools/arm-none-eabi-gcc/4.8.3-2014q1/bin/../lib/gcc/arm-none-eabi/4.8.3/../../../../arm-none-eabi/lib/armv7-m\libg.a(lib_a-vfiprintf.o)
 .rodata.str1.4
                0x000870dc       0x30 c:/users/user/appdata/local/arduino15/packages/arduino/tools/arm-none-eabi-gcc/4.8.3-2014q1/bin/../lib/gcc/arm-none-eabi/4.8.3/../../../../arm-none-eabi/lib/armv7-m\libg.a(lib_a-vfiprintf.o)
 .rodata.zeroes.6718
                0x0008710c       0x10 c:/users/user/appdata/local/arduino15/packages/arduino/tools/arm-none-eabi-gcc/4.8.3-2014q1/bin/../lib/gcc/arm-none-eabi/4.8.3/../../../../arm-none-eabi/lib/armv7-m\libg.a(lib_a-vfiprintf.o)
 *(.ARM.extab* .gnu.linkonce.armextab.*)
                0x0008711c                . = ALIGN (0x4)
 *(.init)
 .init          0x0008711c        0x4 c:/users/user/appdata/local/arduino15/packages/arduino/tools/arm-none-eabi-gcc/4.8.3-2014q1/bin/../lib/gcc/arm-none-eabi/4.8.3/armv7-m/crti.o
                0x0008711c                _init
 .init          0x00087120        0x8 c:/users/user/appdata/local/arduino15/packages/arduino/tools/arm-none-eabi-gcc/4.8.3-2014q1/bin/../lib/gcc/arm-none-eabi/4.8.3/armv7-m/crtn.o
                0x00087128                . = ALIGN (0x4)
                0x00087128                __preinit_array_start = .
 *(.preinit_array)
                0x00087128                __preinit_array_end = .
                0x00087128                . = ALIGN (0x4)
                0x00087128                __init_array_start = .
 *(SORT(.init_array.*))
 .init_array.00000
                0x00087128        0x4 c:/users/user/appdata/local/arduino15/packages/arduino/tools/arm-none-eabi-gcc/4.8.3-2014q1/bin/../lib/gcc/arm-none-eabi/4.8.3/../../../../arm-none-eabi/lib/armv7-m\libg.a(lib_a-__call_atexit.o)
 *(.init_array)
 .init_array    0x0008712c        0x4 c:/users/user/appdata/local/arduino15/packages/arduino/tools/arm-none-eabi-gcc/4.8.3-2014q1/bin/../lib/gcc/arm-none-eabi/4.8.3/armv7-m/crtbegin.o
 .init_array    0x00087130        0x4 C:\Users\user\AppData\Local\Temp\VMBuilds\MidiMixerMono\arduino_due_x\Release\variant\variant.cpp.o
 .init_array    0x00087134        0x4 C:\Users\user\AppData\Local\Temp\VMBuilds\MidiMixerMono\arduino_due_x\Release/core.a(USBCore.cpp.o)
 .init_array    0x00087138        0x4 C:\Users\user\AppData\Local\Temp\VMBuilds\MidiMixerMono\arduino_due_x\Release/core.a(CDC.cpp.o)
                0x0008713c                __init_array_end = .
                0x0008713c                . = ALIGN (0x4)
 *crtbegin.o(.ctors)
 *(EXCLUDE_FILE(*crtend.o) .ctors)
 *(SORT(.ctors.*))
 *crtend.o(.ctors)
                0x0008713c                . = ALIGN (0x4)
 *(.fini)
 .fini          0x0008713c        0x4 c:/users/user/appdata/local/arduino15/packages/arduino/tools/arm-none-eabi-gcc/4.8.3-2014q1/bin/../lib/gcc/arm-none-eabi/4.8.3/armv7-m/crti.o
                0x0008713c                _fini
 .fini          0x00087140        0x8 c:/users/user/appdata/local/arduino15/packages/arduino/tools/arm-none-eabi-gcc/4.8.3-2014q1/bin/../lib/gcc/arm-none-eabi/4.8.3/armv7-m/crtn.o
                0x00087148                . = ALIGN (0x4)
                0x00087148                __fini_array_start = .
 *(.fini_array)
 .fini_array    0x00087148        0x4 c:/users/user/appdata/local/arduino15/packages/arduino/tools/arm-none-eabi-gcc/4.8.3-2014q1/bin/../lib/gcc/arm-none-eabi/4.8.3/armv7-m/crtbegin.o
 *(SORT(.fini_array.*))
                0x0008714c                __fini_array_end = .
 *crtbegin.o(.dtors)
 *(EXCLUDE_FILE(*crtend.o) .dtors)
 *(SORT(.dtors.*))
 *crtend.o(.dtors)
                0x0008714c                . = ALIGN (0x4)
                0x0008714c                _efixed = .
                0x0008714c                PROVIDE (__exidx_start, .)

.vfp11_veneer   0x0008714c        0x0
 .vfp11_veneer  0x00000000        0x0 linker stubs

.v4_bx          0x0008714c        0x0
 .v4_bx         0x00000000        0x0 linker stubs

.iplt           0x0008714c        0x0
 .iplt          0x00000000        0x0 c:/users/user/appdata/local/arduino15/packages/arduino/tools/arm-none-eabi-gcc/4.8.3-2014q1/bin/../lib/gcc/arm-none-eabi/4.8.3/armv7-m/crtbegin.o

.ARM.exidx      0x0008714c        0x8
 *(.ARM.exidx* .gnu.linkonce.armexidx.*)
 .ARM.exidx     0x0008714c        0x8 c:/users/user/appdata/local/arduino15/packages/arduino/tools/arm-none-eabi-gcc/4.8.3-2014q1/bin/../lib/gcc/arm-none-eabi/4.8.3/armv7-m\libgcc.a(_divdi3.o)
 .ARM.exidx     0x00087154        0x0 c:/users/user/appdata/local/arduino15/packages/arduino/tools/arm-none-eabi-gcc/4.8.3-2014q1/bin/../lib/gcc/arm-none-eabi/4.8.3/armv7-m\libgcc.a(_udivdi3.o)
                                  0x8 (size before relaxing)
                0x00087154                PROVIDE (__exidx_end, .)

.eh_frame       0x00087154        0x0
 .eh_frame      0x00087154        0x0 c:/users/user/appdata/local/arduino15/packages/arduino/tools/arm-none-eabi-gcc/4.8.3-2014q1/bin/../lib/gcc/arm-none-eabi/4.8.3/armv7-m/crtbegin.o

.rel.dyn        0x00087154        0x0
 .rel.iplt      0x00000000        0x0 c:/users/user/appdata/local/arduino15/packages/arduino/tools/arm-none-eabi-gcc/4.8.3-2014q1/bin/../lib/gcc/arm-none-eabi/4.8.3/armv7-m/crtbegin.o

.jcr            0x00087154        0x0
 .jcr           0x00087154        0x0 c:/users/user/appdata/local/arduino15/packages/arduino/tools/arm-none-eabi-gcc/4.8.3-2014q1/bin/../lib/gcc/arm-none-eabi/4.8.3/armv7-m/crtbegin.o

.igot.plt       0x00087154        0x0
 .igot.plt      0x00000000        0x0 c:/users/user/appdata/local/arduino15/packages/arduino/tools/arm-none-eabi-gcc/4.8.3-2014q1/bin/../lib/gcc/arm-none-eabi/4.8.3/armv7-m/crtbegin.o
                0x00087154                . = ALIGN (0x4)
                0x00087154                _etext = .

.relocate       0x20070000      0xc54 load address 0x00087154
                0x20070000                . = ALIGN (0x4)
                0x20070000                _srelocate = .
 *(.ramfunc .ramfunc.*)
 .ramfunc       0x20070000       0x2c C:\Users\user\AppData\Local\Temp\VMBuilds\MidiMixerMono\arduino_due_x\Release/core.a(Reset.cpp.o)
                0x20070000                banzai
 *(.data .data.*)
 .data._ZL16page3ButtonState
                0x2007002c       0x50 C:\Users\user\AppData\Local\Temp\VMBuilds\MidiMixerMono\arduino_due_x\Release\MidiMixerMono.cpp.o
 .data._ZL17page4EncoderState
                0x2007007c       0x80 C:\Users\user\AppData\Local\Temp\VMBuilds\MidiMixerMono\arduino_due_x\Release\MidiMixerMono.cpp.o
 .data._ZL16page2ButtonState
                0x200700fc       0x50 C:\Users\user\AppData\Local\Temp\VMBuilds\MidiMixerMono\arduino_due_x\Release\MidiMixerMono.cpp.o
 .data._ZL17page2EncoderState
                0x2007014c       0x80 C:\Users\user\AppData\Local\Temp\VMBuilds\MidiMixerMono\arduino_due_x\Release\MidiMixerMono.cpp.o
 .data._ZL17page1EncoderState
                0x200701cc       0x80 C:\Users\user\AppData\Local\Temp\VMBuilds\MidiMixerMono\arduino_due_x\Release\MidiMixerMono.cpp.o
 .data._ZL7curPage
                0x2007024c        0x4 C:\Users\user\AppData\Local\Temp\VMBuilds\MidiMixerMono\arduino_due_x\Release\MidiMixerMono.cpp.o
 .data._ZL17page3EncoderState
                0x20070250       0x80 C:\Users\user\AppData\Local\Temp\VMBuilds\MidiMixerMono\arduino_due_x\Release\MidiMixerMono.cpp.o
 .data._ZL16page1ButtonState
                0x200702d0       0x50 C:\Users\user\AppData\Local\Temp\VMBuilds\MidiMixerMono\arduino_due_x\Release\MidiMixerMono.cpp.o
 .data._ZL16page4ButtonState
                0x20070320       0x50 C:\Users\user\AppData\Local\Temp\VMBuilds\MidiMixerMono\arduino_due_x\Release\MidiMixerMono.cpp.o
 .data._ZL17shiftEncoderState
                0x20070370       0x38 C:\Users\user\AppData\Local\Temp\VMBuilds\MidiMixerMono\arduino_due_x\Release\MidiMixerMono.cpp.o
 .data.SystemCoreClock
                0x200703a8        0x4 C:\Users\user\AppData\Local\arduino15\packages\arduino\hardware\sam\1.6.11\variants\arduino_due_x/libsam_sam3x8e_gcc_rel.a(system_sam3xa.o)
                0x200703a8                SystemCoreClock
 .data._writeResolution
                0x200703ac        0x4 C:\Users\user\AppData\Local\Temp\VMBuilds\MidiMixerMono\arduino_due_x\Release/core.a(wiring_analog.c.o)
 .data._ZL5ticks
                0x200703b0        0x4 C:\Users\user\AppData\Local\Temp\VMBuilds\MidiMixerMono\arduino_due_x\Release/core.a(Reset.cpp.o)
 .data.EndPoints
                0x200703b4       0x28 C:\Users\user\AppData\Local\Temp\VMBuilds\MidiMixerMono\arduino_due_x\Release/core.a(USBCore.cpp.o)
                0x200703b4                EndPoints
 .data._ZL10breakValue
                0x200703dc        0x4 C:\Users\user\AppData\Local\Temp\VMBuilds\MidiMixerMono\arduino_due_x\Release/core.a(CDC.cpp.o)
 .data._ZL12_usbLineInfo
                0x200703e0        0x8 C:\Users\user\AppData\Local\Temp\VMBuilds\MidiMixerMono\arduino_due_x\Release/core.a(CDC.cpp.o)
 .data.g_interrupt_enabled
                0x200703e8        0x4 C:\Users\user\AppData\Local\arduino15\packages\arduino\hardware\sam\1.6.11\variants\arduino_due_x/libsam_sam3x8e_gcc_rel.a(interrupt_sam_nvic.o)
                0x200703e8                g_interrupt_enabled
 *fill*         0x200703ec        0x4 
 .data.impure_data
                0x200703f0      0x428 c:/users/user/appdata/local/arduino15/packages/arduino/tools/arm-none-eabi-gcc/4.8.3-2014q1/bin/../lib/gcc/arm-none-eabi/4.8.3/../../../../arm-none-eabi/lib/armv7-m\libg.a(lib_a-impure.o)
 .data._impure_ptr
                0x20070818        0x4 c:/users/user/appdata/local/arduino15/packages/arduino/tools/arm-none-eabi-gcc/4.8.3-2014q1/bin/../lib/gcc/arm-none-eabi/4.8.3/../../../../arm-none-eabi/lib/armv7-m\libg.a(lib_a-impure.o)
                0x20070818                _impure_ptr
 .data.__malloc_av_
                0x2007081c      0x408 c:/users/user/appdata/local/arduino15/packages/arduino/tools/arm-none-eabi-gcc/4.8.3-2014q1/bin/../lib/gcc/arm-none-eabi/4.8.3/../../../../arm-none-eabi/lib/armv7-m\libg.a(lib_a-mallocr.o)
                0x2007081c                __malloc_av_
 .data.__malloc_trim_threshold
                0x20070c24        0x4 c:/users/user/appdata/local/arduino15/packages/arduino/tools/arm-none-eabi-gcc/4.8.3-2014q1/bin/../lib/gcc/arm-none-eabi/4.8.3/../../../../arm-none-eabi/lib/armv7-m\libg.a(lib_a-mallocr.o)
                0x20070c24                __malloc_trim_threshold
 .data.__malloc_sbrk_base
                0x20070c28        0x4 c:/users/user/appdata/local/arduino15/packages/arduino/tools/arm-none-eabi-gcc/4.8.3-2014q1/bin/../lib/gcc/arm-none-eabi/4.8.3/../../../../arm-none-eabi/lib/armv7-m\libg.a(lib_a-mallocr.o)
                0x20070c28                __malloc_sbrk_base
 .data.lc_ctype_charset
                0x20070c2c       0x20 c:/users/user/appdata/local/arduino15/packages/arduino/tools/arm-none-eabi-gcc/4.8.3-2014q1/bin/../lib/gcc/arm-none-eabi/4.8.3/../../../../arm-none-eabi/lib/armv7-m\libg.a(lib_a-locale.o)
 .data.__mb_cur_max
                0x20070c4c        0x4 c:/users/user/appdata/local/arduino15/packages/arduino/tools/arm-none-eabi-gcc/4.8.3-2014q1/bin/../lib/gcc/arm-none-eabi/4.8.3/../../../../arm-none-eabi/lib/armv7-m\libg.a(lib_a-locale.o)
                0x20070c4c                __mb_cur_max
 .data.__wctomb
                0x20070c50        0x4 c:/users/user/appdata/local/arduino15/packages/arduino/tools/arm-none-eabi-gcc/4.8.3-2014q1/bin/../lib/gcc/arm-none-eabi/4.8.3/../../../../arm-none-eabi/lib/armv7-m\libg.a(lib_a-wctomb_r.o)
                0x20070c50                __wctomb
                0x20070c54                . = ALIGN (0x4)
                0x20070c54                _erelocate = .

.bss            0x20070c54      0xa98 load address 0x00087da8
                0x20070c54                . = ALIGN (0x4)
                0x20070c54                _sbss = .
                0x20070c54                _szero = .
 *(.bss .bss.*)
 .bss           0x20070c54       0x1c c:/users/user/appdata/local/arduino15/packages/arduino/tools/arm-none-eabi-gcc/4.8.3-2014q1/bin/../lib/gcc/arm-none-eabi/4.8.3/armv7-m/crtbegin.o
 .bss._ZL7curData
                0x20070c70        0x4 C:\Users\user\AppData\Local\Temp\VMBuilds\MidiMixerMono\arduino_due_x\Release\MidiMixerMono.cpp.o
 .bss._ZL5shift
                0x20070c74        0x1 C:\Users\user\AppData\Local\Temp\VMBuilds\MidiMixerMono\arduino_due_x\Release\MidiMixerMono.cpp.o
 *fill*         0x20070c75        0x3 
 .bss._ZL13curPageButton
                0x20070c78        0x4 C:\Users\user\AppData\Local\Temp\VMBuilds\MidiMixerMono\arduino_due_x\Release\MidiMixerMono.cpp.o
 .bss._ZZ22rotaryDeltaUpdateStatePViE4data
                0x20070c7c       0x1c C:\Users\user\AppData\Local\Temp\VMBuilds\MidiMixerMono\arduino_due_x\Release\MidiMixerMono.cpp.o
 .bss._ZZ17buttonUpdateStatePViE4data
                0x20070c98       0x14 C:\Users\user\AppData\Local\Temp\VMBuilds\MidiMixerMono\arduino_due_x\Release\MidiMixerMono.cpp.o
 .bss._ZL14curPageEncoder
                0x20070cac        0x4 C:\Users\user\AppData\Local\Temp\VMBuilds\MidiMixerMono\arduino_due_x\Release\MidiMixerMono.cpp.o
 .bss._ZZ22rotaryValueUpdateStatePViE4data
                0x20070cb0       0x20 C:\Users\user\AppData\Local\Temp\VMBuilds\MidiMixerMono\arduino_due_x\Release\MidiMixerMono.cpp.o
 .bss.tx_buffer2