Archive member included because of file (symbol)

C:\Users\user\AppData\Local\arduino15\packages\arduino\hardware\sam\1.6.11\variants\arduino_due_x/libsam_sam3x8e_gcc_rel.a(pio.o)
                              C:\Users\user\AppData\Local\Temp\VMBuilds\MidiMixerMono\arduino_due_x_dbg\Release\variant\variant.cpp.o (PIO_Configure)
C:\Users\user\AppData\Local\arduino15\packages\arduino\hardware\sam\1.6.11\variants\arduino_due_x/libsam_sam3x8e_gcc_rel.a(pmc.o)
                              C:\Users\user\AppData\Local\Temp\VMBuilds\MidiMixerMono\arduino_due_x_dbg\Release\variant\variant.cpp.o (pmc_enable_periph_clk)
C:\Users\user\AppData\Local\arduino15\packages\arduino\hardware\sam\1.6.11\variants\arduino_due_x/libsam_sam3x8e_gcc_rel.a(system_sam3xa.o)
                              C:\Users\user\AppData\Local\Temp\VMBuilds\MidiMixerMono\arduino_due_x_dbg\Release\variant\variant.cpp.o (SystemInit)
C:\Users\user\AppData\Local\arduino15\packages\arduino\hardware\sam\1.6.11\variants\arduino_due_x/libsam_sam3x8e_gcc_rel.a(startup_sam3xa.o)
                              (Reset_Handler)
C:\Users\user\AppData\Local\arduino15\packages\arduino\hardware\sam\1.6.11\variants\arduino_due_x/libsam_sam3x8e_gcc_rel.a(adc.o)
                              C:\Users\user\AppData\Local\Temp\VMBuilds\MidiMixerMono\arduino_due_x_dbg\Release\variant\variant.cpp.o (adc_init)
C:\Users\user\AppData\Local\arduino15\packages\arduino\hardware\sam\1.6.11\variants\arduino_due_x/libsam_sam3x8e_gcc_rel.a(uotghs.o)
                              C:\Users\user\AppData\Local\arduino15\packages\arduino\hardware\sam\1.6.11\variants\arduino_due_x/libsam_sam3x8e_gcc_rel.a(startup_sam3xa.o) (UOTGHS_Handler)
C:\Users\user\AppData\Local\Temp\VMBuilds\MidiMixerMono\arduino_due_x_dbg\Release/core.a(cortex_handlers.c.o)
                              C:\Users\user\AppData\Local\arduino15\packages\arduino\hardware\sam\1.6.11\variants\arduino_due_x/libsam_sam3x8e_gcc_rel.a(startup_sam3xa.o) (NMI_Handler)
C:\Users\user\AppData\Local\Temp\VMBuilds\MidiMixerMono\arduino_due_x_dbg\Release/core.a(hooks.c.o)
                              C:\Users\user\AppData\Local\Temp\VMBuilds\MidiMixerMono\arduino_due_x_dbg\Release/core.a(cortex_handlers.c.o) (sysTickHook)
C:\Users\user\AppData\Local\Temp\VMBuilds\MidiMixerMono\arduino_due_x_dbg\Release/core.a(syscalls_sam3.c.o)
                              (_sbrk)
C:\Users\user\AppData\Local\Temp\VMBuilds\MidiMixerMono\arduino_due_x_dbg\Release/core.a(WInterrupts.c.o)
                              C:\Users\user\AppData\Local\Temp\VMBuilds\MidiMixerMono\arduino_due_x_dbg\Release\MidiMixerMono.cpp.o (attachInterrupt)
C:\Users\user\AppData\Local\Temp\VMBuilds\MidiMixerMono\arduino_due_x_dbg\Release/core.a(wiring.c.o)
                              C:\Users\user\AppData\Local\Temp\VMBuilds\MidiMixerMono\arduino_due_x_dbg\Release\MidiMixerMono.cpp.o (millis)
C:\Users\user\AppData\Local\Temp\VMBuilds\MidiMixerMono\arduino_due_x_dbg\Release/core.a(wiring_analog.c.o)
                              C:\Users\user\AppData\Local\Temp\VMBuilds\MidiMixerMono\arduino_due_x_dbg\Release\variant\variant.cpp.o (analogOutputInit)
C:\Users\user\AppData\Local\Temp\VMBuilds\MidiMixerMono\arduino_due_x_dbg\Release/core.a(wiring_digital.c.o)
                              C:\Users\user\AppData\Local\Temp\VMBuilds\MidiMixerMono\arduino_due_x_dbg\Release\MidiMixerMono.cpp.o (pinMode)
C:\Users\user\AppData\Local\Temp\VMBuilds\MidiMixerMono\arduino_due_x_dbg\Release/core.a(main.cpp.o)
                              c:/users/user/appdata/local/arduino15/packages/arduino/tools/arm-none-eabi-gcc/4.8.3-2014q1/bin/../lib/gcc/arm-none-eabi/4.8.3/../../../../arm-none-eabi/lib/armv7-m/crt0.o (main)
C:\Users\user\AppData\Local\Temp\VMBuilds\MidiMixerMono\arduino_due_x_dbg\Release/core.a(Print.cpp.o)
                              C:\Users\user\AppData\Local\Temp\VMBuilds\MidiMixerMono\arduino_due_x_dbg\Release\MidiMixerMono.cpp.o (Print::println(String const&))
C:\Users\user\AppData\Local\Temp\VMBuilds\MidiMixerMono\arduino_due_x_dbg\Release/core.a(Reset.cpp.o)
                              C:\Users\user\AppData\Local\Temp\VMBuilds\MidiMixerMono\arduino_due_x_dbg\Release/core.a(cortex_handlers.c.o) (tickReset)
C:\Users\user\AppData\Local\Temp\VMBuilds\MidiMixerMono\arduino_due_x_dbg\Release/core.a(RingBuffer.cpp.o)
                              C:\Users\user\AppData\Local\Temp\VMBuilds\MidiMixerMono\arduino_due_x_dbg\Release\variant\variant.cpp.o (RingBuffer::RingBuffer())
C:\Users\user\AppData\Local\Temp\VMBuilds\MidiMixerMono\arduino_due_x_dbg\Release/core.a(UARTClass.cpp.o)
                              C:\Users\user\AppData\Local\Temp\VMBuilds\MidiMixerMono\arduino_due_x_dbg\Release\variant\variant.cpp.o (UARTClass::available())
C:\Users\user\AppData\Local\Temp\VMBuilds\MidiMixerMono\arduino_due_x_dbg\Release/core.a(USARTClass.cpp.o)
[...]
Memory Configuration

Name             Origin             Length             Attributes
rom              0x00080000         0x00080000         xr
sram0            0x20000000         0x00010000         xrw
sram1            0x20080000         0x00008000         xrw
ram              0x20070000         0x00018000         xrw
*default*        0x00000000         0xffffffff

Linker script and memory map

LOAD c:/users/user/appdata/local/arduino15/packages/arduino/tools/arm-none-eabi-gcc/4.8.3-2014q1/bin/../lib/gcc/arm-none-eabi/4.8.3/armv7-m/crti.o
LOAD c:/users/user/appdata/local/arduino15/packages/arduino/tools/arm-none-eabi-gcc/4.8.3-2014q1/bin/../lib/gcc/arm-none-eabi/4.8.3/armv7-m/crtbegin.o
LOAD c:/users/user/appdata/local/arduino15/packages/arduino/tools/arm-none-eabi-gcc/4.8.3-2014q1/bin/../lib/gcc/arm-none-eabi/4.8.3/../../../../arm-none-eabi/lib/armv7-m/crt0.o
START GROUP
LOAD C:\Users\user\AppData\Local\Temp\VMBuilds\MidiMixerMono\arduino_due_x_dbg\Release\MidiMixerMono.cpp.o
LOAD C:\Users\user\AppData\Local\Temp\VMBuilds\MidiMixerMono\arduino_due_x_dbg\Release\variant\variant.cpp.o
LOAD C:\Users\user\AppData\Local\arduino15\packages\arduino\hardware\sam\1.6.11\variants\arduino_due_x/libsam_sam3x8e_gcc_rel.a
LOAD C:\Users\user\AppData\Local\Temp\VMBuilds\MidiMixerMono\arduino_due_x_dbg\Release/core.a
END GROUP
LOAD c:/users/user/appdata/local/arduino15/packages/arduino/tools/arm-none-eabi-gcc/4.8.3-2014q1/bin/../lib/gcc/arm-none-eabi/4.8.3/../../../../arm-none-eabi/lib/armv7-m\libm.a
START GROUP
LOAD c:/users/user/appdata/local/arduino15/packages/arduino/tools/arm-none-eabi-gcc/4.8.3-2014q1/bin/../lib/gcc/arm-none-eabi/4.8.3/armv7-m\libgcc.a
LOAD c:/users/user/appdata/local/arduino15/packages/arduino/tools/arm-none-eabi-gcc/4.8.3-2014q1/bin/../lib/gcc/arm-none-eabi/4.8.3/../../../../arm-none-eabi/lib/armv7-m\libg.a
LOAD c:/users/user/appdata/local/arduino15/packages/arduino/tools/arm-none-eabi-gcc/4.8.3-2014q1/bin/../lib/gcc/arm-none-eabi/4.8.3/../../../../arm-none-eabi/lib/armv7-m\libc.a
END GROUP
LOAD c:/users/user/appdata/local/arduino15/packages/arduino/tools/arm-none-eabi-gcc/4.8.3-2014q1/bin/../lib/gcc/arm-none-eabi/4.8.3/armv7-m/crtend.o
LOAD c:/users/user/appdata/local/arduino15/packages/arduino/tools/arm-none-eabi-gcc/4.8.3-2014q1/bin/../lib/gcc/arm-none-eabi/4.8.3/armv7-m/crtn.o

.text           0x00080000     0x6384
                0x00080000                . = ALIGN (0x4)
                0x00080000                _sfixed = .
 *(.vectors .vectors.*)
 .vectors       0x00080000       0xf4 C:\Users\user\AppData\Local\arduino15\packages\arduino\hardware\sam\1.6.11\variants\arduino_due_x/libsam_sam3x8e_gcc_rel.a(startup_sam3xa.o)
                0x00080000                exception_table
 *(.text .text.* .gnu.linkonce.t.*)
 .text          0x000800f4       0x54 c:/users/user/appdata/local/arduino15/packages/arduino/tools/arm-none-eabi-gcc/4.8.3-2014q1/bin/../lib/gcc/arm-none-eabi/4.8.3/armv7-m/crtbegin.o
 .text._Z8shiftISRv
                0x00080148       0x1c C:\Users\user\AppData\Local\Temp\VMBuilds\MidiMixerMono\arduino_due_x_dbg\Release\MidiMixerMono.cpp.o
                0x00080148                shiftISR()
 .text._Z28rotaryValGenerateMidiMessagePi
                0x00080164       0x90 C:\Users\user\AppData\Local\Temp\VMBuilds\MidiMixerMono\arduino_due_x_dbg\Release\MidiMixerMono.cpp.o
                0x00080164                rotaryValGenerateMidiMessage(int*)
 .text._Z14rotaryGetStateii
                0x000801f4       0x42 C:\Users\user\AppData\Local\Temp\VMBuilds\MidiMixerMono\arduino_due_x_dbg\Release\MidiMixerMono.cpp.o
                0x000801f4                rotaryGetState(int, int)
 *fill*         0x00080236        0x2 
 .text._Z22rotaryValueUpdateStatePVi
                0x00080238       0x7c C:\Users\user\AppData\Local\Temp\VMBuilds\MidiMixerMono\arduino_due_x_dbg\Release\MidiMixerMono.cpp.o
                0x00080238                rotaryValueUpdateState(int volatile*)
 .text._Z18buttonGenerateMidiPi
                0x000802b4       0x90 C:\Users\user\AppData\Local\Temp\VMBuilds\MidiMixerMono\arduino_due_x_dbg\Release\MidiMixerMono.cpp.o
                0x000802b4                buttonGenerateMidi(int*)
 .text._Z14buttonGetStatei
                0x00080344       0x10 C:\Users\user\AppData\Local\Temp\VMBuilds\MidiMixerMono\arduino_due_x_dbg\Release\MidiMixerMono.cpp.o
                0x00080344                buttonGetState(int)
 .text._Z17buttonUpdateStatePVi
                0x00080354       0x3c C:\Users\user\AppData\Local\Temp\VMBuilds\MidiMixerMono\arduino_due_x_dbg\Release\MidiMixerMono.cpp.o
                0x00080354                buttonUpdateState(int volatile*)
 .text._Z8ledFlashi
                0x00080390       0x26 C:\Users\user\AppData\Local\Temp\VMBuilds\MidiMixerMono\arduino_due_x_dbg\Release\MidiMixerMono.cpp.o
                0x00080390                ledFlash(int)
 *fill*         0x000803b6        0x2 
 .text.loop     0x000803b8      0x154 C:\Users\user\AppData\Local\Temp\VMBuilds\MidiMixerMono\arduino_due_x_dbg\Release\MidiMixerMono.cpp.o
                0x000803b8                loop
 .text._Z21updatePageRotaryStatei
                0x0008050c       0xf4 C:\Users\user\AppData\Local\Temp\VMBuilds\MidiMixerMono\arduino_due_x_dbg\Release\MidiMixerMono.cpp.o
                0x0008050c                updatePageRotaryState(int)
 .text._Z15pageEncoder1ISRv
                0x00080600       0x10 C:\Users\user\AppData\Local\Temp\VMBuilds\MidiMixerMono\arduino_due_x_dbg\Release\MidiMixerMono.cpp.o
                0x00080600                pageEncoder1ISR()
 .text._Z15pageEncoder2ISRv
                0x00080610       0x10 C:\Users\user\AppData\Local\Temp\VMBuilds\MidiMixerMono\arduino_due_x_dbg\Release\MidiMixerMono.cpp.o
                0x00080610                pageEncoder2ISR()
 .text._Z15pageEncoder3ISRv
                0x00080620       0x10 C:\Users\user\AppData\Local\Temp\VMBuilds\MidiMixerMono\arduino_due_x_dbg\Release\MidiMixerMono.cpp.o
                0x00080620                pageEncoder3ISR()
 .text._Z15pageEncoder4ISRv
                0x00080630       0x10 C:\Users\user\AppData\Local\Temp\VMBuilds\MidiMixerMono\arduino_due_x_dbg\Release\MidiMixerMono.cpp.o
                0x00080630                pageEncoder4ISR()
 .text._Z21updatePageButtonStatei
                0x00080640       0xf8 C:\Users\user\AppData\Local\Temp\VMBuilds\MidiMixerMono\arduino_due_x_dbg\Release\MidiMixerMono.cpp.o
                0x00080640                updatePageButtonState(int)
 .text._Z14pageButton1ISRv
                0x00080738       0x28 C:\Users\user\AppData\Local\Temp\VMBuilds\MidiMixerMono\arduino_due_x_dbg\Release\MidiMixerMono.cpp.o
                0x00080738                pageButton1ISR()
 .text._Z14pageButton2ISRv
                0x00080760       0x28 C:\Users\user\AppData\Local\Temp\VMBuilds\MidiMixerMono\arduino_due_x_dbg\Release\MidiMixerMono.cpp.o
                0x00080760                pageButton2ISR()
 .text._Z14pageButton3ISRv
                0x00080788       0x28 C:\Users\user\AppData\Local\Temp\VMBuilds\MidiMixerMono\arduino_due_x_dbg\Release\MidiMixerMono.cpp.o
                0x00080788                pageButton3ISR()
 .text._Z14pageButton4ISRv
                0x000807b0       0x28 C:\Users\user\AppData\Local\Temp\VMBuilds\MidiMixerMono\arduino_due_x_dbg\Release\MidiMixerMono.cpp.o
                0x000807b0                pageButton4ISR()
 .text.setup    0x000807d8      0x1d4 C:\Users\user\AppData\Local\Temp\VMBuilds\MidiMixerMono\arduino_due_x_dbg\Release\MidiMixerMono.cpp.o
                0x000807d8                setup
 .text._Z11serialEventv
                0x000809ac        0x2 C:\Users\user\AppData\Local\Temp\VMBuilds\MidiMixerMono\arduino_due_x_dbg\Release\variant\variant.cpp.o
                0x000809ac                serialEvent()
 *fill*         0x000809ae        0x2 
 .text.UART_Handler
                0x000809b0        0xc C:\Users\user\AppData\Local\Temp\VMBuilds\MidiMixerMono\arduino_due_x_dbg\Release\variant\variant.cpp.o
                0x000809b0                UART_Handler
 .text._Z12serialEvent1v
                0x000809bc        0x2 C:\Users\user\AppData\Local\Temp\VMBuilds\MidiMixerMono\arduino_due_x_dbg\Release\variant\variant.cpp.o
                0x000809bc                serialEvent1()
 .text._Z12serialEvent2v
                0x000809be        0x2 C:\Users\user\AppData\Local\Temp\VMBuilds\MidiMixerMono\arduino_due_x_dbg\Release\variant\variant.cpp.o
                0x000809be                serialEvent2()
 .text._Z12serialEvent3v
                0x000809c0        0x2 C:\Users\user\AppData\Local\Temp\VMBuilds\MidiMixerMono\arduino_due_x_dbg\Release\variant\variant.cpp.o
                0x000809c0                serialEvent3()
 *fill*         0x000809c2        0x2 
 .text.USART0_Handler
                0x000809c4        0xc C:\Users\user\AppData\Local\Temp\VMBuilds\MidiMixerMono\arduino_due_x_dbg\Release\variant\variant.cpp.o
                0x000809c4                USART0_Handler
 .text.USART1_Handler
                0x000809d0        0xc C:\Users\user\AppData\Local\Temp\VMBuilds\MidiMixerMono\arduino_due_x_dbg\Release\variant\variant.cpp.o
                0x000809d0                USART1_Handler
 .text.USART3_Handler
                0x000809dc        0xc C:\Users\user\AppData\Local\Temp\VMBuilds\MidiMixerMono\arduino_due_x_dbg\Release\variant\variant.cpp.o
                0x000809dc                USART3_Handler
 .text.init     0x000809e8      0x128 C:\Users\user\AppData\Local\Temp\VMBuilds\MidiMixerMono\arduino_due_x_dbg\Release\variant\variant.cpp.o
                0x000809e8                init
 .text.startup._GLOBAL__sub_I_g_APinDescription
                0x00080b10       0xd4 C:\Users\user\AppData\Local\Temp\VMBuilds\MidiMixerMono\arduino_due_x_dbg\Release\variant\variant.cpp.o
 .text._Z14serialEventRunv
                0x00080be4       0x44 C:\Users\user\AppData\Local\Temp\VMBuilds\MidiMixerMono\arduino_due_x_dbg\Release\variant\variant.cpp.o
                0x00080be4                serialEventRun()
 .text.PIO_PullUp
                0x00080c28        0xa C:\Users\user\AppData\Local\arduino15\packages\arduino\hardware\sam\1.6.11\variants\arduino_due_x/libsam_sam3x8e_gcc_rel.a(pio.o)
                0x00080c28                PIO_PullUp
 .text.PIO_Get  0x00080c32       0x14 C:\Users\user\AppData\Local\arduino15\packages\arduino\hardware\sam\1.6.11\variants\arduino_due_x/libsam_sam3x8e_gcc_rel.a(pio.o)
                0x00080c32                PIO_Get
 .text.PIO_SetPeripheral
                0x00080c46       0x26 C:\Users\user\AppData\Local\arduino15\packages\arduino\hardware\sam\1.6.11\variants\arduino_due_x/libsam_sam3x8e_gcc_rel.a(pio.o)
                0x00080c46                PIO_SetPeripheral
 .text.PIO_SetInput
                0x00080c6c       0x26 C:\Users\user\AppData\Local\arduino15\packages\arduino\hardware\sam\1.6.11\variants\arduino_due_x/libsam_sam3x8e_gcc_rel.a(pio.o)
                0x00080c6c                PIO_SetInput
 .text.PIO_SetOutput
                0x00080c92       0x24 C:\Users\user\AppData\Local\arduino15\packages\arduino\hardware\sam\1.6.11\variants\arduino_due_x/libsam_sam3x8e_gcc_rel.a(pio.o)
                0x00080c92                PIO_SetOutput
 *fill*         0x00080cb6        0x2 
 .text.PIO_Configure
                0x00080cb8       0x64 C:\Users\user\AppData\Local\arduino15\packages\arduino\hardware\sam\1.6.11\variants\arduino_due_x/libsam_sam3x8e_gcc_rel.a(pio.o)
                0x00080cb8                PIO_Configure
 .text.PIO_GetOutputDataStatus
                0x00080d1c       0x14 C:\Users\user\AppData\Local\arduino15\packages\arduino\hardware\sam\1.6.11\variants\arduino_due_x/libsam_sam3x8e_gcc_rel.a(pio.o)
                0x00080d1c                PIO_GetOutputDataStatus
 .text.pmc_enable_upll_clock
                0x00080d30       0x14 C:\Users\user\AppData\Local\arduino15\packages\arduino\hardware\sam\1.6.11\variants\arduino_due_x/libsam_sam3x8e_gcc_rel.a(pmc.o)
                0x00080d30                pmc_enable_upll_clock
 .text.pmc_enable_periph_clk
                0x00080d44       0x44 C:\Users\user\AppData\Local\arduino15\packages\arduino\hardware\sam\1.6.11\variants\arduino_due_x/libsam_sam3x8e_gcc_rel.a(pmc.o)
                0x00080d44                pmc_enable_periph_clk
 .text.pmc_disable_periph_clk
                0x00080d88       0x40 C:\Users\user\AppData\Local\arduino15\packages\arduino\hardware\sam\1.6.11\variants\arduino_due_x/libsam_sam3x8e_gcc_rel.a(pmc.o)
                0x00080d88                pmc_disable_periph_clk
 .text.pmc_switch_udpck_to_upllck
                0x00080dc8       0x14 C:\Users\user\AppData\Local\arduino15\packages\arduino\hardware\sam\1.6.11\variants\arduino_due_x/libsam_sam3x8e_gcc_rel.a(pmc.o)
                0x00080dc8                pmc_switch_udpck_to_upllck
 .text.pmc_enable_udpck
                0x00080ddc        0xc C:\Users\user\AppData\Local\arduino15\packages\arduino\hardware\sam\1.6.11\variants\arduino_due_x/libsam_sam3x8e_gcc_rel.a(pmc.o)
                0x00080ddc                pmc_enable_udpck
 .text.SystemInit
                0x00080de8       0x88 C:\Users\user\AppData\Local\arduino15\packages\arduino\hardware\sam\1.6.11\variants\arduino_due_x/libsam_sam3x8e_gcc_rel.a(system_sam3xa.o)
                0x00080de8                SystemInit
 .text.Reset_Handler
                0x00080e70       0x78 C:\Users\user\AppData\Local\arduino15\packages\arduino\hardware\sam\1.6.11\variants\arduino_due_x/libsam_sam3x8e_gcc_rel.a(startup_sam3xa.o)
                0x00080e70                Reset_Handler
 .text.adc_init
                0x00080ee8       0x98 C:\Users\user\AppData\Local\arduino15\packages\arduino\hardware\sam\1.6.11\variants\arduino_due_x/libsam_sam3x8e_gcc_rel.a(adc.o)
                0x00080ee8                adc_init
 .text.adc_configure_trigger
                0x00080f80        0xe C:\Users\user\AppData\Local\arduino15\packages\arduino\hardware\sam\1.6.11\variants\arduino_due_x/libsam_sam3x8e_gcc_rel.a(adc.o)
                0x00080f80                adc_configure_trigger
 .text.adc_configure_timing
                0x00080f8e       0x1a C:\Users\user\AppData\Local\arduino15\packages\arduino\hardware\sam\1.6.11\variants\arduino_due_x/libsam_sam3x8e_gcc_rel.a(adc.o)
                0x00080f8e                adc_configure_timing
 .text.adc_disable_channel
                0x00080fa8        0xa C:\Users\user\AppData\Local\arduino15\packages\arduino\hardware\sam\1.6.11\variants\arduino_due_x/libsam_sam3x8e_gcc_rel.a(adc.o)
                0x00080fa8                adc_disable_channel
 .text.adc_disable_all_channel
                0x00080fb2        0x8 C:\Users\user\AppData\Local\arduino15\packages\arduino\hardware\sam\1.6.11\variants\arduino_due_x/libsam_sam3x8e_gcc_rel.a(adc.o)
                0x00080fb2                adc_disable_all_channel
 .text.adc_disable_interrupt
                0x00080fba        0x4 C:\Users\user\AppData\Local\arduino15\packages\arduino\hardware\sam\1.6.11\variants\arduino_due_x/libsam_sam3x8e_gcc_rel.a(adc.o)
                0x00080fba                adc_disable_interrupt
 *fill*         0x00080fbe        0x2 
 .text.UOTGHS_Handler
                0x00080fc0       0x10 C:\Users\user\AppData\Local\arduino15\packages\arduino\hardware\sam\1.6.11\variants\arduino_due_x/libsam_sam3x8e_gcc_rel.a(uotghs.o)
                0x00080fc0                UOTGHS_Handler
 .text.__halt   0x00080fd0        0x2 C:\Users\user\AppData\Local\Temp\VMBuilds\MidiMixerMono\arduino_due_x_dbg\Release/core.a(cortex_handlers.c.o)
                0x00080fd0                DACC_Handler
                0x00080fd0                DebugMon_Handler
                0x00080fd0                DMAC_Handler
                0x00080fd0                TRNG_Handler
                0x00080fd0                HardFault_Handler
                0x00080fd0                TC2_Handler
                0x00080fd0                TWI1_Handler
                0x00080fd0                NMI_Handler
                0x00080fd0                TC7_Handler
                0x00080fd0                ADC_Handler
                0x00080fd0                SMC_Handler
                0x00080fd0                RTT_Handler
                0x00080fd0                EFC1_Handler
                0x00080fd0                RTC_Handler
                0x00080fd0                UsageFault_Handler
                0x00080fd0                TC6_Handler
                0x00080fd0                WDT_Handler
                0x00080fd0                CAN0_Handler
                0x00080fd0                TC4_Handler
                0x00080fd0                TC1_Handler
                0x00080fd0                HSMCI_Handler
                0x00080fd0                TC3_Handler
                0x00080fd0                TWI0_Handler
                0x00080fd0                SSC_Handler
                0x00080fd0                EFC0_Handler
                0x00080fd0                PMC_Handler
                0x00080fd0                PWM_Handler
                0x00080fd0                CAN1_Handler
                0x00080fd0                MemManage_Handler
                0x00080fd0                SUPC_Handler
                0x00080fd0                TC8_Handler
                0x00080fd0                USART2_Handler
                0x00080fd0                EMAC_Handler
                0x00080fd0                BusFault_Handler
                0x00080fd0                RSTC_Handler
                0x00080fd0                TC0_Handler
                0x00080fd0                TC5_Handler
                0x00080fd0                SPI0_Handler
 .text.SVC_Handler
                0x00080fd2        0x4 C:\Users\user\AppData\Local\Temp\VMBuilds\MidiMixerMono\arduino_due_x_dbg\Release/core.a(cortex_handlers.c.o)
                0x00080fd2                SVC_Handler
 .text.PendSV_Handler
                0x00080fd6        0x4 C:\Users\user\AppData\Local\Temp\VMBuilds\MidiMixerMono\arduino_due_x_dbg\Release/core.a(cortex_handlers.c.o)
                0x00080fd6                PendSV_Handler
 .text.SysTick_Handler
                0x00080fda       0x16 C:\Users\user\AppData\Local\Temp\VMBuilds\MidiMixerMono\arduino_due_x_dbg\Release/core.a(cortex_handlers.c.o)
                0x00080fda                SysTick_Handler
 .text.__empty  0x00080ff0        0x2 C:\Users\user\AppData\Local\Temp\VMBuilds\MidiMixerMono\arduino_due_x_dbg\Release/core.a(hooks.c.o)
                0x00080ff0                yield
 .text.__false  0x00080ff2        0x4 C:\Users\user\AppData\Local\Temp\VMBuilds\MidiMixerMono\arduino_due_x_dbg\Release/core.a(hooks.c.o)
                0x00080ff2                sysTickHook
 .text.__halt   0x00080ff6        0x2 C:\Users\user\AppData\Local\Temp\VMBuilds\MidiMixerMono\arduino_due_x_dbg\Release/core.a(hooks.c.o)
                0x00080ff6                svcHook
                0x00080ff6                pendSVHook
 .text._sbrk    0x00080ff8       0x1c C:\Users\user\AppData\Local\Temp\VMBuilds\MidiMixerMono\arduino_due_x_dbg\Release/core.a(syscalls_sam3.c.o)
                0x00080ff8                _sbrk
 .text.link     0x00081014        0x6 C:\Users\user\AppData\Local\Temp\VMBuilds\MidiMixerMono\arduino_due_x_dbg\Release/core.a(syscalls_sam3.c.o)
                0x00081014                link
 .text._close   0x0008101a        0x6 C:\Users\user\AppData\Local\Temp\VMBuilds\MidiMixerMono\arduino_due_x_dbg\Release/core.a(syscalls_sam3.c.o)
                0x0008101a                _close
 .text._fstat   0x00081020        0xa C:\Users\user\AppData\Local\Temp\VMBuilds\MidiMixerMono\arduino_due_x_dbg\Release/core.a(syscalls_sam3.c.o)
                0x00081020                _fstat
 .text._isatty  0x0008102a        0x4 C:\Users\user\AppData\Local\Temp\VMBuilds\MidiMixerMono\arduino_due_x_dbg\Release/core.a(syscalls_sam3.c.o)
                0x0008102a                _isatty
 .text._lseek   0x0008102e        0x4 C:\Users\user\AppData\Local\Temp\VMBuilds\MidiMixerMono\arduino_due_x_dbg\Release/core.a(syscalls_sam3.c.o)
                0x0008102e                _lseek
 .text._read    0x00081032        0x4 C:\Users\user\AppData\Local\Temp\VMBuilds\MidiMixerMono\arduino_due_x_dbg\Release/core.a(syscalls_sam3.c.o)
                0x00081032                _read
 *fill*         0x00081036        0x2 
 .text._write   0x00081038       0x24 C:\Users\user\AppData\Local\Temp\VMBuilds\MidiMixerMono\arduino_due_x_dbg\Release/core.a(syscalls_sam3.c.o)
                0x00081038                _write
 .text._exit    0x0008105c       0x10 C:\Users\user\AppData\Local\Temp\VMBuilds\MidiMixerMono\arduino_due_x_dbg\Release/core.a(syscalls_sam3.c.o)
                0x0008105c                _exit
 .text._kill    0x0008106c        0x2 C:\Users\user\AppData\Local\Temp\VMBuilds\MidiMixerMono\arduino_due_x_dbg\Release/core.a(syscalls_sam3.c.o)
                0x0008106c                _kill
 .text._getpid  0x0008106e        0x6 C:\Users\user\AppData\Local\Temp\VMBuilds\MidiMixerMono\arduino_due_x_dbg\Release/core.a(syscalls_sam3.c.o)
                0x0008106e                _getpid
 .text.attachInterrupt
                0x00081074      0x148 C:\Users\user\AppData\Local\Temp\VMBuilds\MidiMixerMono\arduino_due_x_dbg\Release/core.a(WInterrupts.c.o)
                0x00081074                attachInterrupt
 .text.PIOA_Handler
                0x000811bc       0x38 C:\Users\user\AppData\Local\Temp\VMBuilds\MidiMixerMono\arduino_due_x_dbg\Release/core.a(WInterrupts.c.o)
                0x000811bc                PIOA_Handler
 .text.PIOB_Handler
                0x000811f4       0x38 C:\Users\user\AppData\Local\Temp\VMBuilds\MidiMixerMono\arduino_due_x_dbg\Release/core.a(WInterrupts.c.o)
                0x000811f4                PIOB_Handler
 .text.PIOC_Handler
                0x0008122c       0x38 C:\Users\user\AppData\Local\Temp\VMBuilds\MidiMixerMono\arduino_due_x_dbg\Release/core.a(WInterrupts.c.o)
                0x0008122c                PIOC_Handler
 .text.PIOD_Handler
                0x00081264       0x38 C:\Users\user\AppData\Local\Temp\VMBuilds\MidiMixerMono\arduino_due_x_dbg\Release/core.a(WInterrupts.c.o)
                0x00081264                PIOD_Handler
 .text.millis   0x0008129c        0x4 C:\Users\user\AppData\Local\Temp\VMBuilds\MidiMixerMono\arduino_due_x_dbg\Release/core.a(wiring.c.o)
                0x0008129c                millis
 .text.delay    0x000812a0       0x1c C:\Users\user\AppData\Local\Temp\VMBuilds\MidiMixerMono\arduino_due_x_dbg\Release/core.a(wiring.c.o)
                0x000812a0                delay
 .text.analogOutputInit
                0x000812bc        0x2 C:\Users\user\AppData\Local\Temp\VMBuilds\MidiMixerMono\arduino_due_x_dbg\Release/core.a(wiring_analog.c.o)
                0x000812bc                analogOutputInit
 *fill*         0x000812be        0x2 
 .text.pinMode  0x000812c0      0x108 C:\Users\user\AppData\Local\Temp\VMBuilds\MidiMixerMono\arduino_due_x_dbg\Release/core.a(wiring_digital.c.o)
                0x000812c0                pinMode
 .text.digitalWrite
                0x000813c8       0x70 C:\Users\user\AppData\Local\Temp\VMBuilds\MidiMixerMono\arduino_due_x_dbg\Release/core.a(wiring_digital.c.o)
                0x000813c8                digitalWrite
 .text.digitalRead
                0x00081438       0x44 C:\Users\user\AppData\Local\Temp\VMBuilds\MidiMixerMono\arduino_due_x_dbg\Release/core.a(wiring_digital.c.o)
                0x00081438                digitalRead
 .text.initVariant
                0x0008147c        0x2 C:\Users\user\AppData\Local\Temp\VMBuilds\MidiMixerMono\arduino_due_x_dbg\Release/core.a(main.cpp.o)
                0x0008147c                initVariant
 *fill*         0x0008147e        0x2 
 .text.startup.main
                0x00081480       0x38 C:\Users\user\AppData\Local\Temp\VMBuilds\MidiMixerMono\arduino_due_x_dbg\Release/core.a(main.cpp.o)
                0x00081480                main
 .text._ZN5Print5writeEPKhj
                0x000814b8       0x22 C:\Users\user\AppData\Local\Temp\VMBuilds\MidiMixerMono\arduino_due_x_dbg\Release/core.a(Print.cpp.o)
                0x000814b8                Print::write(unsigned char const*, unsigned int)
 .text._ZN5Print5writeEPKc
                0x000814da       0x1e C:\Users\user\AppData\Local\Temp\VMBuilds\MidiMixerMono\arduino_due_x_dbg\Release/core.a(Print.cpp.o)
                0x000814da                Print::write(char const*)
 .text._ZN5Print5printERK6String
                0x000814f8       0x10 C:\Users\user\AppData\Local\Temp\VMBuilds\MidiMixerMono\arduino_due_x_dbg\Release/core.a(Print.cpp.o)
                0x000814f8                Print::print(String const&)
 .text._ZN5Print7printlnEv
                0x00081508       0x10 C:\Users\user\AppData\Local\Temp\VMBuilds\MidiMixerMono\arduino_due_x_dbg\Release/core.a(Print.cpp.o)
                0x00081508                Print::println()
 .text._ZN5Print7printlnERK6String
                0x00081518       0x14 C:\Users\user\AppData\Local\Temp\VMBuilds\MidiMixerMono\arduino_due_x_dbg\Release/core.a(Print.cpp.o)
                0x00081518                Print::println(String const&)
 .text.initiateReset
                0x0008152c        0xc C:\Users\user\AppData\Local\Temp\VMBuilds\MidiMixerMono\arduino_due_x_dbg\Release/core.a(Reset.cpp.o)
                0x0008152c                initiateReset
 .text.cancelReset
                0x00081538       0x10 C:\Users\user\AppData\Local\Temp\VMBuilds\MidiMixerMono\arduino_due_x_dbg\Release/core.a(Reset.cpp.o)
                0x00081538                cancelReset
 .text.tickReset
                0x00081548       0x20 C:\Users\user\AppData\Local\Temp\VMBuilds\MidiMixerMono\arduino_due_x_dbg\Release/core.a(Reset.cpp.o)
                0x00081548                tickReset
 .text._ZN10RingBufferC2Ev
                0x00081568       0x1a C:\Users\user\AppData\Local\Temp\VMBuilds\MidiMixerMono\arduino_due_x_dbg\Release/core.a(RingBuffer.cpp.o)
                0x00081568                RingBuffer::RingBuffer()
                0x00081568                RingBuffer::RingBuffer()
 .text._ZN10RingBuffer10store_charEh
                0x00081582       0x1e C:\Users\user\AppData\Local\Temp\VMBuilds\MidiMixerMono\arduino_due_x_dbg\Release/core.a(RingBuffer.cpp.o)
                0x00081582                RingBuffer::store_char(unsigned char)
 .text._ZN9UARTClasscvbEv
                0x000815a0        0x4 C:\Users\user\AppData\Local\Temp\VMBuilds\MidiMixerMono\arduino_due_x_dbg\Release/core.a(UARTClass.cpp.o)
                0x000815a0                UARTClass::operator bool()
 .text._ZN9UARTClass9availableEv
                0x000815a4       0x12 C:\Users\user\AppData\Local\Temp\VMBuilds\MidiMixerMono\arduino_due_x_dbg\Release/core.a(UARTClass.cpp.o)
                0x000815a4                UARTClass::available()
 .text._ZN9UARTClass4peekEv
                0x000815b6       0x1c C:\Users\user\AppData\Local\Temp\VMBuilds\MidiMixerMono\arduino_due_x_dbg\Release/core.a(UARTClass.cpp.o)
                0x000815b6                UARTClass::peek()
 .text._ZN9UARTClass4readEv
                0x000815d2       0x2a C:\Users\user\AppData\Local\Temp\VMBuilds\MidiMixerMono\arduino_due_x_dbg\Release/core.a(UARTClass.cpp.o)
                0x000815d2                UARTClass::read()
 .text._ZN9UARTClass5flushEv
                0x000815fc       0x18 C:\Users\user\AppData\Local\Temp\VMBuilds\MidiMixerMono\arduino_due_x_dbg\Release/core.a(UARTClass.cpp.o)
                0x000815fc                UARTClass::flush()
 .text._ZN9UARTClass5writeEh
                0x00081614       0x54 C:\Users\user\AppData\Local\Temp\VMBuilds\MidiMixerMono\arduino_due_x_dbg\Release/core.a(UARTClass.cpp.o)
                0x00081614                UARTClass::write(unsigned char)
 .text._ZN9UARTClass3endEv
                0x00081668       0x3c C:\Users\user\AppData\Local\Temp\VMBuilds\MidiMixerMono\arduino_due_x_dbg\Release/core.a(UARTClass.cpp.o)
                0x00081668                UARTClass::end()
 .text._ZN9UARTClassC2EP4Uart4IRQnmP10RingBufferS4_
                0x000816a4       0x24 C:\Users\user\AppData\Local\Temp\VMBuilds\MidiMixerMono\arduino_due_x_dbg\Release/core.a(UARTClass.cpp.o)
                0x000816a4                UARTClass::UARTClass(Uart*, IRQn, unsigned long, RingBuffer*, RingBuffer*)
                0x000816a4                UARTClass::UARTClass(Uart*, IRQn, unsigned long, RingBuffer*, RingBuffer*)
 .text._ZN9UARTClass4initEmm
                0x000816c8       0x70 C:\Users\user\AppData\Local\Temp\VMBuilds\MidiMixerMono\arduino_due_x_dbg\Release/core.a(UARTClass.cpp.o)
                0x000816c8                UARTClass::init(unsigned long, unsigned long)
 .text._ZN9UARTClass5beginEm
                0x00081738        0x8 C:\Users\user\AppData\Local\Temp\VMBuilds\MidiMixerMono\arduino_due_x_dbg\Release/core.a(UARTClass.cpp.o)
                0x00081738                UARTClass::begin(unsigned long)
 .text._ZN9UARTClass10IrqHandlerEv
                0x00081740       0x5a C:\Users\user\AppData\Local\Temp\VMBuilds\MidiMixerMono\arduino_due_x_dbg\Release/core.a(UARTClass.cpp.o)
                0x00081740                UARTClass::IrqHandler()
 .text._ZN10USARTClass5beginEm
                0x0008179a        0x8 C:\Users\user\AppData\Local\Temp\VMBuilds\MidiMixerMono\arduino_due_x_dbg\Release/core.a(USARTClass.cpp.o)
                0x0008179a                USARTClass::begin(unsigned long)
 *fill*         0x000817a2        0x2 
 .text._ZN10USARTClassC2EP5Usart4IRQnmP10RingBufferS4_
                0x000817a4       0x24 C:\Users\user\AppData\Local\Temp\VMBuilds\MidiMixerMono\arduino_due_x_dbg\Release/core.a(USARTClass.cpp.o)
                0x000817a4                USARTClass::USARTClass(Usart*, IRQn, unsigned long, RingBuffer*, RingBuffer*)
                0x000817a4                USARTClass::USARTClass(Usart*, IRQn, unsigned long, RingBuffer*, RingBuffer*)
 .text._watchdogDefaultSetup
                0x000817c8        0xc C:\Users\user\AppData\Local\Temp\VMBuilds\MidiMixerMono\arduino_due_x_dbg\Release/core.a(watchdog.cpp.o)
                0x000817c8                _watchdogDefaultSetup
                0x000817c8                watchdogSetup()
 .text._ZN6StringD2Ev
                0x000817d4        0xe C:\Users\user\AppData\Local\Temp\VMBuilds\MidiMixerMono\arduino_due_x_dbg\Release/core.a(WString.cpp.o)
                0x000817d4                String::~String()
                0x000817d4                String::~String()
 .text._ZN6String10invalidateEv
                0x000817e2       0x16 C:\Users\user\AppData\Local\Temp\VMBuilds\MidiMixerMono\arduino_due_x_dbg\Release/core.a(WString.cpp.o)
                0x000817e2                String::invalidate()
 .text._ZN6String12changeBufferEj
                0x000817f8       0x18 C:\Users\user\AppData\Local\Temp\VMBuilds\MidiMixerMono\arduino_due_x_dbg\Release/core.a(WString.cpp.o)
                0x000817f8                String::changeBuffer(unsigned int)
 .text._ZN6String7reserveEj
                0x00081810       0x22 C:\Users\user\AppData\Local\Temp\VMBuilds\MidiMixerMono\arduino_due_x_dbg\Release/core.a(WString.cpp.o)
                0x00081810                String::reserve(unsigned int)
 .text._ZN6String4copyEPKcj
                0x00081832       0x26 C:\Users\user\AppData\Local\Temp\VMBuilds\MidiMixerMono\arduino_due_x_dbg\Release/core.a(WString.cpp.o)
                0x00081832                String::copy(char const*, unsigned int)
 .text._ZN6StringaSERKS_
                0x00081858       0x1e C:\Users\user\AppData\Local\Temp\VMBuilds\MidiMixerMono\arduino_due_x_dbg\Release/core.a(WString.cpp.o)
                0x00081858                String::operator=(String const&)
 .text._ZN6StringC2ERKS_
                0x00081876       0x14 C:\Users\user\AppData\Local\Temp\VMBuilds\MidiMixerMono\arduino_due_x_dbg\Release/core.a(WString.cpp.o)
                0x00081876                String::String(String const&)
                0x00081876                String::String(String const&)
 .text._ZN6StringaSEPKc
                0x0008188a       0x22 C:\Users\user\AppData\Local\Temp\VMBuilds\MidiMixerMono\arduino_due_x_dbg\Release/core.a(WString.cpp.o)
                0x0008188a                String::operator=(char const*)
 .text._ZN6StringC2Eih
                0x000818ac       0x24 C:\Users\user\AppData\Local\Temp\VMBuilds\MidiMixerMono\arduino_due_x_dbg\Release/core.a(WString.cpp.o)
                0x000818ac                String::String(int, unsigned char)
                0x000818ac                String::String(int, unsigned char)
 .text._ZN6String6concatEPKcj
                0x000818d0       0x2e C:\Users\user\AppData\Local\Temp\VMBuilds\MidiMixerMono\arduino_due_x_dbg\Release/core.a(WString.cpp.o)
                0x000818d0                String::concat(char const*, unsigned int)
 .text._ZplRK15StringSumHelperRK6String
                0x000818fe       0x1a C:\Users\user\AppData\Local\Temp\VMBuilds\MidiMixerMono\arduino_due_x_dbg\Release/core.a(WString.cpp.o)
                0x000818fe                operator+(StringSumHelper const&, String const&)
 .text._ZplRK15StringSumHelperPKc
                0x00081918       0x24 C:\Users\user\AppData\Local\Temp\VMBuilds\MidiMixerMono\arduino_due_x_dbg\Release/core.a(WString.cpp.o)
                0x00081918                operator+(StringSumHelper const&, char const*)
 .text.unlikely._ZL11USB_SendZlpv
                0x0008193c       0x20 C:\Users\user\AppData\Local\Temp\VMBuilds\MidiMixerMono\arduino_due_x_dbg\Release/core.a(USBCore.cpp.o)
 .text._Z14USBD_Availablem
                0x0008195c       0x2c C:\Users\user\AppData\Local\Temp\VMBuilds\MidiMixerMono\arduino_due_x_dbg\Release/core.a(USBCore.cpp.o)
                0x0008195c                USBD_Available(unsigned long)
 .text._Z9USBD_RecvmPvm
                0x00081988       0x7c C:\Users\user\AppData\Local\Temp\VMBuilds\MidiMixerMono\arduino_due_x_dbg\Release/core.a(USBCore.cpp.o)
                0x00081988                USBD_Recv(unsigned long, void*, unsigned long)
 .text._Z9USBD_Recvm
                0x00081a04       0x22 C:\Users\user\AppData\Local\Temp\VMBuilds\MidiMixerMono\arduino_due_x_dbg\Release/core.a(USBCore.cpp.o)
                0x00081a04                USBD_Recv(unsigned long)
 *fill*         0x00081a26        0x2 
 .text._Z9USBD_SendmPKvm
                0x00081a28       0x4c C:\Users\user\AppData\Local\Temp\VMBuilds\MidiMixerMono\arduino_due_x_dbg\Release/core.a(USBCore.cpp.o)
                0x00081a28                USBD_Send(unsigned long, void const*, unsigned long)
 .text._Z16USBD_SendControlhPKvm
                0x00081a74       0x40 C:\Users\user\AppData\Local\Temp\VMBuilds\MidiMixerMono\arduino_due_x_dbg\Release/core.a(USBCore.cpp.o)
                0x00081a74                USBD_SendControl(unsigned char, void const*, unsigned long)
 .text.unlikely._ZL24USB_SendStringDescriptorPKhi
                0x00081ab4       0x64 C:\Users\user\AppData\Local\Temp\VMBuilds\MidiMixerMono\arduino_due_x_dbg\Release/core.a(USBCore.cpp.o)
 .text._Z16USBD_RecvControlPvm
                0x00081b18       0x1c C:\Users\user\AppData\Local\Temp\VMBuilds\MidiMixerMono\arduino_due_x_dbg\Release/core.a(USBCore.cpp.o)
                0x00081b18                USBD_RecvControl(void*, unsigned long)
 .text._Z26USBD_ClassInterfaceRequestR8USBSetup
                0x00081b34       0x1e C:\Users\user\AppData\Local\Temp\VMBuilds\MidiMixerMono\arduino_due_x_dbg\Release/core.a(USBCore.cpp.o)
                0x00081b34                USBD_ClassInterfaceRequest(USBSetup&)
 .text._Z19USBD_SendInterfacesv
                0x00081b52       0x22 C:\Users\user\AppData\Local\Temp\VMBuilds\MidiMixerMono\arduino_due_x_dbg\Release/core.a(USBCore.cpp.o)
                0x00081b52                USBD_SendInterfaces()
 .text._Z24USBD_SendOtherInterfacesv
                0x00081b74       0x22 C:\Users\user\AppData\Local\Temp\VMBuilds\MidiMixerMono\arduino_due_x_dbg\Release/core.a(USBCore.cpp.o)
                0x00081b74                USBD_SendOtherInterfaces()
 .text._Z10USBD_Flushm
                0x00081b96       0x16 C:\Users\user\AppData\Local\Temp\VMBuilds\MidiMixerMono\arduino_due_x_dbg\Release/core.a(USBCore.cpp.o)
                0x00081b96                USBD_Flush(unsigned long)
 .text._ZN10USBDevice_C2Ev
                0x00081bac       0x24 C:\Users\user\AppData\Local\Temp\VMBuilds\MidiMixerMono\arduino_due_x_dbg\Release/core.a(USBCore.cpp.o)
                0x00081bac                USBDevice_::USBDevice_()
                0x00081bac                USBDevice_::USBDevice_()
 .text._ZN10USBDevice_6attachEv
                0x00081bd0       0x20 C:\Users\user\AppData\Local\Temp\VMBuilds\MidiMixerMono\arduino_due_x_dbg\Release/core.a(USBCore.cpp.o)
                0x00081bd0                USBDevice_::attach()
 .text.startup._GLOBAL__sub_I_EndPoints
                0x00081bf0        0xc C:\Users\user\AppData\Local\Temp\VMBuilds\MidiMixerMono\arduino_due_x_dbg\Release/core.a(USBCore.cpp.o)
 .text._ZL7USB_ISRv
                0x00081bfc      0x454 C:\Users\user\AppData\Local\Temp\VMBuilds\MidiMixerMono\arduino_due_x_dbg\Release/core.a(USBCore.cpp.o)
 .text.ltoa     0x00082050       0x6e C:\Users\user\AppData\Local\Temp\VMBuilds\MidiMixerMono\arduino_due_x_dbg\Release/core.a(itoa.c.o)
                0x00082050                ltoa
 .text.itoa     0x000820be        0x4 C:\Users\user\AppData\Local\Temp\VMBuilds\MidiMixerMono\arduino_due_x_dbg\Release/core.a(itoa.c.o)
                0x000820be                itoa
 *fill*         0x000820c2        0x2 
 .text._ZN7Serial_9availableEv
                0x000820c4       0x18 C:\Users\user\AppData\Local\Temp\VMBuilds\MidiMixerMono\arduino_due_x_dbg\Release/core.a(CDC.cpp.o)
                0x000820c4                Serial_::available()
 .text._ZN7Serial_17availableForWriteEv
                0x000820dc        0x6 C:\Users\user\AppData\Local\Temp\VMBuilds\MidiMixerMono\arduino_due_x_dbg\Release/core.a(CDC.cpp.o)
                0x000820dc                Serial_::availableForWrite()
 *fill*         0x000820e2        0x2 
 .text._ZN7Serial_4peekEv
                0x000820e4       0x20 C:\Users\user\AppData\Local\Temp\VMBuilds\MidiMixerMono\arduino_due_x_dbg\Release/core.a(CDC.cpp.o)
                0x000820e4                Serial_::peek()
 .text._ZN7Serial_5writeEh
                0x00082104       0x16 C:\Users\user\AppData\Local\Temp\VMBuilds\MidiMixerMono\arduino_due_x_dbg\Release/core.a(CDC.cpp.o)
                0x00082104                Serial_::write(unsigned char)
 *fill*         0x0008211a        0x2 
 .text._ZN7Serial_4readEv
                0x0008211c       0x44 C:\Users\user\AppData\Local\Temp\VMBuilds\MidiMixerMono\arduino_due_x_dbg\Release/core.a(CDC.cpp.o)
                0x0008211c                Serial_::read()
 .text._ZN7Serial_5flushEv
                0x00082160        0x6 C:\Users\user\AppData\Local\Temp\VMBuilds\MidiMixerMono\arduino_due_x_dbg\Release/core.a(CDC.cpp.o)
                0x00082160                Serial_::flush()
 *fill*         0x00082166        0x2 
 .text._ZN7Serial_6acceptEv
                0x00082168       0x70 C:\Users\user\AppData\Local\Temp\VMBuilds\MidiMixerMono\arduino_due_x_dbg\Release/core.a(CDC.cpp.o)
                0x00082168                Serial_::accept()
 .text._ZN7Serial_5writeEPKhj
                0x000821d8       0x2c C:\Users\user\AppData\Local\Temp\VMBuilds\MidiMixerMono\arduino_due_x_dbg\Release/core.a(CDC.cpp.o)
                0x000821d8                Serial_::write(unsigned char const*, unsigned int)
 .text._Z16CDC_GetInterfacePh
                0x00082204       0x14 C:\Users\user\AppData\Local\Temp\VMBuilds\MidiMixerMono\arduino_due_x_dbg\Release/core.a(CDC.cpp.o)
                0x00082204                CDC_GetInterface(unsigned char*)
 .text._Z21CDC_GetOtherInterfacePh
                0x00082218       0x14 C:\Users\user\AppData\Local\Temp\VMBuilds\MidiMixerMono\arduino_due_x_dbg\Release/core.a(CDC.cpp.o)
                0x00082218                CDC_GetOtherInterface(unsigned char*)
 .text._Z9CDC_SetupR8USBSetup
                0x0008222c       0x78 C:\Users\user\AppData\Local\Temp\VMBuilds\MidiMixerMono\arduino_due_x_dbg\Release/core.a(CDC.cpp.o)
                0x0008222c                CDC_Setup(USBSetup&)
 .text.startup._GLOBAL__sub_I_cdc_rx_buffer
                0x000822a4       0x1c C:\Users\user\AppData\Local\Temp\VMBuilds\MidiMixerMono\arduino_due_x_dbg\Release/core.a(CDC.cpp.o)
 .text._ZN13PluggableUSB_12getInterfaceEPh
                0x000822c0       0x28 C:\Users\user\AppData\Local\Temp\VMBuilds\MidiMixerMono\arduino_due_x_dbg\Release/core.a(PluggableUSB.cpp.o)
                0x000822c0                PluggableUSB_::getInterface(unsigned char*)
 .text._ZN13PluggableUSB_13getDescriptorER8USBSetup
                0x000822e8       0x1c C:\Users\user\AppData\Local\Temp\VMBuilds\MidiMixerMono\arduino_due_x_dbg\Release/core.a(PluggableUSB.cpp.o)
                0x000822e8                PluggableUSB_::getDescriptor(USBSetup&)
 .text._ZN13PluggableUSB_12getShortNameEPc
                0x00082304       0x1c C:\Users\user\AppData\Local\Temp\VMBuilds\MidiMixerMono\arduino_due_x_dbg\Release/core.a(PluggableUSB.cpp.o)
                0x00082304                PluggableUSB_::getShortName(char*)
 .text._ZN13PluggableUSB_5setupER8USBSetup
                0x00082320       0x20 C:\Users\user\AppData\Local\Temp\VMBuilds\MidiMixerMono\arduino_due_x_dbg\Release/core.a(PluggableUSB.cpp.o)
                0x00082320                PluggableUSB_::setup(USBSetup&)
 .text._Z12PluggableUSBv
                0x00082340       0x28 C:\Users\user\AppData\Local\Temp\VMBuilds\MidiMixerMono\arduino_due_x_dbg\Release/core.a(PluggableUSB.cpp.o)
                0x00082340                PluggableUSB()
 .text.TimeTick_Increment
                0x00082368       0x10 C:\Users\user\AppData\Local\arduino15\packages\arduino\hardware\sam\1.6.11\variants\arduino_due_x/libsam_sam3x8e_gcc_rel.a(timetick.o)
                0x00082368                TimeTick_Increment
 .text.GetTickCount
                0x00082378        0xc C:\Users\user\AppData\Local\arduino15\packages\arduino\hardware\sam\1.6.11\variants\arduino_due_x/libsam_sam3x8e_gcc_rel.a(timetick.o)
                0x00082378                GetTickCount
 .text.WDT_Disable
                0x00082384        0x8 C:\Users\user\AppData\Local\arduino15\packages\arduino\hardware\sam\1.6.11\variants\arduino_due_x/libsam_sam3x8e_gcc_rel.a(wdt.o)
                0x00082384                WDT_Disable
 .text.UDD_SetStack
                0x0008238c        0xc C:\Users\user\AppData\Local\arduino15\packages\arduino\hardware\sam\1.6.11\variants\arduino_due_x/libsam_sam3x8e_gcc_rel.a(uotghs_device.o)
                0x0008238c                UDD_SetStack
 .text.UDD_Init
                0x00082398       0xd0 C:\Users\user\AppData\Local\arduino15\packages\arduino\hardware\sam\1.6.11\variants\arduino_due_x/libsam_sam3x8e_gcc_rel.a(uotghs_device.o)
                0x00082398                UDD_Init
 .text.UDD_Attach
                0x00082468       0x50 C:\Users\user\AppData\Local\arduino15\packages\arduino\hardware\sam\1.6.11\variants\arduino_due_x/libsam_sam3x8e_gcc_rel.a(uotghs_device.o)
                0x00082468                UDD_Attach
 .text.UDD_InitEP
                0x000824b8       0x2c C:\Users\user\AppData\Local\arduino15\packages\arduino\hardware\sam\1.6.11\variants\arduino_due_x/libsam_sam3x8e_gcc_rel.a(uotghs_device.o)
                0x000824b8                UDD_InitEP
 .text.UDD_InitEndpoints
                0x000824e4       0x3c C:\Users\user\AppData\Local\arduino15\packages\arduino\hardware\sam\1.6.11\variants\arduino_due_x/libsam_sam3x8e_gcc_rel.a(uotghs_device.o)
                0x000824e4                UDD_InitEndpoints
 .text.UDD_WaitIN
                0x00082520       0x10 C:\Users\user\AppData\Local\arduino15\packages\arduino\hardware\sam\1.6.11\variants\arduino_due_x/libsam_sam3x8e_gcc_rel.a(uotghs_device.o)
                0x00082520                UDD_WaitIN
 .text.UDD_WaitOUT
                0x00082530       0x10 C:\Users\user\AppData\Local\arduino15\packages\arduino\hardware\sam\1.6.11\variants\arduino_due_x/libsam_sam3x8e_gcc_rel.a(uotghs_device.o)
                0x00082530                UDD_WaitOUT
 .text.UDD_ClearIN
                0x00082540       0x18 C:\Users\user\AppData\Local\arduino15\packages\arduino\hardware\sam\1.6.11\variants\arduino_due_x/libsam_sam3x8e_gcc_rel.a(uotghs_device.o)
                0x00082540                UDD_ClearIN
 .text.UDD_ClearOUT
                0x00082558       0x18 C:\Users\user\AppData\Local\arduino15\packages\arduino\hardware\sam\1.6.11\variants\arduino_due_x/libsam_sam3x8e_gcc_rel.a(uotghs_device.o)
                0x00082558                UDD_ClearOUT
 .text.UDD_ReceivedSetupInt
                0x00082570       0x10 C:\Users\user\AppData\Local\arduino15\packages\arduino\hardware\sam\1.6.11\variants\arduino_due_x/libsam_sam3x8e_gcc_rel.a(uotghs_device.o)
                0x00082570                UDD_ReceivedSetupInt
 .text.UDD_ClearSetupInt
                0x00082580       0x10 C:\Users\user\AppData\Local\arduino15\packages\arduino\hardware\sam\1.6.11\variants\arduino_due_x/libsam_sam3x8e_gcc_rel.a(uotghs_device.o)
                0x00082580                UDD_ClearSetupInt
 .text.UDD_Send
                0x00082590       0x88 C:\Users\user\AppData\Local\arduino15\packages\arduino\hardware\sam\1.6.11\variants\arduino_due_x/libsam_sam3x8e_gcc_rel.a(uotghs_device.o)
                0x00082590                UDD_Send
 .text.UDD_Send8
                0x00082618       0x24 C:\Users\user\AppData\Local\arduino15\packages\arduino\hardware\sam\1.6.11\variants\arduino_due_x/libsam_sam3x8e_gcc_rel.a(uotghs_device.o)
                0x00082618                UDD_Send8
 .text.UDD_Recv8
                0x0008263c       0x28 C:\Users\user\AppData\Local\arduino15\packages\arduino\hardware\sam\1.6.11\variants\arduino_due_x/libsam_sam3x8e_gcc_rel.a(uotghs_device.o)
                0x0008263c                UDD_Recv8
 .text.UDD_Recv
                0x00082664       0x34 C:\Users\user\AppData\Local\arduino15\packages\arduino\hardware\sam\1.6.11\variants\arduino_due_x/libsam_sam3x8e_gcc_rel.a(uotghs_device.o)
                0x00082664                UDD_Recv
 .text.UDD_Stall
                0x00082698       0x14 C:\Users\user\AppData\Local\arduino15\packages\arduino\hardware\sam\1.6.11\variants\arduino_due_x/libsam_sam3x8e_gcc_rel.a(uotghs_device.o)
                0x00082698                UDD_Stall
 .text.UDD_FifoByteCount
                0x000826ac       0x14 C:\Users\user\AppData\Local\arduino15\packages\arduino\hardware\sam\1.6.11\variants\arduino_due_x/libsam_sam3x8e_gcc_rel.a(uotghs_device.o)
                0x000826ac                UDD_FifoByteCount
 .text.UDD_ReleaseRX
                0x000826c0       0x28 C:\Users\user\AppData\Local\arduino15\packages\arduino\hardware\sam\1.6.11\variants\arduino_due_x/libsam_sam3x8e_gcc_rel.a(uotghs_device.o)
                0x000826c0                UDD_ReleaseRX
 .text.UDD_ReleaseTX
                0x000826e8       0x28 C:\Users\user\AppData\Local\arduino15\packages\arduino\hardware\sam\1.6.11\variants\arduino_due_x/libsam_sam3x8e_gcc_rel.a(uotghs_device.o)
                0x000826e8                UDD_ReleaseTX
 .text.UDD_SetAddress
                0x00082710       0x20 C:\Users\user\AppData\Local\arduino15\packages\arduino\hardware\sam\1.6.11\variants\arduino_due_x/libsam_sam3x8e_gcc_rel.a(uotghs_device.o)
                0x00082710                UDD_SetAddress
 .text.__libc_init_array
                0x00082730       0x50 c:/users/user/appdata/local/arduino15/packages/arduino/tools/arm-none-eabi-gcc/4.8.3-2014q1/bin/../lib/gcc/arm-none-eabi/4.8.3/../../../../arm-none-eabi/lib/armv7-m\libg.a(lib_a-init.o)
                0x00082730                __libc_init_array
 .text.iprintf  0x00082780       0x28 c:/users/user/appdata/local/arduino15/packages/arduino/tools/arm-none-eabi-gcc/4.8.3-2014q1/bin/../lib/gcc/arm-none-eabi/4.8.3/../../../../arm-none-eabi/lib/armv7-m\libg.a(lib_a-iprintf.o)
                0x00082780                iprintf
 .text.malloc   0x000827a8       0x10 c:/users/user/appdata/local/arduino15/packages/arduino/tools/arm-none-eabi-gcc/4.8.3-2014q1/bin/../lib/gcc/arm-none-eabi/4.8.3/../../../../arm-none-eabi/lib/armv7-m\libg.a(lib_a-malloc.o)
                0x000827a8                malloc
 .text.free     0x000827b8       0x10 c:/users/user/appdata/local/arduino15/packages/arduino/tools/arm-none-eabi-gcc/4.8.3-2014q1/bin/../lib/gcc/arm-none-eabi/4.8.3/../../../../arm-none-eabi/lib/armv7-m\libg.a(lib_a-malloc.o)
                0x000827b8                free
 .text._malloc_r
                0x000827c8      0x538 c:/users/user/appdata/local/arduino15/packages/arduino/tools/arm-none-eabi-gcc/4.8.3-2014q1/bin/../lib/gcc/arm-none-eabi/4.8.3/../../../../arm-none-eabi/lib/armv7-m\libg.a(lib_a-mallocr.o)
                0x000827c8                _malloc_r
 .text          0x00082d00       0xec c:/users/user/appdata/local/arduino15/packages/arduino/tools/arm-none-eabi-gcc/4.8.3-2014q1/bin/../lib/gcc/arm-none-eabi/4.8.3/../../../../arm-none-eabi/lib/armv7-m\libg.a(lib_a-memcpy.o)
                0x00082d00                memcpy
 .text.memmove  0x00082dec       0xcc c:/users/user/appdata/local/arduino15/packages/arduino/tools/arm-none-eabi-gcc/4.8.3-2014q1/bin/../lib/gcc/arm-none-eabi/4.8.3/../../../../arm-none-eabi/lib/armv7-m\libg.a(lib_a-memmove.o)
                0x00082dec                memmove
 .text.memset   0x00082eb8       0x94 c:/users/user/appdata/local/arduino15/packages/arduino/tools/arm-none-eabi-gcc/4.8.3-2014q1/bin/../lib/gcc/arm-none-eabi/4.8.3/../../../../arm-none-eabi/lib/armv7-m\libg.a(lib_a-memset.o)
                0x00082eb8                memset
 .text.__malloc_lock
                0x00082f4c        0x4 c:/users/user/appdata/local/arduino15/packages/arduino/tools/arm-none-eabi-gcc/4.8.3-2014q1/bin/../lib/gcc/arm-none-eabi/4.8.3/../../../../arm-none-eabi/lib/armv7-m\libg.a(lib_a-mlock.o)
                0x00082f4c                __malloc_lock
 .text.__malloc_unlock
                0x00082f50        0x4 c:/users/user/appdata/local/arduino15/packages/arduino/tools/arm-none-eabi-gcc/4.8.3-2014q1/bin/../lib/gcc/arm-none-eabi/4.8.3/../../../../arm-none-eabi/lib/armv7-m\libg.a(lib_a-mlock.o)
                0x00082f50                __malloc_unlock
 .text.realloc  0x00082f54       0x10 c:/users/user/appdata/local/arduino15/packages/arduino/tools/arm-none-eabi-gcc/4.8.3-2014q1/bin/../lib/gcc/arm-none-eabi/4.8.3/../../../../arm-none-eabi/lib/armv7-m\libg.a(lib_a-realloc.o)
                0x00082f54                realloc
 .text._realloc_r
                0x00082f64      0x3c0 c:/users/user/appdata/local/arduino15/packages/arduino/tools/arm-none-eabi-gcc/4.8.3-2014q1/bin/../lib/gcc/arm-none-eabi/4.8.3/../../../../arm-none-eabi/lib/armv7-m\libg.a(lib_a-reallocr.o)
                0x00082f64                _realloc_r
 .text._sbrk_r  0x00083324       0x24 c:/users/user/appdata/local/arduino15/packages/arduino/tools/arm-none-eabi-gcc/4.8.3-2014q1/bin/../lib/gcc/arm-none-eabi/4.8.3/../../../../arm-none-eabi/lib/armv7-m\libg.a(lib_a-sbrkr.o)
                0x00083324                _sbrk_r
 .text.strcpy   0x00083348       0xbc c:/users/user/appdata/local/arduino15/packages/arduino/tools/arm-none-eabi-gcc/4.8.3-2014q1/bin/../lib/gcc/arm-none-eabi/4.8.3/../../../../arm-none-eabi/lib/armv7-m\libg.a(lib_a-strcpy.o)
                0x00083348                strcpy
 .text.strlen   0x00083404       0x60 c:/users/user/appdata/local/arduino15/packages/arduino/tools/arm-none-eabi-gcc/4.8.3-2014q1/bin/../lib/gcc/arm-none-eabi/4.8.3/../../../../arm-none-eabi/lib/armv7-m\libg.a(lib_a-strlen.o)
                0x00083404                strlen
 .text.kill     0x00083464       0x10 c:/users/user/appdata/local/arduino15/packages/arduino/tools/arm-none-eabi-gcc/4.8.3-2014q1/bin/../lib/gcc/arm-none-eabi/4.8.3/../../../../arm-none-eabi/lib/armv7-m\libg.a(lib_a-syskill.o)
                0x00083464                kill
 .text.__sprint_r.part.0
                0x00083474       0x78 c:/users/user/appdata/local/arduino15/packages/arduino/tools/arm-none-eabi-gcc/4.8.3-2014q1/bin/../lib/gcc/arm-none-eabi/4.8.3/../../../../arm-none-eabi/lib/armv7-m\libg.a(lib_a-vfiprintf.o)
 .text._vfiprintf_r
                0x000834ec      0xc54 c:/users/user/appdata/local/arduino15/packages/arduino/tools/arm-none-eabi-gcc/4.8.3-2014q1/bin/../lib/gcc/arm-none-eabi/4.8.3/../../../../arm-none-eabi/lib/armv7-m\libg.a(lib_a-vfiprintf.o)
                0x000834ec                _vfiprintf_r
 .text.__sbprintf
                0x00084140       0x7c c:/users/user/appdata/local/arduino15/packages/arduino/tools/arm-none-eabi-gcc/4.8.3-2014q1/bin/../lib/gcc/arm-none-eabi/4.8.3/../../../../arm-none-eabi/lib/armv7-m\libg.a(lib_a-vfiprintf.o)
 .text.__swsetup_r
                0x000841bc       0xc4 c:/users/user/appdata/local/arduino15/packages/arduino/tools/arm-none-eabi-gcc/4.8.3-2014q1/bin/../lib/gcc/arm-none-eabi/4.8.3/../../../../arm-none-eabi/lib/armv7-m\libg.a(lib_a-wsetup.o)
                0x000841bc                __swsetup_r
 .text.startup.register_fini
                0x00084280       0x14 c:/users/user/appdata/local/arduino15/packages/arduino/tools/arm-none-eabi-gcc/4.8.3-2014q1/bin/../lib/gcc/arm-none-eabi/4.8.3/../../../../arm-none-eabi/lib/armv7-m\libg.a(lib_a-__call_atexit.o)
 .text.atexit   0x00084294        0xc c:/users/user/appdata/local/arduino15/packages/arduino/tools/arm-none-eabi-gcc/4.8.3-2014q1/bin/../lib/gcc/arm-none-eabi/4.8.3/../../../../arm-none-eabi/lib/armv7-m\libg.a(lib_a-atexit.o)
                0x00084294                atexit
 .text.__sflush_r
                0x000842a0      0x148 c:/users/user/appdata/local/arduino15/packages/arduino/tools/arm-none-eabi-gcc/4.8.3-2014q1/bin/../lib/gcc/arm-none-eabi/4.8.3/../../../../arm-none-eabi/lib/armv7-m\libg.a(lib_a-fflush.o)
                0x000842a0                __sflush_r
 .text._fflush_r
                0x000843e8       0x2c c:/users/user/appdata/local/arduino15/packages/arduino/tools/arm-none-eabi-gcc/4.8.3-2014q1/bin/../lib/gcc/arm-none-eabi/4.8.3/../../../../arm-none-eabi/lib/armv7-m\libg.a(lib_a-fflush.o)
                0x000843e8                _fflush_r
 .text._cleanup_r
                0x00084414        0xc c:/users/user/appdata/local/arduino15/packages/arduino/tools/arm-none-eabi-gcc/4.8.3-2014q1/bin/../lib/gcc/arm-none-eabi/4.8.3/../../../../arm-none-eabi/lib/armv7-m\libg.a(lib_a-findfp.o)
                0x00084414                _cleanup_r
 .text.__sinit  0x00084420       0xf4 c:/users/user/appdata/local/arduino15/packages/arduino/tools/arm-none-eabi-gcc/4.8.3-2014q1/bin/../lib/gcc/arm-none-eabi/4.8.3/../../../../arm-none-eabi/lib/armv7-m\libg.a(lib_a-findfp.o)
                0x00084420                __sinit
 .text.__sfp_lock_acquire
                0x00084514        0x4 c:/users/user/appdata/local/arduino15/packages/arduino/tools/arm-none-eabi-gcc/4.8.3-2014q1/bin/../lib/gcc/arm-none-eabi/4.8.3/../../../../arm-none-eabi/lib/armv7-m\libg.a(lib_a-findfp.o)
                0x00084514                __sfp_lock_acquire
 .text.__sfp_lock_release
                0x00084518        0x4 c:/users/user/appdata/local/arduino15/packages/arduino/tools/arm-none-eabi-gcc/4.8.3-2014q1/bin/../lib/gcc/arm-none-eabi/4.8.3/../../../../arm-none-eabi/lib/armv7-m\libg.a(lib_a-findfp.o)
                0x00084518                __sfp_lock_release
 .text.__libc_fini_array
                0x0008451c       0x30 c:/users/user/appdata/local/arduino15/packages/arduino/tools/arm-none-eabi-gcc/4.8.3-2014q1/bin/../lib/gcc/arm-none-eabi/4.8.3/../../../../arm-none-eabi/lib/armv7-m\libg.a(lib_a-fini.o)
                0x0008451c                __libc_fini_array
 .text._fputwc_r
                0x0008454c       0xc0 c:/users/user/appdata/local/arduino15/packages/arduino/tools/arm-none-eabi-gcc/4.8.3-2014q1/bin/../lib/gcc/arm-none-eabi/4.8.3/../../../../arm-none-eabi/lib/armv7-m\libg.a(lib_a-fputwc.o)
                0x0008454c                _fputwc_r
 .text._malloc_trim_r
                0x0008460c       0x9c c:/users/user/appdata/local/arduino15/packages/arduino/tools/arm-none-eabi-gcc/4.8.3-2014q1/bin/../lib/gcc/arm-none-eabi/4.8.3/../../../../arm-none-eabi/lib/armv7-m\libg.a(lib_a-freer.o)
                0x0008460c                _malloc_trim_r
 .text._free_r  0x000846a8      0x198 c:/users/user/appdata/local/arduino15/packages/arduino/tools/arm-none-eabi-gcc/4.8.3-2014q1/bin/../lib/gcc/arm-none-eabi/4.8.3/../../../../arm-none-eabi/lib/armv7-m\libg.a(lib_a-freer.o)
                0x000846a8                _free_r
 .text.__sfvwrite_r
                0x00084840      0x314 c:/users/user/appdata/local/arduino15/packages/arduino/tools/arm-none-eabi-gcc/4.8.3-2014q1/bin/../lib/gcc/arm-none-eabi/4.8.3/../../../../arm-none-eabi/lib/armv7-m\libg.a(lib_a-fvwrite.o)
                0x00084840                __sfvwrite_r
 .text._fwalk   0x00084b54       0x48 c:/users/user/appdata/local/arduino15/packages/arduino/tools/arm-none-eabi-gcc/4.8.3-2014q1/bin/../lib/gcc/arm-none-eabi/4.8.3/../../../../arm-none-eabi/lib/armv7-m\libg.a(lib_a-fwalk.o)
                0x00084b54                _fwalk
 .text.__locale_charset
                0x00084b9c        0x8 c:/users/user/appdata/local/arduino15/packages/arduino/tools/arm-none-eabi-gcc/4.8.3-2014q1/bin/../lib/gcc/arm-none-eabi/4.8.3/../../../../arm-none-eabi/lib/armv7-m\libg.a(lib_a-locale.o)
                0x00084b9c                __locale_charset
 .text.__locale_mb_cur_max
                0x00084ba4        0xc c:/users/user/appdata/local/arduino15/packages/arduino/tools/arm-none-eabi-gcc/4.8.3-2014q1/bin/../lib/gcc/arm-none-eabi/4.8.3/../../../../arm-none-eabi/lib/armv7-m\libg.a(lib_a-locale.o)
                0x00084ba4                __locale_mb_cur_max
 .text.__smakebuf_r
                0x00084bb0       0xe0 c:/users/user/appdata/local/arduino15/packages/arduino/tools/arm-none-eabi-gcc/4.8.3-2014q1/bin/../lib/gcc/arm-none-eabi/4.8.3/../../../../arm-none-eabi/lib/armv7-m\libg.a(lib_a-makebuf.o)
                0x00084bb0                __smakebuf_r
 .text.memchr   0x00084c90       0x94 c:/users/user/appdata/local/arduino15/packages/arduino/tools/arm-none-eabi-gcc/4.8.3-2014q1/bin/../lib/gcc/arm-none-eabi/4.8.3/../../../../arm-none-eabi/lib/armv7-m\libg.a(lib_a-memchr-stub.o)
                0x00084c90                memchr
 .text._kill_r  0x00084d24       0x28 c:/users/user/appdata/local/arduino15/packages/arduino/tools/arm-none-eabi-gcc/4.8.3-2014q1/bin/../lib/gcc/arm-none-eabi/4.8.3/../../../../arm-none-eabi/lib/armv7-m\libg.a(lib_a-signalr.o)
                0x00084d24                _kill_r
 .text.__sread  0x00084d4c       0x24 c:/users/user/appdata/local/arduino15/packages/arduino/tools/arm-none-eabi-gcc/4.8.3-2014q1/bin/../lib/gcc/arm-none-eabi/4.8.3/../../../../arm-none-eabi/lib/armv7-m\libg.a(lib_a-stdio.o)
                0x00084d4c                __sread
 .text.__swrite
                0x00084d70       0x38 c:/users/user/appdata/local/arduino15/packages/arduino/tools/arm-none-eabi-gcc/4.8.3-2014q1/bin/../lib/gcc/arm-none-eabi/4.8.3/../../../../arm-none-eabi/lib/armv7-m\libg.a(lib_a-stdio.o)
                0x00084d70                __swrite
 .text.__sseek  0x00084da8       0x20 c:/users/user/appdata/local/arduino15/packages/arduino/tools/arm-none-eabi-gcc/4.8.3-2014q1/bin/../lib/gcc/arm-none-eabi/4.8.3/../../../../arm-none-eabi/lib/armv7-m\libg.a(lib_a-stdio.o)
                0x00084da8                __sseek
 .text.__sclose
                0x00084dc8        0x8 c:/users/user/appdata/local/arduino15/packages/arduino/tools/arm-none-eabi-gcc/4.8.3-2014q1/bin/../lib/gcc/arm-none-eabi/4.8.3/../../../../arm-none-eabi/lib/armv7-m\libg.a(lib_a-stdio.o)
                0x00084dc8                __sclose
 .text.__swbuf_r
                0x00084dd0       0xa8 c:/users/user/appdata/local/arduino15/packages/arduino/tools/arm-none-eabi-gcc/4.8.3-2014q1/bin/../lib/gcc/arm-none-eabi/4.8.3/../../../../arm-none-eabi/lib/armv7-m\libg.a(lib_a-wbuf.o)
                0x00084dd0                __swbuf_r
 .text._wcrtomb_r
                0x00084e78       0x50 c:/users/user/appdata/local/arduino15/packages/arduino/tools/arm-none-eabi-gcc/4.8.3-2014q1/bin/../lib/gcc/arm-none-eabi/4.8.3/../../../../arm-none-eabi/lib/armv7-m\libg.a(lib_a-wcrtomb.o)
                0x00084e78                _wcrtomb_r
 .text.__ascii_wctomb
                0x00084ec8       0x1c c:/users/user/appdata/local/arduino15/packages/arduino/tools/arm-none-eabi-gcc/4.8.3-2014q1/bin/../lib/gcc/arm-none-eabi/4.8.3/../../../../arm-none-eabi/lib/armv7-m\libg.a(lib_a-wctomb_r.o)
                0x00084ec8                __ascii_wctomb
 .text._write_r
                0x00084ee4       0x28 c:/users/user/appdata/local/arduino15/packages/arduino/tools/arm-none-eabi-gcc/4.8.3-2014q1/bin/../lib/gcc/arm-none-eabi/4.8.3/../../../../arm-none-eabi/lib/armv7-m\libg.a(lib_a-writer.o)
                0x00084ee4                _write_r
 .text.__register_exitproc
                0x00084f0c       0xa8 c:/users/user/appdata/local/arduino15/packages/arduino/tools/arm-none-eabi-gcc/4.8.3-2014q1/bin/../lib/gcc/arm-none-eabi/4.8.3/../../../../arm-none-eabi/lib/armv7-m\libg.a(lib_a-__atexit.o)
                0x00084f0c                __register_exitproc
 .text._close_r
                0x00084fb4       0x24 c:/users/user/appdata/local/arduino15/packages/arduino/tools/arm-none-eabi-gcc/4.8.3-2014q1/bin/../lib/gcc/arm-none-eabi/4.8.3/../../../../arm-none-eabi/lib/armv7-m\libg.a(lib_a-closer.o)
                0x00084fb4                _close_r
 .text._fclose_r
                0x00084fd8       0x80 c:/users/user/appdata/local/arduino15/packages/arduino/tools/arm-none-eabi-gcc/4.8.3-2014q1/bin/../lib/gcc/arm-none-eabi/4.8.3/../../../../arm-none-eabi/lib/armv7-m\libg.a(lib_a-fclose.o)
                0x00084fd8                _fclose_r
 .text.fclose   0x00085058       0x10 c:/users/user/appdata/local/arduino15/packages/arduino/tools/arm-none-eabi-gcc/4.8.3-2014q1/bin/../lib/gcc/arm-none-eabi/4.8.3/../../../../arm-none-eabi/lib/armv7-m\libg.a(lib_a-fclose.o)
                0x00085058                fclose
 .text._fstat_r
                0x00085068       0x28 c:/users/user/appdata/local/arduino15/packages/arduino/tools/arm-none-eabi-gcc/4.8.3-2014q1/bin/../lib/gcc/arm-none-eabi/4.8.3/../../../../arm-none-eabi/lib/armv7-m\libg.a(lib_a-fstatr.o)
                0x00085068                _fstat_r
 .text._isatty_r
                0x00085090       0x24 c:/users/user/appdata/local/arduino15/packages/arduino/tools/arm-none-eabi-gcc/4.8.3-2014q1/bin/../lib/gcc/arm-none-eabi/4.8.3/../../../../arm-none-eabi/lib/armv7-m\libg.a(lib_a-isattyr.o)
                0x00085090                _isatty_r
 .text._lseek_r
                0x000850b4       0x28 c:/users/user/appdata/local/arduino15/packages/arduino/tools/arm-none-eabi-gcc/4.8.3-2014q1/bin/../lib/gcc/arm-none-eabi/4.8.3/../../../../arm-none-eabi/lib/armv7-m\libg.a(lib_a-lseekr.o)
                0x000850b4                _lseek_r
 .text._read_r  0x000850dc       0x28 c:/users/user/appdata/local/arduino15/packages/arduino/tools/arm-none-eabi-gcc/4.8.3-2014q1/bin/../lib/gcc/arm-none-eabi/4.8.3/../../../../arm-none-eabi/lib/armv7-m\libg.a(lib_a-readr.o)
                0x000850dc                _read_r
 .text          0x00085104       0x2c c:/users/user/appdata/local/arduino15/packages/arduino/tools/arm-none-eabi-gcc/4.8.3-2014q1/bin/../lib/gcc/arm-none-eabi/4.8.3/armv7-m\libgcc.a(_aeabi_uldivmod.o)
                0x00085104                __aeabi_uldivmod
 .text          0x00085130       0x60 c:/users/user/appdata/local/arduino15/packages/arduino/tools/arm-none-eabi-gcc/4.8.3-2014q1/bin/../lib/gcc/arm-none-eabi/4.8.3/armv7-m\libgcc.a(bpabi.o)
                0x00085130                __gnu_ldivmod_helper
                0x00085160                __gnu_uldivmod_helper
 .text          0x00085190        0x4 c:/users/user/appdata/local/arduino15/packages/arduino/tools/arm-none-eabi-gcc/4.8.3-2014q1/bin/../lib/gcc/arm-none-eabi/4.8.3/armv7-m\libgcc.a(_dvmd_tls.o)
                0x00085190                __aeabi_idiv0
                0x00085190                __aeabi_ldiv0
 .text          0x00085194      0x2a0 c:/users/user/appdata/local/arduino15/packages/arduino/tools/arm-none-eabi-gcc/4.8.3-2014q1/bin/../lib/gcc/arm-none-eabi/4.8.3/armv7-m\libgcc.a(_divdi3.o)
                0x00085194                __divdi3
 .text          0x00085434      0x290 c:/users/user/appdata/local/arduino15/packages/arduino/tools/arm-none-eabi-gcc/4.8.3-2014q1/bin/../lib/gcc/arm-none-eabi/4.8.3/armv7-m\libgcc.a(_udivdi3.o)
                0x00085434                __udivdi3
 *(.glue_7t)
 .glue_7t       0x00000000        0x0 linker stubs
 *(.glue_7)
 .glue_7        0x00000000        0x0 linker stubs
 *(.rodata .rodata* .gnu.linkonce.r.*)
 .rodata._ZL11pageLEDPins
                0x000856c4       0x10 C:\Users\user\AppData\Local\Temp\VMBuilds\MidiMixerMono\arduino_due_x_dbg\Release\MidiMixerMono.cpp.o
 .rodata.str1.1
                0x000856d4        0x2 C:\Users\user\AppData\Local\Temp\VMBuilds\MidiMixerMono\arduino_due_x_dbg\Release\MidiMixerMono.cpp.o
 *fill*         0x000856d6        0x2 
 .rodata.g_APinDescription
                0x000856d8      0xa2c C:\Users\user\AppData\Local\Temp\VMBuilds\MidiMixerMono\arduino_due_x_dbg\Release\variant\variant.cpp.o
                0x000856d8                g_APinDescription
 .rodata        0x00086104       0x40 C:\Users\user\AppData\Local\arduino15\packages\arduino\hardware\sam\1.6.11\variants\arduino_due_x/libsam_sam3x8e_gcc_rel.a(adc.o)
 .rodata.str1.1
                0x00086144       0x19 C:\Users\user\AppData\Local\Temp\VMBuilds\MidiMixerMono\arduino_due_x_dbg\Release/core.a(syscalls_sam3.c.o)
 .rodata.str1.1
                0x0008615d        0xf C:\Users\user\AppData\Local\Temp\VMBuilds\MidiMixerMono\arduino_due_x_dbg\Release/core.a(Print.cpp.o)
 *fill*         0x0008616c        0x4 
 .rodata._ZTV9UARTClass
                0x00086170       0x30 C:\Users\user\AppData\Local\Temp\VMBuilds\MidiMixerMono\arduino_due_x_dbg\Release/core.a(UARTClass.cpp.o)
                0x00086170                vtable for UARTClass
 .rodata._ZTV10USARTClass
                0x000861a0       0x30 C:\Users\user\AppData\Local\Temp\VMBuilds\MidiMixerMono\arduino_due_x_dbg\Release/core.a(USARTClass.cpp.o)
                0x000861a0                vtable for USARTClass
 .rodata.STRING_PRODUCT
                0x000861d0        0xc C:\Users\user\AppData\Local\Temp\VMBuilds\MidiMixerMono\arduino_due_x_dbg\Release/core.a(USBCore.cpp.o)
                0x000861d0                STRING_PRODUCT
 .rodata.USB_DeviceDescriptor
                0x000861dc       0x12 C:\Users\user\AppData\Local\Temp\VMBuilds\MidiMixerMono\arduino_due_x_dbg\Release/core.a(USBCore.cpp.o)
                0x000861dc                USB_DeviceDescriptor
 .rodata.STRING_LANGUAGE
                0x000861ee        0x4 C:\Users\user\AppData\Local\Temp\VMBuilds\MidiMixerMono\arduino_due_x_dbg\Release/core.a(USBCore.cpp.o)
                0x000861ee                STRING_LANGUAGE
 .rodata._ZL18test_packet_buffer
                0x000861f2       0x35 C:\Users\user\AppData\Local\Temp\VMBuilds\MidiMixerMono\arduino_due_x_dbg\Release/core.a(USBCore.cpp.o)
 .rodata.STRING_MANUFACTURER
                0x00086227        0xc C:\Users\user\AppData\Local\Temp\VMBuilds\MidiMixerMono\arduino_due_x_dbg\Release/core.a(USBCore.cpp.o)
                0x00086227                STRING_MANUFACTURER
 .rodata.USB_DeviceDescriptorA
                0x00086233       0x12 C:\Users\user\AppData\Local\Temp\VMBuilds\MidiMixerMono\arduino_due_x_dbg\Release/core.a(USBCore.cpp.o)
                0x00086233                USB_DeviceDescriptorA
 .rodata._ZL19USB_DeviceQualifier
                0x00086245        0x9 C:\Users\user\AppData\Local\Temp\VMBuilds\MidiMixerMono\arduino_due_x_dbg\Release/core.a(USBCore.cpp.o)
 *fill*         0x0008624e        0x2 
 .rodata._ZTV7Serial_
                0x00086250       0x28 C:\Users\user\AppData\Local\Temp\VMBuilds\MidiMixerMono\arduino_due_x_dbg\Release/core.a(CDC.cpp.o)
                0x00086250                vtable for Serial_
 .rodata._ZL18_cdcOtherInterface
                0x00086278       0x42 C:\Users\user\AppData\Local\Temp\VMBuilds\MidiMixerMono\arduino_due_x_dbg\Release/core.a(CDC.cpp.o)
 .rodata._ZL13_cdcInterface
                0x000862ba       0x42 C:\Users\user\AppData\Local\Temp\VMBuilds\MidiMixerMono\arduino_due_x_dbg\Release/core.a(CDC.cpp.o)
 .rodata.str1.4
                0x000862fc        0x2 c:/users/user/appdata/local/arduino15/packages/arduino/tools/arm-none-eabi-gcc/4.8.3-2014q1/bin/../lib/gcc/arm-none-eabi/4.8.3/../../../../arm-none-eabi/lib/armv7-m\libg.a(lib_a-impure.o)
                                  0x4 (size before relaxing)
 *fill*         0x000862fe        0x2 
 .rodata._global_impure_ptr
                0x00086300        0x4 c:/users/user/appdata/local/arduino15/packages/arduino/tools/arm-none-eabi-gcc/4.8.3-2014q1/bin/../lib/gcc/arm-none-eabi/4.8.3/../../../../arm-none-eabi/lib/armv7-m\libg.a(lib_a-impure.o)
                0x00086300                _global_impure_ptr
 .rodata.blanks.6717
                0x00086304       0x10 c:/users/user/appdata/local/arduino15/packages/arduino/tools/arm-none-eabi-gcc/4.8.3-2014q1/bin/../lib/gcc/arm-none-eabi/4.8.3/../../../../arm-none-eabi/lib/armv7-m\libg.a(lib_a-vfiprintf.o)
 .rodata.str1.4
                0x00086314       0x30 c:/users/user/appdata/local/arduino15/packages/arduino/tools/arm-none-eabi-gcc/4.8.3-2014q1/bin/../lib/gcc/arm-none-eabi/4.8.3/../../../../arm-none-eabi/lib/armv7-m\libg.a(lib_a-vfiprintf.o)
 .rodata.zeroes.6718
                0x00086344       0x10 c:/users/user/appdata/local/arduino15/packages/arduino/tools/arm-none-eabi-gcc/4.8.3-2014q1/bin/../lib/gcc/arm-none-eabi/4.8.3/../../../../arm-none-eabi/lib/armv7-m\libg.a(lib_a-vfiprintf.o)
 *(.ARM.extab* .gnu.linkonce.armextab.*)
                0x00086354                . = ALIGN (0x4)
 *(.init)
 .init          0x00086354        0x4 c:/users/user/appdata/local/arduino15/packages/arduino/tools/arm-none-eabi-gcc/4.8.3-2014q1/bin/../lib/gcc/arm-none-eabi/4.8.3/armv7-m/crti.o
                0x00086354                _init
 .init          0x00086358        0x8 c:/users/user/appdata/local/arduino15/packages/arduino/tools/arm-none-eabi-gcc/4.8.3-2014q1/bin/../lib/gcc/arm-none-eabi/4.8.3/armv7-m/crtn.o
                0x00086360                . = ALIGN (0x4)
                0x00086360                __preinit_array_start = .
 *(.preinit_array)
                0x00086360                __preinit_array_end = .
                0x00086360                . = ALIGN (0x4)
                0x00086360                __init_array_start = .
 *(SORT(.init_array.*))
 .init_array.00000
                0x00086360        0x4 c:/users/user/appdata/local/arduino15/packages/arduino/tools/arm-none-eabi-gcc/4.8.3-2014q1/bin/../lib/gcc/arm-none-eabi/4.8.3/../../../../arm-none-eabi/lib/armv7-m\libg.a(lib_a-__call_atexit.o)
 *(.init_array)
 .init_array    0x00086364        0x4 c:/users/user/appdata/local/arduino15/packages/arduino/tools/arm-none-eabi-gcc/4.8.3-2014q1/bin/../lib/gcc/arm-none-eabi/4.8.3/armv7-m/crtbegin.o
 .init_array    0x00086368        0x4 C:\Users\user\AppData\Local\Temp\VMBuilds\MidiMixerMono\arduino_due_x_dbg\Release\variant\variant.cpp.o
 .init_array    0x0008636c        0x4 C:\Users\user\AppData\Local\Temp\VMBuilds\MidiMixerMono\arduino_due_x_dbg\Release/core.a(USBCore.cpp.o)
 .init_array    0x00086370        0x4 C:\Users\user\AppData\Local\Temp\VMBuilds\MidiMixerMono\arduino_due_x_dbg\Release/core.a(CDC.cpp.o)
                0x00086374                __init_array_end = .
                0x00086374                . = ALIGN (0x4)
 *crtbegin.o(.ctors)
 *(EXCLUDE_FILE(*crtend.o) .ctors)
 *(SORT(.ctors.*))
 *crtend.o(.ctors)
                0x00086374                . = ALIGN (0x4)
 *(.fini)
 .fini          0x00086374        0x4 c:/users/user/appdata/local/arduino15/packages/arduino/tools/arm-none-eabi-gcc/4.8.3-2014q1/bin/../lib/gcc/arm-none-eabi/4.8.3/armv7-m/crti.o
                0x00086374                _fini
 .fini          0x00086378        0x8 c:/users/user/appdata/local/arduino15/packages/arduino/tools/arm-none-eabi-gcc/4.8.3-2014q1/bin/../lib/gcc/arm-none-eabi/4.8.3/armv7-m/crtn.o
                0x00086380                . = ALIGN (0x4)
                0x00086380                __fini_array_start = .
 *(.fini_array)
 .fini_array    0x00086380        0x4 c:/users/user/appdata/local/arduino15/packages/arduino/tools/arm-none-eabi-gcc/4.8.3-2014q1/bin/../lib/gcc/arm-none-eabi/4.8.3/armv7-m/crtbegin.o
 *(SORT(.fini_array.*))
                0x00086384                __fini_array_end = .
 *crtbegin.o(.dtors)
 *(EXCLUDE_FILE(*crtend.o) .dtors)
 *(SORT(.dtors.*))
 *crtend.o(.dtors)
                0x00086384                . = ALIGN (0x4)
                0x00086384                _efixed = .
                0x00086384                PROVIDE (__exidx_start, .)

.vfp11_veneer   0x00086384        0x0
 .vfp11_veneer  0x00000000        0x0 linker stubs

.v4_bx          0x00086384        0x0
 .v4_bx         0x00000000        0x0 linker stubs

.iplt           0x00086384        0x0
 .iplt          0x00000000        0x0 c:/users/user/appdata/local/arduino15/packages/arduino/tools/arm-none-eabi-gcc/4.8.3-2014q1/bin/../lib/gcc/arm-none-eabi/4.8.3/armv7-m/crtbegin.o

.ARM.exidx      0x00086384        0x8
 *(.ARM.exidx* .gnu.linkonce.armexidx.*)
 .ARM.exidx     0x00086384        0x8 c:/users/user/appdata/local/arduino15/packages/arduino/tools/arm-none-eabi-gcc/4.8.3-2014q1/bin/../lib/gcc/arm-none-eabi/4.8.3/armv7-m\libgcc.a(_divdi3.o)
 .ARM.exidx     0x0008638c        0x0 c:/users/user/appdata/local/arduino15/packages/arduino/tools/arm-none-eabi-gcc/4.8.3-2014q1/bin/../lib/gcc/arm-none-eabi/4.8.3/armv7-m\libgcc.a(_udivdi3.o)
                                  0x8 (size before relaxing)
                0x0008638c                PROVIDE (__exidx_end, .)

.eh_frame       0x0008638c        0x0
 .eh_frame      0x0008638c        0x0 c:/users/user/appdata/local/arduino15/packages/arduino/tools/arm-none-eabi-gcc/4.8.3-2014q1/bin/../lib/gcc/arm-none-eabi/4.8.3/armv7-m/crtbegin.o

.rel.dyn        0x0008638c        0x0
 .rel.iplt      0x00000000        0x0 c:/users/user/appdata/local/arduino15/packages/arduino/tools/arm-none-eabi-gcc/4.8.3-2014q1/bin/../lib/gcc/arm-none-eabi/4.8.3/armv7-m/crtbegin.o

.jcr            0x0008638c        0x0
 .jcr           0x0008638c        0x0 c:/users/user/appdata/local/arduino15/packages/arduino/tools/arm-none-eabi-gcc/4.8.3-2014q1/bin/../lib/gcc/arm-none-eabi/4.8.3/armv7-m/crtbegin.o

.igot.plt       0x0008638c        0x0
 .igot.plt      0x00000000        0x0 c:/users/user/appdata/local/arduino15/packages/arduino/tools/arm-none-eabi-gcc/4.8.3-2014q1/bin/../lib/gcc/arm-none-eabi/4.8.3/armv7-m/crtbegin.o
                0x0008638c                . = ALIGN (0x4)
                0x0008638c                _etext = .

.relocate       0x20070000      0xc14 load address 0x0008638c
                0x20070000                . = ALIGN (0x4)
                0x20070000                _srelocate = .
 *(.ramfunc .ramfunc.*)
 .ramfunc       0x20070000       0x2c C:\Users\user\AppData\Local\Temp\VMBuilds\MidiMixerMono\arduino_due_x_dbg\Release/core.a(Reset.cpp.o)
                0x20070000                banzai
 *(.data .data.*)
 .data._ZL16page3ButtonState
                0x2007002c       0x50 C:\Users\user\AppData\Local\Temp\VMBuilds\MidiMixerMono\arduino_due_x_dbg\Release\MidiMixerMono.cpp.o
 .data._ZL17page4EncoderState
                0x2007007c       0x80 C:\Users\user\AppData\Local\Temp\VMBuilds\MidiMixerMono\arduino_due_x_dbg\Release\MidiMixerMono.cpp.o
 .data._ZL16page2ButtonState
                0x200700fc       0x50 C:\Users\user\AppData\Local\Temp\VMBuilds\MidiMixerMono\arduino_due_x_dbg\Release\MidiMixerMono.cpp.o
 .data._ZL17page1EncoderState
                0x2007014c       0x80 C:\Users\user\AppData\Local\Temp\VMBuilds\MidiMixerMono\arduino_due_x_dbg\Release\MidiMixerMono.cpp.o
 .data._ZL7curPage
                0x200701cc        0x4 C:\Users\user\AppData\Local\Temp\VMBuilds\MidiMixerMono\arduino_due_x_dbg\Release\MidiMixerMono.cpp.o
 .data._ZL17page3EncoderState
                0x200701d0       0x80 C:\Users\user\AppData\Local\Temp\VMBuilds\MidiMixerMono\arduino_due_x_dbg\Release\MidiMixerMono.cpp.o
 .data._ZL16page1ButtonState
                0x20070250       0x50 C:\Users\user\AppData\Local\Temp\VMBuilds\MidiMixerMono\arduino_due_x_dbg\Release\MidiMixerMono.cpp.o
 .data._ZL17page2EncoderState
                0x200702a0       0x80 C:\Users\user\AppData\Local\Temp\VMBuilds\MidiMixerMono\arduino_due_x_dbg\Release\MidiMixerMono.cpp.o
 .data._ZL16page4ButtonState
                0x20070320       0x50 C:\Users\user\AppData\Local\Temp\VMBuilds\MidiMixerMono\arduino_due_x_dbg\Release\MidiMixerMono.cpp.o
 .data.SystemCoreClock
                0x20070370        0x4 C:\Users\user\AppData\Local\arduino15\packages\arduino\hardware\sam\1.6.11\variants\arduino_due_x/libsam_sam3x8e_gcc_rel.a(system_sam3xa.o)
                0x20070370                SystemCoreClock
 .data._ZL5ticks
                0x20070374        0x4 C:\Users\user\AppData\Local\Temp\VMBuilds\MidiMixerMono\arduino_due_x_dbg\Release/core.a(Reset.cpp.o)
 .data.EndPoints
                0x20070378       0x28 C:\Users\user\AppData\Local\Temp\VMBuilds\MidiMixerMono\arduino_due_x_dbg\Release/core.a(USBCore.cpp.o)
                0x20070378                EndPoints
 .data._ZL10breakValue
                0x200703a0        0x4 C:\Users\user\AppData\Local\Temp\VMBuilds\MidiMixerMono\arduino_due_x_dbg\Release/core.a(CDC.cpp.o)
 .data._ZL12_usbLineInfo
                0x200703a4        0x8 C:\Users\user\AppData\Local\Temp\VMBuilds\MidiMixerMono\arduino_due_x_dbg\Release/core.a(CDC.cpp.o)
 .data.g_interrupt_enabled
                0x200703ac        0x4 C:\Users\user\AppData\Local\arduino15\packages\arduino\hardware\sam\1.6.11\variants\arduino_due_x/libsam_sam3x8e_gcc_rel.a(interrupt_sam_nvic.o)
                0x200703ac                g_interrupt_enabled
 .data.impure_data
                0x200703b0      0x428 c:/users/user/appdata/local/arduino15/packages/arduino/tools/arm-none-eabi-gcc/4.8.3-2014q1/bin/../lib/gcc/arm-none-eabi/4.8.3/../../../../arm-none-eabi/lib/armv7-m\libg.a(lib_a-impure.o)
 .data._impure_ptr
                0x200707d8        0x4 c:/users/user/appdata/local/arduino15/packages/arduino/tools/arm-none-eabi-gcc/4.8.3-2014q1/bin/../lib/gcc/arm-none-eabi/4.8.3/../../../../arm-none-eabi/lib/armv7-m\libg.a(lib_a-impure.o)
                0x200707d8                _impure_ptr
 .data.__malloc_av_
                0x200707dc      0x408 c:/users/user/appdata/local/arduino15/packages/arduino/tools/arm-none-eabi-gcc/4.8.3-2014q1/bin/../lib/gcc/arm-none-eabi/4.8.3/../../../../arm-none-eabi/lib/armv7-m\libg.a(lib_a-mallocr.o)
                0x200707dc                __malloc_av_
 .data.__malloc_trim_threshold
                0x20070be4        0x4 c:/users/user/appdata/local/arduino15/packages/arduino/tools/arm-none-eabi-gcc/4.8.3-2014q1/bin/../lib/gcc/arm-none-eabi/4.8.3/../../../../arm-none-eabi/lib/armv7-m\libg.a(lib_a-mallocr.o)
                0x20070be4                __malloc_trim_threshold
 .data.__malloc_sbrk_base
                0x20070be8        0x4 c:/users/user/appdata/local/arduino15/packages/arduino/tools/arm-none-eabi-gcc/4.8.3-2014q1/bin/../lib/gcc/arm-none-eabi/4.8.3/../../../../arm-none-eabi/lib/armv7-m\libg.a(lib_a-mallocr.o)
                0x20070be8                __malloc_sbrk_base
 .data.lc_ctype_charset
                0x20070bec       0x20 c:/users/user/appdata/local/arduino15/packages/arduino/tools/arm-none-eabi-gcc/4.8.3-2014q1/bin/../lib/gcc/arm-none-eabi/4.8.3/../../../../arm-none-eabi/lib/armv7-m\libg.a(lib_a-locale.o)
 .data.__mb_cur_max
                0x20070c0c        0x4 c:/users/user/appdata/local/arduino15/packages/arduino/tools/arm-none-eabi-gcc/4.8.3-2014q1/bin/../lib/gcc/arm-none-eabi/4.8.3/../../../../arm-none-eabi/lib/armv7-m\libg.a(lib_a-locale.o)
                0x20070c0c                __mb_cur_max
 .data.__wctomb
                0x20070c10        0x4 c:/users/user/appdata/local/arduino15/packages/arduino/tools/arm-none-eabi-gcc/4.8.3-2014q1/bin/../lib/gcc/arm-none-eabi/4.8.3/../../../../arm-none-eabi/lib/armv7-m\libg.a(lib_a-wctomb_r.o)
                0x20070c10                __wctomb
                0x20070c14                . = ALIGN (0x4)
                0x20070c14                _erelocate = .

.bss            0x20070c14      0xa70 load address 0x00086fa0
                0x20070c14                . = ALIGN (0x4)
                0x20070c14                _sbss = .
                0x20070c14                _szero = .
 *(.bss .bss.*)
 .bss           0x20070c14       0x1c c:/users/user/appdata/local/arduino15/packages/arduino/tools/arm-none-eabi-gcc/4.8.3-2014q1/bin/../lib/gcc/arm-none-eabi/4.8.3/armv7-m/crtbegin.o
 .bss._ZL7curData
                0x20070c30        0x4 C:\Users\user\AppData\Local\Temp\VMBuilds\MidiMixerMono\arduino_due_x_dbg\Release\MidiMixerMono.cpp.o
 .bss._ZL5shift
                0x20070c34        0x1 C:\Users\user\AppData\Local\Temp\VMBuilds\MidiMixerMono\arduino_due_x_dbg\Release\MidiMixerMono.cpp.o
 *fill*         0x20070c35        0x3 
 .bss._ZZ17buttonUpdateStatePViE4data
                0x20070c38       0x14 C:\Users\user\AppData\Local\Temp\VMBuilds\MidiMixerMono\arduino_due_x_dbg\Release\MidiMixerMono.cpp.o
 .bss._ZL14curPageEncoder
                0x20070c4c        0x4 C:\Users\user\AppData\Local\Temp\VMBuilds\MidiMixerMono\arduino_due_x_dbg\Release\MidiMixerMono.cpp.o
 .bss._ZZ22rotaryValueUpdateStatePViE4data
                0x20070c50       0x20 C:\Users\user\AppData\Local\Temp\VMBuilds\MidiMixerMono\arduino_due_x_dbg\Release\MidiMixerMono.cpp.o
 .bss._ZL13curPageButton
                0x20070c70        0x4 C:\Users\user\AppData\Local\Temp\VMBuilds\MidiMixerMono\arduino_due_x_dbg\Release\MidiMixerMono.cpp.o
 .bss.tx_buffer2
                0x20070c74       0x88 C:\Users\user\AppData\Local\Temp\VMBuilds\MidiMixerMono\arduino_due_x_dbg\Release\variant\variant.cpp.o
                0x20070c74                tx_buffer2
 .bss.tx_buffer1
                0x20070cfc       0x88 C:\Users\user\AppData\Local\Temp\VMBuilds\MidiMixerMono\arduino_due_x_dbg\Release\variant\variant.cpp.o
                0x20070cfc                tx_buffer1
 .bss.Serial    0x20070d84       0x24 C:\Users\user\AppData\Local\Temp\VMBuilds\MidiMixerMono\arduino_due_x_dbg\Release\variant\variant.cpp.o
                0x20070d84                Serial
 .bss.rx_buffer1
                0x20070da8       0x88 C:\Users\user\AppData\Local\Temp\VMBuilds\MidiMixerMono\arduino_due_x_dbg\Release\variant\variant.cpp.o
                0x20070da8                rx_buffer1
 .bss.Serial1   0x20070e30       0x28 C:\Users\user\AppData\Local\Temp\VMBuilds\MidiMixerMono\arduino_due_x_dbg\Release\variant\variant.cpp.o
                0x20070e30                Serial1
 .bss.Serial2   0x20070e58       0x28 C:\Users\user\AppData\Local\Temp\VMBuilds\MidiMixerMono\arduino_due_x_dbg\Release\variant\variant.cpp.o
                0x20070e58                Serial2
 .bss.Serial3   0x20070e80       0x28 C:\Users\user\AppData\Local\Temp\VMBuilds\MidiMixerMono\arduino_due_x_dbg\Release\variant\variant.cpp.o
                0x20070e80                Serial3
 .bss.tx_buffer3
                0x20070ea8       0x88 C:\Users\user\AppData\Local\Temp\VMBuilds\MidiMixerMono\arduino_due_x_dbg\Release\variant\variant.cpp.o
                0x20070ea8                tx_buffer3
 .bss.tx_buffer4
                0x20070f30       0x88 C:\Users\user\AppData\Local\Temp\VMBuilds\MidiMixerMono\arduino_due_x_dbg\Release\variant\variant.cpp.o
                0x20070f30                tx_buffer4
 .bss.g_pinStatus
                0x20070fb8       0x4f C:\Users\user\AppData\Local\Temp\VMBuilds\MidiMixerMono\arduino_due_x_dbg\Release\variant\variant.cpp.o
                0x20070fb8                g_pinStatus
 *fill*         0x20071007        0x1 
 .bss.rx_buffer2
                0x20071008       0x88 C:\Users\user\AppData\Local\Temp\VMBuilds\MidiMixerMono\arduino_due_x_dbg\Release\variant\variant.cpp.o
                0x20071008                rx_buffer2
 .bss.rx_buffer3
                0x20071090       0x88 C:\Users\user\AppData\Local\Temp\VMBuilds\MidiMixerMono\arduino_due_x_dbg\Release\variant\variant.cpp.o
                0x20071090                rx_buffer3
 .bss.rx_buffer4
                0x20071118       0x88 C:\Users\user\AppData\Local\Temp\VMBuilds\MidiMixerMono\arduino_due_x_dbg\Release\variant\variant.cpp.o
                0x20071118                rx_buffer4
 .bss.gpf_isr   0x200711a0        0x4 C:\Users\user\AppData\Local\arduino15\packages\arduino\hardware\sam\1.6.11\variants\arduino_due_x/libsam_sam3x8e_gcc_rel.a(uotghs.o)
                0x200711a0                gpf_isr
 .bss.heap.6420
                0x200711a4        0x4 C:\Users\user\AppData\Local\Temp\VMBuilds\MidiMixerMono\arduino_due_x_dbg\Release/core.a(syscalls_sam3.c.o)
 .bss.enabled.9380
                0x200711a8        0x4 C:\Users\user\AppData\Local\Temp\VMBuilds\MidiMixerMono\arduino_due_x_dbg\Release/core.a(WInterrupts.c.o)
 .bss.callbacksPioA
                0x200711ac       0x80 C:\Users\user\AppData\Local\Temp\VMBuilds\MidiMixerMono\arduino_due_x_dbg\Release/core.a(WInterrupts.c.o)
 .bss.callbacksPioB
                0x2007122c       0x80 C:\Users\user\AppData\Local\Temp\VMBuilds\MidiMixerMono\arduino_due_x_dbg\Release/core.a(WInterrupts.c.o)
 .bss.callbacksPioC
                0x200712ac       0x80 C:\Users\user\AppData\Local\Temp\VMBuilds\MidiMixerMono\arduino_due_x_dbg\Release/core.a(WInterrupts.c.o)
 .bss.callbacksPioD
                0x2007132c       0x80 C:\Users\user\AppData\Local\Temp\VMBuilds\MidiMixerMono\arduino_due_x_dbg\Release/core.a(WInterrupts.c.o)
 .bss._cmark    0x200713ac        0x2 C:\Users\user\AppData\Local\Temp\VMBuilds\MidiMixerMono\arduino_due_x_dbg\Release/core.a(USBCore.cpp.o)
                0x200713ac                _cmark
 .bss._ZL14isEndpointHalt
                0x200713ae        0x1 C:\Users\user\AppData\Local\Temp\VMBuilds\MidiMixerMono\arduino_due_x_dbg\Release/core.a(USBCore.cpp.o)
 *fill*         0x200713af        0x1 
 .bss._cdcComposite
                0x200713b0        0x4 C:\Users\user\AppData\Local\Temp\VMBuilds\MidiMixerMono\arduino_due_x_dbg\Release/core.a(USBCore.cpp.o)
                0x200713b0                _cdcComposite
 .bss._ZL21isRemoteWakeUpEnabled
                0x200713b4        0x1 C:\Users\user\AppData\Local\Temp\VMBuilds\MidiMixerMono\arduino_due_x_dbg\Release/core.a(USBCore.cpp.o)
 *fill*         0x200713b5        0x3 
 .bss._usbInitialized
                0x200713b8        0x4 C:\Users\user\AppData\Local\Temp\VMBuilds\MidiMixerMono\arduino_due_x_dbg\Release/core.a(USBCore.cpp.o)
                0x200713b8                _usbInitialized
 .bss.USBDevice
                0x200713bc        0x1 C:\Users\user\AppData\Local\Temp\VMBuilds\MidiMixerMono\arduino_due_x_dbg\Release/core.a(USBCore.cpp.o)
                0x200713bc                USBDevice
 *fill*         0x200713bd        0x3 
 .bss._usbSetInterface
                0x200713c0        0x4 C:\Users\user\AppData\Local\Temp\VMBuilds\MidiMixerMono\arduino_due_x_dbg\Release/core.a(USBCore.cpp.o)
                0x200713c0                _usbSetInterface
 .bss._cend     0x200713c4        0x2 C:\Users\user\AppData\Local\Temp\VMBuilds\MidiMixerMono\arduino_due_x_dbg\Release/core.a(USBCore.cpp.o)
                0x200713c4                _cend
 *fill*         0x200713c6        0x2 
 .bss._usbConfiguration
                0x200713c8        0x4 C:\Users\user\AppData\Local\Temp\VMBuilds\MidiMixerMono\arduino_due_x_dbg\Release/core.a(USBCore.cpp.o)
                0x200713c8                _usbConfiguration
 .bss.cdc_rx_buffer
                0x200713cc      0x208 C:\Users\user\AppData\Local\Temp\VMBuilds\MidiMixerMono\arduino_due_x_dbg\Release/core.a(CDC.cpp.o)
                0x200713cc                cdc_rx_buffer
 .bss._ZZN7Serial_6acceptEvE5guard
                0x200715d4        0x4 C:\Users\user\AppData\Local\Temp\VMBuilds\MidiMixerMono\arduino_due_x_dbg\Release/core.a(CDC.cpp.o)
 .bss.SerialUSB
                0x200715d8       0x14 C:\Users\user\AppData\Local\Temp\VMBuilds\MidiMixerMono\arduino_due_x_dbg\Release/core.a(CDC.cpp.o)
                0x200715d8                SerialUSB
 .bss._ZZ12PluggableUSBvE3obj
                0x200715ec        0x8 C:\Users\user\AppData\Local\Temp\VMBuilds\MidiMixerMono\arduino_due_x_dbg\Release/core.a(PluggableUSB.cpp.o)
 .bss._ZGVZ12PluggableUSBvE3obj
                0x200715f4        0x4 C:\Users\user\AppData\Local\Temp\VMBuilds\MidiMixerMono\arduino_due_x_dbg\Release/core.a(PluggableUSB.cpp.o)
 .bss._dwTickCount
                0x200715f8        0x4 C:\Users\user\AppData\Local\arduino15\packages\arduino\hardware\sam\1.6.11\variants\arduino_due_x/libsam_sam3x8e_gcc_rel.a(timetick.o)
 .bss.ul_recv_fifo_ptr
                0x200715fc       0x28 C:\Users\user\AppData\Local\arduino15\packages\arduino\hardware\sam\1.6.11\variants\arduino_due_x/libsam_sam3x8e_gcc_rel.a(uotghs_device.o)
 .bss.ul_send_fifo_ptr
                0x20071624       0x28 C:\Users\user\AppData\Local\arduino15\packages\arduino\hardware\sam\1.6.11\variants\arduino_due_x/libsam_sam3x8e_gcc_rel.a(uotghs_device.o)
 .bss.__malloc_max_total_mem
                0x2007164c        0x4 c:/users/user/appdata/local/arduino15/packages/arduino/tools/arm-none-eabi-gcc/4.8.3-2014q1/bin/../lib/gcc/arm-none-eabi/4.8.3/../../../../arm-none-eabi/lib/armv7-m\libg.a(lib_a-mallocr.o)
                0x2007164c                __malloc_max_total_mem
 .bss.__malloc_max_sbrked_mem
                0x20071650        0x4 c:/users/user/appdata/local/arduino15/packages/arduino/tools/arm-none-eabi-gcc/4.8.3-2014q1/bin/../lib/gcc/arm-none-eabi/4.8.3/../../../../arm-none-eabi/lib/armv7-m\libg.a(lib_a-mallocr.o)
                0x20071650                __malloc_max_sbrked_mem
 .bss.__malloc_top_pad
                0x20071654        0x4 c:/users/user/appdata/local/arduino15/packages/arduino/tools/arm-none-eabi-gcc/4.8.3-2014q1/bin/../lib/gcc/arm-none-eabi/4.8.3/../../../../arm-none-eabi/lib/armv7-m\libg.a(lib_a-mallocr.o)
                0x20071654                __malloc_top_pad
 .bss.__malloc_current_mallinfo
                0x20071658       0x28 c:/users/user/appdata/local/arduino15/packages/arduino/tools/arm-none-eabi-gcc/4.8.3-2014q1/bin/../lib/gcc/arm-none-eabi/4.8.3/../../../../arm-none-eabi/lib/armv7-m\libg.a(lib_a-mallocr.o)
                0x20071658                __malloc_current_mallinfo
 *(COMMON)
 COMMON         0x20071680        0x4 c:/users/user/appdata/local/arduino15/packages/arduino/tools/arm-none-eabi-gcc/4.8.3-2014q1/bin/../lib/gcc/arm-none-eabi/4.8.3/../../../../arm-none-eabi/lib/armv7-m\libg.a(lib_a-reent.o)
                0x20071680                errno
                0x20071684                . = ALIGN (0x4)
                0x20071684                _ebss = .
                0x20071684                _ezero = .
                0x20071684                . = ALIGN (0x4)
                0x20071684                _end = .

.stack_dummy    0x20071684        0x0
 *(.stack*)
                0x20088000                __StackTop = (ORIGIN (ram) + 0x18000)
                0x20088000                __StackLimit = (__StackTop - SIZEOF (.stack_dummy))
                0x20088000                PROVIDE (_sstack, __StackLimit)
                0x20088000                PROVIDE (_estack, __StackTop)
OUTPUT(C:\Users\user\AppData\Local\Temp\VMBuilds\MidiMixerMono\arduino_due_x_dbg\Release/MidiMixerMono.ino.elf elf32-littlearm)

.ARM.attributes
                0x00000000       0x29
 .ARM.attributes
                0x00000000       0x1d c:/users/user/appdata/local/arduino15/packages/arduino/tools/arm-none-eabi-gcc/4.8.3-2014q1/bin/../lib/gcc/arm-none-eabi/4.8.3/armv7-m/crti.o
 .ARM.attributes
                0x0000001d       0x2d c:/users/user/appdata/local/arduino15/packages/arduino/tools/arm-none-eabi-gcc/4.8.3-2014q1/bin/../lib/gcc/arm-none-eabi/4.8.3/armv7-m/crtbegin.o
 .ARM.attributes
                0x0000004a       0x33 C:\Users\user\AppData\Local\Temp\VMBuilds\MidiMixerMono\arduino_due_x_dbg\Release\MidiMixerMono.cpp.o
 .ARM.attributes
                0x0000007d       0x33 C:\Users\user\AppData\Local\Temp\VMBuilds\MidiMixerMono\arduino_due_x_dbg\Release\variant\variant.cpp.o
 .ARM.attributes
                0x000000b0       0x33 C:\Users\user\AppData\Local\arduino15\packages\arduino\hardware\sam\1.6.11\variants\arduino_due_x/libsam_sam3x8e_gcc_rel.a(pio.o)
 .ARM.attributes
                0x000000e3       0x33 C:\Users\user\AppData\Local\arduino15\packages\arduino\hardware\sam\1.6.11\variants\arduino_due_x/libsam_sam3x8e_gcc_rel.a(pmc.o)
 .ARM.attributes
                0x00000116       0x33 C:\Users\user\AppData\Local\arduino15\packages\arduino\hardware\sam\1.6.11\variants\arduino_due_x/libsam_sam3x8e_gcc_rel.a(system_sam3xa.o)
 .ARM.attributes
                0x00000149       0x33 C:\Users\user\AppData\Local\arduino15\packages\arduino\hardware\sam\1.6.11\variants\arduino_due_x/libsam_sam3x8e_gcc_rel.a(startup_sam3xa.o)
 .ARM.attributes
                0x0000017c       0x33 C:\Users\user\AppData\Local\arduino15\packages\arduino\hardware\sam\1.6.11\variants\arduino_due_x/libsam_sam3x8e_gcc_rel.a(adc.o)
 .ARM.attributes
                0x000001af       0x33 C:\Users\user\AppData\Local\arduino15\packages\arduino\hardware\sam\1.6.11\variants\arduino_due_x/libsam_sam3x8e_gcc_rel.a(uotghs.o)
 .ARM.attributes
                0x000001e2       0x33 C:\Users\user\AppData\Local\Temp\VMBuilds\MidiMixerMono\arduino_due_x_dbg\Release/core.a(cortex_handlers.c.o)
 .ARM.attributes
                0x00000215       0x33 C:\Users\user\AppData\Local\Temp\VMBuilds\MidiMixerMono\arduino_due_x_dbg\Release/core.a(hooks.c.o)
 .ARM.attributes
                0x00000248       0x33 C:\Users\user\AppData\Local\Temp\VMBuilds\MidiMixerMono\arduino_due_x_dbg\Release/core.a(syscalls_sam3.c.o)
 .ARM.attributes
                0x0000027b       0x33 C:\Users\user\AppData\Local\Temp\VMBuilds\MidiMixerMono\arduino_due_x_dbg\Release/core.a(WInterrupts.c.o)
 .ARM.attributes
                0x000002ae       0x33 C:\Users\user\AppData\Local\Temp\VMBuilds\MidiMixerMono\arduino_due_x_dbg\Release/core.a(wiring.c.o)
 .ARM.attributes